2025-06-25 18:31:20,603 [INFO] Activator:176 - 


2025-06-25 18:31:20,605 [INFO] Activator:177 - !SESSION log4j initialized
2025-06-25 18:31:23,369 [INFO] LogOutputStream:77 - [STDOUT_REDIRECT] 
2025-06-25 18:31:23,669 [INFO] ApplicationProperties:184 - Using Application install path: /home/vakhaib/st/stm32cubeide_1.17.0/plugins/com.st.stm32cube.common.mx_6.14.0.202502271554
2025-06-25 18:31:23,684 [INFO] DbMcusXml:78 - Set database path to: /home/vakhaib/st/stm32cubeide_1.17.0/plugins/com.st.stm32cube.common.mx_6.14.0.202502271554//db//mcu/
2025-06-25 18:31:23,685 [INFO] ApiDb:274 - Set plugin database path to: /home/vakhaib/st/stm32cubeide_1.17.0/plugins/com.st.stm32cube.common.mx_6.14.0.202502271554//db//plugins/boardmanager/
2025-06-25 18:31:23,685 [WARN] ApiDb:259 - Overriding images path with different value:  => /home/vakhaib/st/stm32cubeide_1.17.0/plugins/com.st.stm32cube.common.mx_6.14.0.202502271554//db//plugins/mcufinder/images/
2025-06-25 18:31:23,688 [INFO] ApiDb:250 - Set database path to: /home/vakhaib/.stmcufinder/plugins/mcufinder//mcu/
2025-06-25 18:31:23,689 [INFO] DbMcusAds:125 - Set database path to: /home/vakhaib/.stmcufinder/plugins/mcufinder//mcu/
2025-06-25 18:31:23,690 [INFO] CrossReferenceDbSqlite:203 - Set database path to: /home/vakhaib/.stmcufinder/plugins/mcufinder//mcu/cs/
2025-06-25 18:31:23,773 [INFO] RulesReader:64 - Compatibility file has been processed (301 Rules)
2025-06-25 18:31:23,823 [INFO] DbMcusXml:78 - Set database path to: /home/vakhaib/st/stm32cubeide_1.17.0/plugins/com.st.stm32cube.common.mx_6.14.0.202502271554//db//mcu/
2025-06-25 18:31:23,824 [INFO] ApiDb:274 - Set plugin database path to: /home/vakhaib/st/stm32cubeide_1.17.0/plugins/com.st.stm32cube.common.mx_6.14.0.202502271554//db//plugins/boardmanager/
2025-06-25 18:31:23,824 [INFO] ApiDb:261 - Set plugin images path to: /home/vakhaib/st/stm32cubeide_1.17.0/plugins/com.st.stm32cube.common.mx_6.14.0.202502271554//db//plugins/mcufinder/images/
2025-06-25 18:31:23,824 [WARN] DbFile:41 - Overriding database path with different value: /home/vakhaib/.stmcufinder/plugins/mcufinder/ => /home/vakhaib/.stmcufinder/plugins/mcufinder
2025-06-25 18:31:23,824 [INFO] ApiDb:250 - Set database path to: /home/vakhaib/.stmcufinder/plugins/mcufinder//mcu/
2025-06-25 18:31:23,824 [WARN] DbFile:41 - Overriding database path with different value: /home/vakhaib/.stmcufinder/plugins/mcufinder/ => /home/vakhaib/.stmcufinder/plugins/mcufinder
2025-06-25 18:31:23,824 [INFO] DbMcusAds:125 - Set database path to: /home/vakhaib/.stmcufinder/plugins/mcufinder//mcu/
2025-06-25 18:31:23,824 [WARN] DbFile:41 - Overriding database path with different value: /home/vakhaib/.stmcufinder/plugins/mcufinder/ => /home/vakhaib/.stmcufinder/plugins/mcufinder
2025-06-25 18:31:23,824 [WARN] DbFile:41 - Overriding database path with different value: /home/vakhaib/.stmcufinder/plugins/mcufinder/ => /home/vakhaib/.stmcufinder/plugins/mcufinder
2025-06-25 18:31:23,824 [INFO] CrossReferenceDbSqlite:203 - Set database path to: /home/vakhaib/.stmcufinder/plugins/mcufinder//mcu/cs/
2025-06-25 18:31:23,862 [INFO] MainPanel:272 - HeapMemory: 268435456
2025-06-25 18:31:23,977 [INFO] DbMcusXml:78 - Set database path to: /home/vakhaib/st/stm32cubeide_1.17.0/plugins/com.st.stm32cube.common.mx_6.14.0.202502271554//db//mcu/
2025-06-25 18:31:23,977 [INFO] ApiDb:274 - Set plugin database path to: /home/vakhaib/st/stm32cubeide_1.17.0/plugins/com.st.stm32cube.common.mx_6.14.0.202502271554//db//plugins/boardmanager/
2025-06-25 18:31:23,977 [INFO] ApiDb:261 - Set plugin images path to: /home/vakhaib/st/stm32cubeide_1.17.0/plugins/com.st.stm32cube.common.mx_6.14.0.202502271554//db//plugins/mcufinder/images/
2025-06-25 18:31:23,977 [WARN] DbFile:41 - Overriding database path with different value: /home/vakhaib/.stmcufinder/plugins/mcufinder/ => /home/vakhaib/.stmcufinder/plugins/mcufinder
2025-06-25 18:31:23,977 [INFO] ApiDb:250 - Set database path to: /home/vakhaib/.stmcufinder/plugins/mcufinder//mcu/
2025-06-25 18:31:23,978 [WARN] DbFile:41 - Overriding database path with different value: /home/vakhaib/.stmcufinder/plugins/mcufinder/ => /home/vakhaib/.stmcufinder/plugins/mcufinder
2025-06-25 18:31:23,978 [INFO] DbMcusAds:125 - Set database path to: /home/vakhaib/.stmcufinder/plugins/mcufinder//mcu/
2025-06-25 18:31:23,978 [WARN] DbFile:41 - Overriding database path with different value: /home/vakhaib/.stmcufinder/plugins/mcufinder/ => /home/vakhaib/.stmcufinder/plugins/mcufinder
2025-06-25 18:31:23,978 [WARN] DbFile:41 - Overriding database path with different value: /home/vakhaib/.stmcufinder/plugins/mcufinder/ => /home/vakhaib/.stmcufinder/plugins/mcufinder
2025-06-25 18:31:23,978 [INFO] CrossReferenceDbSqlite:203 - Set database path to: /home/vakhaib/.stmcufinder/plugins/mcufinder//mcu/cs/
2025-06-25 18:31:23,987 [INFO] ApplicationProperties:184 - Using Application install path: /home/vakhaib/st/stm32cubeide_1.17.0/plugins/com.st.stm32cube.common.mx_6.14.0.202502271554
2025-06-25 18:31:23,988 [INFO] PluginManage:196 - Search for loadable plugins [exclusion list=, ]
2025-06-25 18:31:23,989 [INFO] PluginManage:310 - Check plugin analytics
2025-06-25 18:31:24,060 [INFO] AnalyticsPlugin:253 - Accepted Software Licenses: 
2025-06-25 18:31:24,061 [INFO] AnalyticsPlugin:255 - Accepted CMSIS Pack Licenses: STMicroelectronics.X-CUBE-NFC6.3.1.0
2025-06-25 18:31:24,061 [INFO] AnalyticsPlugin:257 - Accepted Firmware Licenses: FW.G0.1.6.0
2025-06-25 18:31:24,062 [INFO] PluginManage:359 - Loaded plugin analytics (category:tool,tabindex:-1)
2025-06-25 18:31:24,062 [INFO] PluginManage:310 - Check plugin cadmodel
2025-06-25 18:31:24,065 [INFO] CADModel:105 - Init CAD model plugin
2025-06-25 18:31:24,065 [INFO] PluginManage:359 - Loaded plugin cadmodel (category:power,tabindex:5)
2025-06-25 18:31:24,065 [INFO] PluginManage:310 - Check plugin clock
2025-06-25 18:31:24,070 [INFO] PluginManage:359 - Loaded plugin clock (category:base,tabindex:2)
2025-06-25 18:31:24,070 [INFO] PluginManage:310 - Check plugin ddr
2025-06-25 18:31:24,071 [INFO] PluginManage:359 - Loaded plugin ddr (category:tool,tabindex:6)
2025-06-25 18:31:24,071 [INFO] PluginManage:310 - Check plugin filemanager
2025-06-25 18:31:24,152 [INFO] PluginManage:359 - Loaded plugin filemanager (category:base,tabindex:10)
2025-06-25 18:31:24,152 [INFO] PluginManage:310 - Check plugin ipmanager
2025-06-25 18:31:24,155 [INFO] PluginManage:359 - Loaded plugin ipmanager (category:base,tabindex:5)
2025-06-25 18:31:24,155 [INFO] PluginManage:310 - Check plugin lpbam
2025-06-25 18:31:24,160 [INFO] PluginManage:359 - Loaded plugin lpbam (category:base,tabindex:0)
2025-06-25 18:31:24,160 [INFO] PluginManage:310 - Check plugin memorymap
2025-06-25 18:31:24,166 [INFO] PluginManage:359 - Loaded plugin memorymap (category:base,tabindex:4)
2025-06-25 18:31:24,166 [INFO] PluginManage:310 - Check plugin pinoutandconfiguration
2025-06-25 18:31:24,170 [INFO] PluginManage:359 - Loaded plugin pinoutandconfiguration (category:base,tabindex:1)
2025-06-25 18:31:24,170 [INFO] PluginManage:310 - Check plugin pinoutconfig
2025-06-25 18:31:24,216 [WARN] SupportedApi:132 - Cannot load RTOS API schema: s4s-elt-must-match.1: The content of 'definitions' must match (annotation?, (simpleType | complexType)?, (unique | key | keyref)*)). A problem was found starting at: attribute.
2025-06-25 18:31:24,288 [INFO] PluginManage:359 - Loaded plugin pinoutconfig (category:base,tabindex:0)
2025-06-25 18:31:24,288 [INFO] PluginManage:310 - Check plugin power
2025-06-25 18:31:24,294 [INFO] PluginManage:359 - Loaded plugin power (category:power,tabindex:4)
2025-06-25 18:31:24,294 [INFO] PluginManage:310 - Check plugin projectmanager
2025-06-25 18:31:24,304 [INFO] PluginManage:359 - Loaded plugin projectmanager (category:projectmanager,tabindex:4)
2025-06-25 18:31:24,304 [INFO] PluginManage:310 - Check plugin rif
2025-06-25 18:31:24,309 [INFO] PluginManage:359 - Loaded plugin rif (category:base,tabindex:3)
2025-06-25 18:31:24,309 [INFO] PluginManage:310 - Check plugin thirdparty
2025-06-25 18:31:24,372 [INFO] PluginManage:359 - Loaded plugin thirdparty (category:base,tabindex:-1)
2025-06-25 18:31:24,372 [WARN] IntegrityCheckThread:84 - waiting for thirdparty lock release [integrity check]
2025-06-25 18:31:24,372 [INFO] PluginManage:310 - Check plugin tools
2025-06-25 18:31:24,372 [INFO] IntegrityCheckThread:86 - entering critical section [integrity check]
2025-06-25 18:31:24,373 [INFO] ThirdPartyUpdaterWithRetryManager:70 - Updater plugin not ready yet. [1/15]
2025-06-25 18:31:24,373 [INFO] PluginManage:359 - Loaded plugin tools (category:base,tabindex:7)
2025-06-25 18:31:24,374 [INFO] PluginManage:310 - Check plugin tutovideos
2025-06-25 18:31:24,469 [INFO] PluginManage:359 - Loaded plugin tutovideos (category:base,tabindex:-1)
2025-06-25 18:31:24,469 [INFO] PluginManage:310 - Check plugin updater
2025-06-25 18:31:24,484 [INFO] PluginManage:359 - Loaded plugin updater (category:base,tabindex:12)
2025-06-25 18:31:24,484 [INFO] PluginManage:310 - Check plugin userauth
2025-06-25 18:31:24,491 [INFO] UserAuth:118 - Init User Auth plugin
2025-06-25 18:31:24,492 [INFO] PluginManage:359 - Loaded plugin userauth (category:base,tabindex:14)
2025-06-25 18:31:24,492 [INFO] PluginManage:283 - PluginManage : Loaded plugins [18]
2025-06-25 18:31:24,607 [INFO] PinOutPanel:1589 - setPackage(No Configuration,No Configuration)
2025-06-25 18:31:24,654 [INFO] CADModel:165 - CPN selected for project level
2025-06-25 18:31:24,654 [INFO] CADModel:114 - Register for checkConnection events
2025-06-25 18:31:24,667 [INFO] IPUIPlugin:80 - create IPUIPlugin
2025-06-25 18:31:24,667 [INFO] PluginManager:220 - loadIPPluginJar : add opamp
2025-06-25 18:31:24,668 [INFO] IPUIPlugin:80 - create IPUIPlugin
2025-06-25 18:31:24,668 [INFO] PluginManager:220 - loadIPPluginJar : add usart
2025-06-25 18:31:24,670 [INFO] IPUIPlugin:80 - create IPUIPlugin
2025-06-25 18:31:24,670 [INFO] PluginManager:220 - loadIPPluginJar : add ddr_ctrl_phy
2025-06-25 18:31:24,673 [INFO] IPUIPlugin:80 - create IPUIPlugin
2025-06-25 18:31:24,673 [INFO] PluginManager:220 - loadIPPluginJar : add mdma
2025-06-25 18:31:24,678 [INFO] IPUIPlugin:80 - create IPUIPlugin
2025-06-25 18:31:24,679 [INFO] PluginManager:220 - loadIPPluginJar : add gic
2025-06-25 18:31:24,682 [INFO] IPUIPlugin:80 - create IPUIPlugin
2025-06-25 18:31:24,683 [INFO] PluginManager:220 - loadIPPluginJar : add fmc
2025-06-25 18:31:24,685 [INFO] IPUIPlugin:80 - create IPUIPlugin
2025-06-25 18:31:24,685 [INFO] PluginManager:220 - loadIPPluginJar : add gpio
2025-06-25 18:31:24,685 [INFO] IPUIPlugin:80 - create IPUIPlugin
2025-06-25 18:31:24,685 [INFO] PluginManager:220 - loadIPPluginJar : add comp
2025-06-25 18:31:24,686 [INFO] IPUIPlugin:80 - create IPUIPlugin
2025-06-25 18:31:24,686 [INFO] PluginManager:220 - loadIPPluginJar : add tsc
2025-06-25 18:31:24,687 [INFO] IPUIPlugin:80 - create IPUIPlugin
2025-06-25 18:31:24,687 [INFO] PluginManager:220 - loadIPPluginJar : add i2c
2025-06-25 18:31:24,688 [INFO] IPUIPlugin:80 - create IPUIPlugin
2025-06-25 18:31:24,689 [INFO] PluginManager:220 - loadIPPluginJar : add gtzc
2025-06-25 18:31:24,690 [INFO] IPUIPlugin:80 - create IPUIPlugin
2025-06-25 18:31:24,690 [INFO] PluginManager:220 - loadIPPluginJar : add ucpd
2025-06-25 18:31:24,692 [INFO] IPUIPlugin:80 - create IPUIPlugin
2025-06-25 18:31:24,692 [INFO] PluginManager:220 - loadIPPluginJar : add i2s
2025-06-25 18:31:24,694 [INFO] IPUIPlugin:80 - create IPUIPlugin
2025-06-25 18:31:24,694 [INFO] PluginManager:220 - loadIPPluginJar : add dfsdm
2025-06-25 18:31:24,695 [INFO] IPUIPlugin:80 - create IPUIPlugin
2025-06-25 18:31:24,695 [INFO] PluginManager:220 - loadIPPluginJar : add can
2025-06-25 18:31:24,697 [INFO] IPUIPlugin:80 - create IPUIPlugin
2025-06-25 18:31:24,697 [INFO] PluginManager:220 - loadIPPluginJar : add hash
2025-06-25 18:31:24,699 [INFO] IPUIPlugin:80 - create IPUIPlugin
2025-06-25 18:31:24,699 [INFO] PluginManager:220 - loadIPPluginJar : add usbx
2025-06-25 18:31:24,700 [INFO] IPUIPlugin:80 - create IPUIPlugin
2025-06-25 18:31:24,701 [INFO] PluginManager:220 - loadIPPluginJar : add ipddr
2025-06-25 18:31:24,701 [INFO] IPUIPlugin:80 - create IPUIPlugin
2025-06-25 18:31:24,701 [INFO] PluginManager:220 - loadIPPluginJar : add tracer_emb
2025-06-25 18:31:24,703 [INFO] IPUIPlugin:80 - create IPUIPlugin
2025-06-25 18:31:24,703 [INFO] PluginManager:220 - loadIPPluginJar : add resmgrutility
2025-06-25 18:31:24,704 [INFO] IPUIPlugin:80 - create IPUIPlugin
2025-06-25 18:31:24,704 [INFO] PluginManager:220 - loadIPPluginJar : add pdm2pcm
2025-06-25 18:31:24,710 [INFO] IPUIPlugin:80 - create IPUIPlugin
2025-06-25 18:31:24,710 [INFO] PluginManager:220 - loadIPPluginJar : add dma
2025-06-25 18:31:24,712 [INFO] IPUIPlugin:80 - create IPUIPlugin
2025-06-25 18:31:24,712 [INFO] PluginManager:220 - loadIPPluginJar : add radio
2025-06-25 18:31:24,713 [INFO] IPUIPlugin:80 - create IPUIPlugin
2025-06-25 18:31:24,713 [INFO] PluginManager:220 - loadIPPluginJar : add genericplugin
2025-06-25 18:31:24,715 [INFO] IPUIPlugin:80 - create IPUIPlugin
2025-06-25 18:31:24,715 [INFO] PluginManager:220 - loadIPPluginJar : add gfxmmu
2025-06-25 18:31:24,717 [INFO] IPUIPlugin:80 - create IPUIPlugin
2025-06-25 18:31:24,717 [INFO] PluginManager:220 - loadIPPluginJar : add touchsensing
2025-06-25 18:31:24,718 [INFO] IPUIPlugin:80 - create IPUIPlugin
2025-06-25 18:31:24,718 [INFO] PluginManager:220 - loadIPPluginJar : add ts
2025-06-25 18:31:24,721 [INFO] IPUIPlugin:80 - create IPUIPlugin
2025-06-25 18:31:24,721 [INFO] PluginManager:220 - loadIPPluginJar : add stm32_wpan
2025-06-25 18:31:24,723 [INFO] IPUIPlugin:80 - create IPUIPlugin
2025-06-25 18:31:24,723 [INFO] PluginManager:220 - loadIPPluginJar : add nvic
2025-06-25 18:31:24,729 [INFO] IPUIPlugin:80 - create IPUIPlugin
2025-06-25 18:31:24,730 [INFO] PluginManager:220 - loadIPPluginJar : add adc
2025-06-25 18:31:24,732 [INFO] IPUIPlugin:80 - create IPUIPlugin
2025-06-25 18:31:24,732 [INFO] PluginManager:220 - loadIPPluginJar : add tim
2025-06-25 18:31:24,734 [INFO] IPUIPlugin:80 - create IPUIPlugin
2025-06-25 18:31:24,734 [INFO] PluginManager:220 - loadIPPluginJar : add extmemmanager
2025-06-25 18:31:24,735 [INFO] IPUIPlugin:80 - create IPUIPlugin
2025-06-25 18:31:24,735 [INFO] PluginManager:220 - loadIPPluginJar : add aes
2025-06-25 18:31:24,736 [INFO] IPUIPlugin:80 - create IPUIPlugin
2025-06-25 18:31:24,736 [INFO] PluginManager:220 - loadIPPluginJar : add fatfs
2025-06-25 18:31:24,736 [INFO] IPUIPlugin:80 - create IPUIPlugin
2025-06-25 18:31:24,736 [INFO] PluginManager:220 - loadIPPluginJar : add ltdc
2025-06-25 18:31:24,737 [INFO] IPUIPlugin:80 - create IPUIPlugin
2025-06-25 18:31:24,737 [INFO] PluginManager:220 - loadIPPluginJar : add lorawan
2025-06-25 18:31:24,738 [INFO] IPUIPlugin:80 - create IPUIPlugin
2025-06-25 18:31:24,738 [INFO] PluginManager:220 - loadIPPluginJar : add i3c
2025-06-25 18:31:24,742 [INFO] IPUIPlugin:80 - create IPUIPlugin
2025-06-25 18:31:24,745 [INFO] PluginManager:220 - loadIPPluginJar : add plateformsettings
2025-06-25 18:31:24,747 [INFO] IPUIPlugin:80 - create IPUIPlugin
2025-06-25 18:31:24,747 [INFO] PluginManager:220 - loadIPPluginJar : add spi
2025-06-25 18:31:24,748 [INFO] IPUIPlugin:80 - create IPUIPlugin
2025-06-25 18:31:24,748 [INFO] PluginManager:220 - loadIPPluginJar : add quadspi
2025-06-25 18:31:24,750 [INFO] IPUIPlugin:80 - create IPUIPlugin
2025-06-25 18:31:24,750 [INFO] PluginManager:220 - loadIPPluginJar : add openamp
2025-06-25 18:31:24,751 [INFO] IPUIPlugin:80 - create IPUIPlugin
2025-06-25 18:31:24,751 [INFO] PluginManager:220 - loadIPPluginJar : add sai
2025-06-25 18:31:24,754 [INFO] IPUIPlugin:80 - create IPUIPlugin
2025-06-25 18:31:24,754 [INFO] PluginManager:220 - loadIPPluginJar : add freertos
2025-06-25 18:31:24,755 [INFO] IPUIPlugin:80 - create IPUIPlugin
2025-06-25 18:31:24,755 [INFO] PluginManager:220 - loadIPPluginJar : add dma3
2025-06-25 18:31:24,759 [INFO] IPUIPlugin:80 - create IPUIPlugin
2025-06-25 18:31:24,759 [INFO] PluginManager:220 - loadIPPluginJar : add linkedlist
2025-06-25 18:31:24,760 [INFO] IPUIPlugin:80 - create IPUIPlugin
2025-06-25 18:31:24,760 [INFO] PluginManager:220 - loadIPPluginJar : add cryp
2025-06-25 18:31:24,846 [FATAL] Updater:351 - Updater called before beeing initialized
2025-06-25 18:31:24,862 [INFO] RulesReader:64 - Compatibility file has been processed (301 Rules)
2025-06-25 18:31:24,867 [INFO] RulesReader:64 - Compatibility file has been processed (301 Rules)
2025-06-25 18:31:24,871 [INFO] CADModel:165 - CPN selected for project level
2025-06-25 18:31:24,871 [INFO] CADModel:114 - Register for checkConnection events
2025-06-25 18:31:24,871 [FATAL] Updater:351 - Updater called before beeing initialized
2025-06-25 18:31:24,871 [ERROR] CADModel:125 - Updater not yet initialized, retry later 
2025-06-25 18:31:24,942 [FATAL] Updater:351 - Updater called before beeing initialized
2025-06-25 18:31:24,943 [INFO] CADModel:165 - CPN selected for project level
2025-06-25 18:31:24,943 [INFO] CADModel:114 - Register for checkConnection events
2025-06-25 18:31:24,943 [FATAL] Updater:351 - Updater called before beeing initialized
2025-06-25 18:31:24,943 [ERROR] CADModel:125 - Updater not yet initialized, retry later 
2025-06-25 18:31:24,945 [FATAL] Updater:351 - Updater called before beeing initialized
2025-06-25 18:31:24,994 [FATAL] Updater:351 - Updater called before beeing initialized
2025-06-25 18:31:24,997 [INFO] DbMcusAds:53 - JSON generation date=Thu Mar 06 15:54:21 CET 2025 (1741272861825)
2025-06-25 18:31:24,997 [FATAL] Updater:351 - Updater called before beeing initialized
2025-06-25 18:31:25,020 [WARN] DetailPanel:346 - Failed to get advertising image, set to default
2025-06-25 18:31:25,181 [FATAL] Updater:351 - Updater called before beeing initialized
2025-06-25 18:31:25,182 [FATAL] Updater:351 - Updater called before beeing initialized
2025-06-25 18:31:25,182 [FATAL] Updater:351 - Updater called before beeing initialized
2025-06-25 18:31:25,182 [WARN] DetailPanel:346 - Failed to get advertising image, set to default
2025-06-25 18:31:25,183 [FATAL] Updater:351 - Updater called before beeing initialized
2025-06-25 18:31:25,200 [ERROR] Updater:1198 - MainUpdater not yet initialized. External WinMGr cannot be set.
2025-06-25 18:31:25,201 [INFO] Updater:1134 - Updater Version found : 6.14.0
2025-06-25 18:31:25,212 [INFO] ApplicationProperties:184 - Using Application install path: /home/vakhaib/st/stm32cubeide_1.17.0/plugins/com.st.stm32cube.common.mx_6.14.0.202502271554
2025-06-25 18:31:25,405 [INFO] MainUpdater:2872 - connection check result : 10
2025-06-25 18:31:25,406 [INFO] MainUpdater:3566 - Updater definition file requires update
2025-06-25 18:31:25,406 [INFO] MainUpdater:289 - Updater Check For Update Now.
2025-06-25 18:31:25,406 [INFO] MicroXplorer:498 - Change Database Version : DB.6.0.140
2025-06-25 18:31:25,410 [INFO] McuFinderGlobals:63 - Set McuFinder mode to 2 (CubeIDE integrated)
2025-06-25 18:31:25,410 [INFO] UserAuth:486 - Internet connection configuration mode: 1
2025-06-25 18:31:25,419 [INFO] JxBrowserEngine:152 - Initiate JxBrowser Engine with user profile folder
2025-06-25 18:31:25,491 [INFO] ServerAccessManage:473 - Download File updaters.zip
2025-06-25 18:31:25,551 [INFO] FileExtend:242 - Unzip File : updaters.zip
2025-06-25 18:31:25,552 [INFO] FileExtend:257 - Standard Zip Deflate
2025-06-25 18:31:25,715 [INFO] ServerAccessManage:473 - Download File PacksControlFlags.xml
2025-06-25 18:31:25,756 [INFO] ServerAccessManage:473 - Download File cubemx.pidx
2025-06-25 18:31:25,983 [INFO] ServerAccessManage:473 - Download File STMicroelectronics.FP-SNS-STAIOTCFT.pdsc
2025-06-25 18:31:26,042 [INFO] WebApp:169 - Instantiating new browser for Auth
2025-06-25 18:31:26,124 [INFO] ServerAccessManage:473 - Download File STMicroelectronics.X-CUBE-AI.pdsc
2025-06-25 18:31:26,505 [INFO] WebApp:463 - Apply proxy settings
2025-06-25 18:31:26,505 [INFO] WebApp:548 - Chromium requires no authentication
2025-06-25 18:31:26,510 [INFO] WebApp:491 - Direct internet connection detected
2025-06-25 18:31:26,519 [INFO] WebApp:894 - Register for checkConnection events
2025-06-25 18:31:26,519 [INFO] WebApp:463 - Apply proxy settings
2025-06-25 18:31:26,519 [INFO] WebApp:548 - Chromium requires no authentication
2025-06-25 18:31:26,520 [INFO] WebApp:491 - Direct internet connection detected
2025-06-25 18:31:26,593 [INFO] WebApp:225 - Starting web application
2025-06-25 18:31:26,593 [INFO] WebApp:593 - Web application path used /home/vakhaib/st/stm32cubeide_1.17.0/plugins/com.st.stm32cube.common.mx_6.14.0.202502271554/db/plugins/mcufinder/reactClient1/index.html
2025-06-25 18:31:26,653 [INFO] UserAuth:486 - Internet connection configuration mode: 1
2025-06-25 18:31:26,735 [INFO] WebApp:191 - Connection restablished
2025-06-25 18:31:27,373 [WARN] MainUpdater:1193 - Updater busy. Cannot search thirdparties
2025-06-25 18:31:27,373 [INFO] ThirdPartyUpdaterWithRetryManager:96 - Updater plugin is busy. [1/15]
2025-06-25 18:31:27,610 [INFO] ServerAccessManage:473 - Download File STMicroelectronics.X-CUBE-FREERTOS.pdsc
2025-06-25 18:31:28,073 [INFO] ServerAccessManage:473 - Download File STMicroelectronics.X-CUBE-MEMS1.pdsc
2025-06-25 18:31:29,735 [INFO] ServerAccessManage:473 - Download File STMicroelectronics.X-CUBE-ST60.pdsc
2025-06-25 18:31:29,816 [INFO] ServerAccessManage:473 - Download File STMicroelectronics.X-CUBE-ST67W61.pdsc
2025-06-25 18:31:29,877 [INFO] ServerAccessManage:473 - Download File STMicroelectronics.X-CUBE-PM33A1.pdsc
2025-06-25 18:31:30,164 [WARN] PackLoader:240 - Cannot read IP mode file for STMicroelectronics.FP-SNS-STAIOTCFT.1.0.0
2025-06-25 18:31:30,168 [WARN] PackLoader:240 - Cannot read IP mode file for STMicroelectronics.X-CUBE-AI.10.1.0
2025-06-25 18:31:30,171 [WARN] PackLoader:240 - Cannot read IP mode file for STMicroelectronics.X-CUBE-FREERTOS.1.3.1
2025-06-25 18:31:30,213 [WARN] PackLoader:240 - Cannot read IP mode file for STMicroelectronics.X-CUBE-MEMS1.11.3.0
2025-06-25 18:31:30,278 [INFO] CheckServerUpdateThread:120 - End of CheckServer Thread
2025-06-25 18:31:30,303 [WARN] PackLoader:240 - Cannot read IP mode file for STMicroelectronics.X-CUBE-ST60.1.0.0
2025-06-25 18:31:30,306 [WARN] PackLoader:240 - Cannot read IP mode file for STMicroelectronics.X-CUBE-ST67W61.1.0.0
2025-06-25 18:31:30,308 [WARN] PackLoader:240 - Cannot read IP mode file for STMicroelectronics.X-CUBE-PM33A1.1.0.0
2025-06-25 18:31:30,309 [INFO] PopulateThirdPartyThread:66 - Ending populate Thread
2025-06-25 18:31:30,310 [INFO] ThirdParty:1030 - CMSIS Pack Vendor :STMicroelectronics X-CUBE-AI 10.1.0
2025-06-25 18:31:30,310 [INFO] ThirdParty:1030 - CMSIS Pack Vendor :STMicroelectronics X-CUBE-FREERTOS 1.3.1
2025-06-25 18:31:30,310 [INFO] ThirdParty:1030 - CMSIS Pack Vendor :STMicroelectronics X-CUBE-ST67W61 1.0.0
2025-06-25 18:31:30,310 [INFO] ThirdParty:1030 - CMSIS Pack Vendor :STMicroelectronics X-CUBE-PM33A1 1.0.0
2025-06-25 18:31:30,310 [INFO] ThirdParty:1030 - CMSIS Pack Vendor :STMicroelectronics FP-SNS-STAIOTCFT 1.0.0
2025-06-25 18:31:30,310 [INFO] ThirdParty:1030 - CMSIS Pack Vendor :STMicroelectronics X-CUBE-ST60 1.0.0
2025-06-25 18:31:30,310 [INFO] ThirdParty:1030 - CMSIS Pack Vendor :STMicroelectronics X-CUBE-MEMS1 11.3.0
2025-06-25 18:31:30,311 [INFO] LoadServerUpdatesThread:375 - End of LoadServerUpdate Thread
2025-06-25 18:31:30,447 [WARN] PackLoader:240 - Cannot read IP mode file for STMicroelectronics.FP-SNS-MOTENVWB1.1.4.0
2025-06-25 18:31:30,448 [WARN] PackLoader:240 - Cannot read IP mode file for STMicroelectronics.FP-ATR-ASTRA1.2.0.2
2025-06-25 18:31:30,449 [WARN] PackLoader:240 - Cannot read IP mode file for STMicroelectronics.FP-ATR-ASTRA1.2.0.1
2025-06-25 18:31:30,451 [WARN] PackLoader:240 - Cannot read IP mode file for STMicroelectronics.X-CUBE-SMBUS.2.1.0
2025-06-25 18:31:30,453 [WARN] PackLoader:240 - Cannot read IP mode file for STMicroelectronics.X-CUBE-WB05N.1.1.0
2025-06-25 18:31:30,455 [WARN] PackLoader:240 - Cannot read IP mode file for STMicroelectronics.X-CUBE-ST60.1.0.0
2025-06-25 18:31:30,456 [WARN] PackLoader:240 - Cannot read IP mode file for STMicroelectronics.X-CUBE-TOUCHGFX.4.23.1
2025-06-25 18:31:30,457 [WARN] PackLoader:240 - Cannot read IP mode file for STMicroelectronics.X-CUBE-TOUCHGFX.4.23.0
2025-06-25 18:31:30,459 [WARN] PackLoader:240 - Cannot read IP mode file for STMicroelectronics.X-CUBE-TOUCHGFX.4.23.2
2025-06-25 18:31:30,466 [WARN] PackLoader:240 - Cannot read IP mode file for STMicroelectronics.X-CUBE-AZRTOS-F7.1.1.0
2025-06-25 18:31:30,469 [WARN] PackLoader:240 - Cannot read IP mode file for STMicroelectronics.FP-SNS-MOTENV1.4.3.2
2025-06-25 18:31:30,491 [WARN] PackLoader:240 - Cannot read IP mode file for STMicroelectronics.X-CUBE-MEMS1.11.0.0
2025-06-25 18:31:30,546 [WARN] PackLoader:240 - Cannot read IP mode file for STMicroelectronics.FP-SNS-FLIGHT1.5.0.2
2025-06-25 18:31:30,550 [WARN] PackLoader:240 - Cannot read IP mode file for STMicroelectronics.X-CUBE-DISPLAY.3.0.0
2025-06-25 18:31:30,553 [WARN] PackLoader:240 - Cannot read IP mode file for STMicroelectronics.X-CUBE-BLE1.7.0.0
2025-06-25 18:31:30,556 [WARN] PackLoader:240 - Cannot read IP mode file for STMicroelectronics.X-CUBE-NFC10.1.0.0
2025-06-25 18:31:30,562 [WARN] PackLoader:240 - Cannot read IP mode file for STMicroelectronics.X-CUBE-BLEMGR.4.0.0
2025-06-25 18:31:30,565 [WARN] PackLoader:240 - Cannot read IP mode file for emotas.I-CUBE-CANOPEN.1.3.0
2025-06-25 18:31:30,566 [WARN] PackLoader:240 - Cannot read IP mode file for STMicroelectronics.X-CUBE-TOUCHGFX.4.22.0
2025-06-25 18:31:30,567 [WARN] PackLoader:240 - Cannot read IP mode file for STMicroelectronics.X-CUBE-TOUCHGFX.4.22.1
2025-06-25 18:31:30,572 [WARN] PackLoader:240 - Cannot read IP mode file for STMicroelectronics.X-CUBE-BLEMGR.3.1.0
2025-06-25 18:31:30,574 [WARN] PackLoader:240 - Cannot read IP mode file for STMicroelectronics.X-CUBE-AI.10.0.0
2025-06-25 18:31:30,576 [WARN] PackLoader:240 - Cannot read IP mode file for STMicroelectronics.FP-SNS-SMARTAG2.1.2.0
2025-06-25 18:31:30,578 [WARN] PackLoader:240 - Cannot read IP mode file for STMicroelectronics.FP-SNS-FLIGHT1.5.1.0
2025-06-25 18:31:30,600 [WARN] PackLoader:240 - Cannot read IP mode file for STMicroelectronics.X-CUBE-MEMS1.11.1.0
2025-06-25 18:31:30,654 [INFO] LogOutputStream:77 - [STDOUT_REDIRECT] 1 : Invalid condition id : UX_CORESTACK_Condition cause : null
2025-06-25 18:31:30,654 [INFO] LogOutputStream:77 - [STDOUT_REDIRECT] 1 : Invalid condition id : UX_CORESTACK_Condition cause : null
2025-06-25 18:31:30,655 [INFO] LogOutputStream:77 - [STDOUT_REDIRECT] 1 : Invalid condition id : UX_CORESTACK_Condition cause : null
2025-06-25 18:31:30,655 [INFO] LogOutputStream:77 - [STDOUT_REDIRECT] 1 : Invalid condition id : UX_CORESTACK_Condition cause : null
2025-06-25 18:31:30,655 [INFO] LogOutputStream:77 - [STDOUT_REDIRECT] 1 : Invalid condition id : UX_CORESTACK_Condition cause : null
2025-06-25 18:31:30,657 [WARN] PackLoader:240 - Cannot read IP mode file for STMicroelectronics.X-CUBE-AZRTOS-WL.2.0.0
2025-06-25 18:31:30,660 [WARN] PackLoader:240 - Cannot read IP mode file for STMicroelectronics.FP-SNS-MOTENV1.5.0.0
2025-06-25 18:31:30,662 [WARN] PackLoader:240 - Cannot read IP mode file for wolfSSL.I-CUBE-wolfMQTT.1.19.0
2025-06-25 18:31:30,663 [WARN] PackLoader:240 - Cannot read IP mode file for WES.I-CUBE-Cesium.1.3.0
2025-06-25 18:31:30,665 [WARN] PackLoader:240 - Cannot read IP mode file for STMicroelectronics.X-CUBE-BLE2.3.3.0
2025-06-25 18:31:30,667 [WARN] PackLoader:240 - Cannot read IP mode file for STMicroelectronics.X-CUBE-NFC9.1.0.0
2025-06-25 18:31:30,669 [WARN] PackLoader:240 - Cannot read IP mode file for STMicroelectronics.X-CUBE-BLE1.7.1.0
2025-06-25 18:31:30,670 [WARN] PackLoader:240 - Cannot read IP mode file for STMicroelectronics.X-CUBE-TCPP.4.1.0
2025-06-25 18:31:30,672 [WARN] PackLoader:240 - Cannot read IP mode file for STMicroelectronics.X-CUBE-AI.10.1.0
2025-06-25 18:31:30,673 [WARN] PackLoader:240 - Cannot read IP mode file for STMicroelectronics.X-CUBE-ALGOBUILD.1.3.0
2025-06-25 18:31:30,688 [WARN] PackLoader:240 - Cannot read IP mode file for STMicroelectronics.X-CUBE-MEMS1.11.2.0
2025-06-25 18:31:30,729 [WARN] PackLoader:240 - Cannot read IP mode file for STMicroelectronics.X-CUBE-AZRTOS-G0.1.1.0
2025-06-25 18:31:30,732 [WARN] PackLoader:240 - Cannot read IP mode file for STMicroelectronics.X-CUBE-SAFEA1.1.2.2
2025-06-25 18:31:30,734 [WARN] PackLoader:240 - Cannot read IP mode file for STMicroelectronics.X-CUBE-NFC4.3.0.0
2025-06-25 18:31:30,737 [WARN] PackLoader:240 - Cannot read IP mode file for EmbeddedOffice.I-CUBE-FS-RTOS.1.0.1
2025-06-25 18:31:30,739 [WARN] PackLoader:240 - Cannot read IP mode file for STMicroelectronics.X-CUBE-WB05N.2.0.0
2025-06-25 18:31:30,743 [WARN] PackLoader:240 - Cannot read IP mode file for STMicroelectronics.X-CUBE-BLEMGR.3.0.0
2025-06-25 18:31:30,746 [WARN] PackLoader:240 - Cannot read IP mode file for STMicroelectronics.X-CUBE-TCPP.4.2.0
2025-06-25 18:31:30,747 [WARN] PackLoader:240 - Cannot read IP mode file for RealThread.X-CUBE-RT-Thread_Nano.4.1.1
2025-06-25 18:31:30,748 [WARN] PackLoader:240 - Cannot read IP mode file for STMicroelectronics.FP-ATR-SIGFOX1.3.2.0
2025-06-25 18:31:30,750 [WARN] ConditionMgr:438 - getConditionDescription Invalid condition id : Cortex-A Device cause : null
2025-06-25 18:31:30,754 [WARN] ConditionMgr:1044 - genDependencies : Invalid condition id : Cortex-A Device cause : null
2025-06-25 18:31:30,754 [WARN] ConditionMgr:1044 - genDependencies : Invalid condition id : Cortex-A Device cause : null
2025-06-25 18:31:30,754 [WARN] ConditionMgr:1044 - genDependencies : Invalid condition id : Cortex-A Device cause : null
2025-06-25 18:31:30,756 [WARN] PackLoader:240 - Cannot read IP mode file for STMicroelectronics.X-CUBE-EEPRMA1.5.1.0
2025-06-25 18:31:30,757 [WARN] PackLoader:240 - Cannot read IP mode file for STMicroelectronics.X-CUBE-ST67W61.1.0.0
2025-06-25 18:31:30,767 [WARN] PackLoader:240 - Cannot read IP mode file for SEGGER.I-CUBE-embOS.1.3.1
2025-06-25 18:31:30,780 [WARN] PackLoader:240 - Cannot read IP mode file for STMicroelectronics.X-CUBE-ALGOBUILD.1.4.0
2025-06-25 18:31:30,797 [WARN] PackLoader:240 - Cannot read IP mode file for STMicroelectronics.X-CUBE-MEMS1.11.3.0
2025-06-25 18:31:30,835 [WARN] PackLoader:240 - Cannot read IP mode file for STMicroelectronics.X-CUBE-AI.9.1.0
2025-06-25 18:31:30,836 [WARN] PackLoader:240 - Cannot read IP mode file for STMicroelectronics.X-CUBE-PM33A1.1.0.0
2025-06-25 18:31:30,838 [WARN] PackLoader:240 - Cannot read IP mode file for STMicroelectronics.X-CUBE-GNSS1.6.0.0
2025-06-25 18:31:30,843 [WARN] PackLoader:240 - Cannot read IP mode file for STMicroelectronics.X-CUBE-AZRTOS-F4.1.1.0
2025-06-25 18:31:30,846 [WARN] PackLoader:240 - Cannot read IP mode file for wolfSSL.I-CUBE-wolfSSL.5.6.3
2025-06-25 18:31:30,846 [WARN] PackLoader:240 - Cannot read IP mode file for Avnet-IotConnect.X-CUBE-IoTC-DA16k-PMOD.1.0.0
2025-06-25 18:31:30,847 [WARN] PackLoader:240 - Cannot read IP mode file for STMicroelectronics.X-CUBE-ISPU.2.1.0
2025-06-25 18:31:30,848 [WARN] PackLoader:240 - Cannot read IP mode file for STMicroelectronics.X-CUBE-FREERTOS.1.2.0
2025-06-25 18:31:30,857 [WARN] PackLoader:240 - Cannot read IP mode file for STMicroelectronics.X-CUBE-AZRTOS-L5.2.0.0
2025-06-25 18:31:30,872 [WARN] PackLoader:240 - Cannot read IP mode file for STMicroelectronics.X-CUBE-MEMS1.9.6.0
2025-06-25 18:31:30,921 [WARN] PackLoader:240 - Cannot read IP mode file for STMicroelectronics.X-CUBE-EEPRMA1.4.2.0
2025-06-25 18:31:30,924 [WARN] PackLoader:240 - Cannot read IP mode file for STMicroelectronics.X-CUBE-NFC6.3.1.0
2025-06-25 18:31:30,948 [WARN] PackLoader:240 - Cannot read IP mode file for ITTIA_DB.I-CUBE-ITTIADB.8.8.0
2025-06-25 18:31:30,950 [WARN] PackLoader:240 - Cannot read IP mode file for STMicroelectronics.X-CUBE-BLEMGR.2.0.0
2025-06-25 18:31:30,953 [WARN] PackLoader:240 - Cannot read IP mode file for STMicroelectronics.X-CUBE-DPower.1.2.0
2025-06-25 18:31:30,954 [WARN] PackLoader:240 - Cannot read IP mode file for STMicroelectronics.X-CUBE-AI.9.0.0
2025-06-25 18:31:30,961 [WARN] ConditionMgr:438 - getConditionDescription Invalid condition id : UX DEVICE CLASS RTOS Condition cause : null
2025-06-25 18:31:30,962 [WARN] ConditionMgr:438 - getConditionDescription Invalid condition id : UX DEVICE CLASS RTOS Condition cause : null
2025-06-25 18:31:30,963 [WARN] PackLoader:240 - Cannot read IP mode file for STMicroelectronics.X-CUBE-AZRTOS-H7.3.1.0
2025-06-25 18:31:30,963 [WARN] ConditionMgr:1044 - genDependencies : Invalid condition id : UX DEVICE CLASS RTOS Condition cause : null
2025-06-25 18:31:30,963 [WARN] ConditionMgr:1044 - genDependencies : Invalid condition id : UX DEVICE CLASS RTOS Condition cause : null
2025-06-25 18:31:30,964 [WARN] ConditionMgr:1044 - genDependencies : Invalid condition id : UX DEVICE CLASS RTOS Condition cause : null
2025-06-25 18:31:30,964 [WARN] ConditionMgr:1044 - genDependencies : Invalid condition id : UX DEVICE CLASS RTOS Condition cause : null
2025-06-25 18:31:30,964 [WARN] ConditionMgr:1044 - genDependencies : Invalid condition id : UX DEVICE CLASS RTOS Condition cause : null
2025-06-25 18:31:30,966 [WARN] PackLoader:240 - Cannot read IP mode file for STMicroelectronics.X-CUBE-FREERTOS.1.3.1
2025-06-25 18:31:30,968 [WARN] PackLoader:240 - Cannot read IP mode file for STMicroelectronics.X-CUBE-FREERTOS.1.3.0
2025-06-25 18:31:30,969 [WARN] PackLoader:240 - Cannot read IP mode file for STMicroelectronics.X-CUBE-NFC7.1.0.1
2025-06-25 18:31:30,971 [WARN] PackLoader:240 - Cannot read IP mode file for wolfSSL.I-CUBE-wolfTPM.3.2.0
2025-06-25 18:31:30,973 [WARN] PackLoader:240 - Cannot read IP mode file for STMicroelectronics.X-CUBE-NFC6.3.0.0
2025-06-25 18:31:30,976 [WARN] PackLoader:240 - Cannot read IP mode file for STMicroelectronics.X-CUBE-EEPRMA1.4.1.0
2025-06-25 18:31:30,978 [WARN] PackLoader:240 - Cannot read IP mode file for STMicroelectronics.FP-SNS-STAIOTCFT.1.0.0
2025-06-25 18:31:30,980 [WARN] PackLoader:240 - Cannot read IP mode file for STMicroelectronics.X-CUBE-DPower.1.3.0
2025-06-25 18:31:30,981 [WARN] PackLoader:240 - Cannot read IP mode file for STMicroelectronics.X-CUBE-AI.8.1.0
2025-06-25 18:31:30,987 [WARN] ConditionMgr:438 - getConditionDescription Invalid condition id : LAN8742 Phy interface Condition cause : null
2025-06-25 18:31:30,987 [WARN] PackLoader:240 - Cannot read IP mode file for STMicroelectronics.X-CUBE-AZRTOS-L4.2.0.0
2025-06-25 18:31:30,988 [WARN] ConditionMgr:1044 - genDependencies : Invalid condition id : LAN8742 Phy interface Condition cause : null
2025-06-25 18:31:30,988 [WARN] ConditionMgr:1044 - genDependencies : Invalid condition id : LAN8742 Phy interface Condition cause : null
2025-06-25 18:31:30,988 [WARN] ConditionMgr:1044 - genDependencies : Invalid condition id : LAN8742 Phy interface Condition cause : null
2025-06-25 18:31:30,990 [WARN] PackLoader:240 - Cannot read IP mode file for STMicroelectronics.X-CUBE-SFXS2LP1.4.0.0
2025-06-25 18:31:30,992 [WARN] PackLoader:240 - Cannot read IP mode file for STMicroelectronics.X-CUBE-ISPU.1.1.0
2025-06-25 18:31:30,999 [WARN] PackLoader:240 - Cannot read IP mode file for STMicroelectronics.X-CUBE-AZRTOS-H7.3.3.0
2025-06-25 18:31:31,003 [WARN] PackLoader:240 - Cannot read IP mode file for STMicroelectronics.X-CUBE-IPS.3.0.0
2025-06-25 18:31:31,008 [WARN] ConditionMgr:438 - getConditionDescription Invalid condition id : UX DEVICE CLASS RTOS Condition cause : null
2025-06-25 18:31:31,008 [WARN] ConditionMgr:438 - getConditionDescription Invalid condition id : UX DEVICE CLASS RTOS Condition cause : null
2025-06-25 18:31:31,009 [WARN] PackLoader:240 - Cannot read IP mode file for STMicroelectronics.X-CUBE-AZRTOS-WB.2.0.0
2025-06-25 18:31:31,009 [WARN] ConditionMgr:1044 - genDependencies : Invalid condition id : UX DEVICE CLASS RTOS Condition cause : null
2025-06-25 18:31:31,009 [WARN] ConditionMgr:1044 - genDependencies : Invalid condition id : UX DEVICE CLASS RTOS Condition cause : null
2025-06-25 18:31:31,009 [WARN] ConditionMgr:1044 - genDependencies : Invalid condition id : UX DEVICE CLASS RTOS Condition cause : null
2025-06-25 18:31:31,009 [WARN] ConditionMgr:1044 - genDependencies : Invalid condition id : UX DEVICE CLASS RTOS Condition cause : null
2025-06-25 18:31:31,009 [WARN] ConditionMgr:1044 - genDependencies : Invalid condition id : UX DEVICE CLASS RTOS Condition cause : null
2025-06-25 18:31:31,012 [WARN] PackLoader:240 - Cannot read IP mode file for STMicroelectronics.X-CUBE-GNSS1.7.0.0
2025-06-25 18:31:31,013 [WARN] PackLoader:240 - Cannot read IP mode file for STMicroelectronics.X-CUBE-GNSS1.7.0.1
2025-06-25 18:31:31,014 [WARN] PackLoader:240 - Cannot read IP mode file for STMicroelectronics.X-CUBE-TOUCHGFX.4.25.0
2025-06-25 18:31:31,016 [WARN] PackLoader:240 - Cannot read IP mode file for STMicroelectronics.FP-SNS-STBOX1.2.0.0
2025-06-25 18:31:31,019 [WARN] PackLoader:240 - Cannot read IP mode file for STMicroelectronics.X-CUBE-SUBG2.5.0.0
2025-06-25 18:31:31,027 [WARN] PackLoader:240 - Cannot read IP mode file for STMicroelectronics.X-CUBE-AZRTOS-H7RS.1.1.0
2025-06-25 18:31:31,029 [WARN] PackLoader:240 - Cannot read IP mode file for Cesanta.I-CUBE-Mongoose.7.13.0
2025-06-25 18:31:31,031 [WARN] PackLoader:240 - Cannot read IP mode file for STMicroelectronics.X-CUBE-TOF1.3.3.1
2025-06-25 18:31:31,038 [WARN] PackLoader:240 - Cannot read IP mode file for STMicroelectronics.X-CUBE-AZRTOS-G4.2.0.0
2025-06-25 18:31:31,043 [WARN] PackLoader:240 - Cannot read IP mode file for Infineon.AIROC-Wi-Fi-Bluetooth-STM32.1.5.1
2025-06-25 18:31:31,045 [WARN] PackLoader:240 - Cannot read IP mode file for STMicroelectronics.FP-SNS-MOTENVWB1.1.3.0
2025-06-25 18:31:31,047 [WARN] PackLoader:240 - Cannot read IP mode file for STMicroelectronics.X-CUBE-NFC7.2.0.0
2025-06-25 18:31:31,049 [WARN] PackLoader:240 - Cannot read IP mode file for STMicroelectronics.FP-SNS-MOTENVWB1.1.3.1
2025-06-25 18:31:31,051 [WARN] PackLoader:240 - Cannot read IP mode file for STMicroelectronics.X-CUBE-ISPU.2.0.0
2025-06-25 18:31:31,054 [WARN] PackLoader:240 - Cannot read IP mode file for STMicroelectronics.X-CUBE-IPS.3.1.0
2025-06-25 18:31:31,057 [WARN] PackLoader:240 - Cannot read IP mode file for STMicroelectronics.X-CUBE-ALS.1.0.2
2025-06-25 18:31:31,069 [WARN] PackLoader:240 - Cannot read IP mode file for STMicroelectronics.X-CUBE-MEMS1.10.0.0
2025-06-25 18:31:31,105 [WARN] PackLoader:240 - Cannot read IP mode file for STMicroelectronics.X-CUBE-FREERTOS.1.1.0
2025-06-25 18:31:31,107 [WARN] PackLoader:240 - Cannot read IP mode file for STMicroelectronics.X-CUBE-TOUCHGFX.4.24.0
2025-06-25 18:31:31,108 [WARN] PackLoader:240 - Cannot read IP mode file for STMicroelectronics.X-CUBE-TOUCHGFX.4.24.2
2025-06-25 18:31:31,108 [WARN] PackLoader:240 - Cannot read IP mode file for STMicroelectronics.X-CUBE-TOUCHGFX.4.24.1
2025-06-25 18:31:31,110 [WARN] PackLoader:240 - Cannot read IP mode file for portGmbH.I-Cube-SoM-uGOAL.1.1.0
2025-06-25 18:31:31,111 [WARN] PackLoader:240 - Cannot read IP mode file for STMicroelectronics.X-CUBE-ALS.1.0.1
2025-06-25 18:31:31,117 [WARN] PackLoader:240 - Cannot read IP mode file for STMicroelectronics.X-CUBE-AZRTOS-H7RS.1.0.0
2025-06-25 18:31:31,119 [WARN] PackLoader:240 - Cannot read IP mode file for STMicroelectronics.FP-ATR-ASTRA1.2.0.0
2025-06-25 18:31:31,123 [WARN] PackLoader:240 - Cannot read IP mode file for STMicroelectronics.X-CUBE-TOF1.3.4.2
2025-06-25 18:31:31,130 [WARN] PackLoader:240 - Cannot read IP mode file for STMicroelectronics.X-CUBE-TOF1.3.4.3
2025-06-25 18:31:31,137 [WARN] PackLoader:240 - Cannot read IP mode file for STMicroelectronics.X-CUBE-TOF1.3.4.0
2025-06-25 18:31:31,144 [WARN] PackLoader:240 - Cannot read IP mode file for STMicroelectronics.X-CUBE-TOF1.3.4.1
2025-06-25 18:31:31,154 [WARN] PackLoader:240 - Cannot read IP mode file for STMicroelectronics.X-CUBE-AZRTOS-H7.3.2.0
2025-06-25 18:31:31,156 [WARN] PackLoader:240 - Cannot read IP mode file for wolfSSL.I-CUBE-wolfSSH.1.4.17
2025-06-25 18:31:31,156 [INFO] ThirdParty:978 - Integrity check success = true
2025-06-25 18:31:31,156 [INFO] IntegrityCheckThread:100 - exiting critical section [integrity check]
2025-06-25 18:31:31,157 [INFO] IntegrityCheckThread:103 - End integrity checks thread
2025-06-25 18:31:56,494 [ERROR] LogOutputStream:75 - [STDERR_REDIRECT] 
