2025-08-30 21:55:24,093 [INFO] Activator:176 - 


2025-08-30 21:55:24,095 [INFO] Activator:177 - !SESSION log4j initialized
2025-08-30 21:55:26,988 [INFO] LogOutputStream:77 - [STDOUT_REDIRECT] 
2025-08-30 21:55:27,319 [INFO] ApplicationProperties:184 - Using Application install path: /home/vakhaib/st/stm32cubeide_1.17.0/plugins/com.st.stm32cube.common.mx_6.14.0.202502271554
2025-08-30 21:55:27,330 [INFO] DbMcusXml:78 - Set database path to: /home/vakhaib/st/stm32cubeide_1.17.0/plugins/com.st.stm32cube.common.mx_6.14.0.202502271554//db//mcu/
2025-08-30 21:55:27,330 [INFO] ApiDb:274 - Set plugin database path to: /home/vakhaib/st/stm32cubeide_1.17.0/plugins/com.st.stm32cube.common.mx_6.14.0.202502271554//db//plugins/boardmanager/
2025-08-30 21:55:27,330 [WARN] ApiDb:259 - Overriding images path with different value:  => /home/vakhaib/st/stm32cubeide_1.17.0/plugins/com.st.stm32cube.common.mx_6.14.0.202502271554//db//plugins/mcufinder/images/
2025-08-30 21:55:27,334 [INFO] ApiDb:250 - Set database path to: /home/vakhaib/.stmcufinder/plugins/mcufinder//mcu/
2025-08-30 21:55:27,335 [INFO] DbMcusAds:125 - Set database path to: /home/vakhaib/.stmcufinder/plugins/mcufinder//mcu/
2025-08-30 21:55:27,336 [INFO] CrossReferenceDbSqlite:203 - Set database path to: /home/vakhaib/.stmcufinder/plugins/mcufinder//mcu/cs/
2025-08-30 21:55:27,395 [INFO] RulesReader:64 - Compatibility file has been processed (301 Rules)
2025-08-30 21:55:27,438 [INFO] DbMcusXml:78 - Set database path to: /home/vakhaib/st/stm32cubeide_1.17.0/plugins/com.st.stm32cube.common.mx_6.14.0.202502271554//db//mcu/
2025-08-30 21:55:27,439 [INFO] ApiDb:274 - Set plugin database path to: /home/vakhaib/st/stm32cubeide_1.17.0/plugins/com.st.stm32cube.common.mx_6.14.0.202502271554//db//plugins/boardmanager/
2025-08-30 21:55:27,439 [INFO] ApiDb:261 - Set plugin images path to: /home/vakhaib/st/stm32cubeide_1.17.0/plugins/com.st.stm32cube.common.mx_6.14.0.202502271554//db//plugins/mcufinder/images/
2025-08-30 21:55:27,439 [WARN] DbFile:41 - Overriding database path with different value: /home/vakhaib/.stmcufinder/plugins/mcufinder/ => /home/vakhaib/.stmcufinder/plugins/mcufinder
2025-08-30 21:55:27,439 [INFO] ApiDb:250 - Set database path to: /home/vakhaib/.stmcufinder/plugins/mcufinder//mcu/
2025-08-30 21:55:27,439 [WARN] DbFile:41 - Overriding database path with different value: /home/vakhaib/.stmcufinder/plugins/mcufinder/ => /home/vakhaib/.stmcufinder/plugins/mcufinder
2025-08-30 21:55:27,439 [INFO] DbMcusAds:125 - Set database path to: /home/vakhaib/.stmcufinder/plugins/mcufinder//mcu/
2025-08-30 21:55:27,439 [WARN] DbFile:41 - Overriding database path with different value: /home/vakhaib/.stmcufinder/plugins/mcufinder/ => /home/vakhaib/.stmcufinder/plugins/mcufinder
2025-08-30 21:55:27,439 [WARN] DbFile:41 - Overriding database path with different value: /home/vakhaib/.stmcufinder/plugins/mcufinder/ => /home/vakhaib/.stmcufinder/plugins/mcufinder
2025-08-30 21:55:27,439 [INFO] CrossReferenceDbSqlite:203 - Set database path to: /home/vakhaib/.stmcufinder/plugins/mcufinder//mcu/cs/
2025-08-30 21:55:27,485 [INFO] MainPanel:272 - HeapMemory: 268435456
2025-08-30 21:55:27,555 [INFO] DbMcusXml:78 - Set database path to: /home/vakhaib/st/stm32cubeide_1.17.0/plugins/com.st.stm32cube.common.mx_6.14.0.202502271554//db//mcu/
2025-08-30 21:55:27,555 [INFO] ApiDb:274 - Set plugin database path to: /home/vakhaib/st/stm32cubeide_1.17.0/plugins/com.st.stm32cube.common.mx_6.14.0.202502271554//db//plugins/boardmanager/
2025-08-30 21:55:27,555 [INFO] ApiDb:261 - Set plugin images path to: /home/vakhaib/st/stm32cubeide_1.17.0/plugins/com.st.stm32cube.common.mx_6.14.0.202502271554//db//plugins/mcufinder/images/
2025-08-30 21:55:27,556 [WARN] DbFile:41 - Overriding database path with different value: /home/vakhaib/.stmcufinder/plugins/mcufinder/ => /home/vakhaib/.stmcufinder/plugins/mcufinder
2025-08-30 21:55:27,556 [INFO] ApiDb:250 - Set database path to: /home/vakhaib/.stmcufinder/plugins/mcufinder//mcu/
2025-08-30 21:55:27,556 [WARN] DbFile:41 - Overriding database path with different value: /home/vakhaib/.stmcufinder/plugins/mcufinder/ => /home/vakhaib/.stmcufinder/plugins/mcufinder
2025-08-30 21:55:27,556 [INFO] DbMcusAds:125 - Set database path to: /home/vakhaib/.stmcufinder/plugins/mcufinder//mcu/
2025-08-30 21:55:27,556 [WARN] DbFile:41 - Overriding database path with different value: /home/vakhaib/.stmcufinder/plugins/mcufinder/ => /home/vakhaib/.stmcufinder/plugins/mcufinder
2025-08-30 21:55:27,556 [WARN] DbFile:41 - Overriding database path with different value: /home/vakhaib/.stmcufinder/plugins/mcufinder/ => /home/vakhaib/.stmcufinder/plugins/mcufinder
2025-08-30 21:55:27,556 [INFO] CrossReferenceDbSqlite:203 - Set database path to: /home/vakhaib/.stmcufinder/plugins/mcufinder//mcu/cs/
2025-08-30 21:55:27,567 [INFO] ApplicationProperties:184 - Using Application install path: /home/vakhaib/st/stm32cubeide_1.17.0/plugins/com.st.stm32cube.common.mx_6.14.0.202502271554
2025-08-30 21:55:27,568 [INFO] PluginManage:196 - Search for loadable plugins [exclusion list=, ]
2025-08-30 21:55:27,569 [INFO] PluginManage:310 - Check plugin analytics
2025-08-30 21:55:27,652 [INFO] AnalyticsPlugin:253 - Accepted Software Licenses: 
2025-08-30 21:55:27,652 [INFO] AnalyticsPlugin:255 - Accepted CMSIS Pack Licenses: STMicroelectronics.X-CUBE-NFC6.3.1.0
2025-08-30 21:55:27,652 [INFO] AnalyticsPlugin:257 - Accepted Firmware Licenses: FW.G0.1.6.0
2025-08-30 21:55:27,653 [INFO] PluginManage:359 - Loaded plugin analytics (category:tool,tabindex:-1)
2025-08-30 21:55:27,654 [INFO] PluginManage:310 - Check plugin cadmodel
2025-08-30 21:55:27,656 [INFO] CADModel:105 - Init CAD model plugin
2025-08-30 21:55:27,656 [INFO] PluginManage:359 - Loaded plugin cadmodel (category:power,tabindex:5)
2025-08-30 21:55:27,656 [INFO] PluginManage:310 - Check plugin clock
2025-08-30 21:55:27,661 [INFO] PluginManage:359 - Loaded plugin clock (category:base,tabindex:2)
2025-08-30 21:55:27,661 [INFO] PluginManage:310 - Check plugin ddr
2025-08-30 21:55:27,662 [INFO] PluginManage:359 - Loaded plugin ddr (category:tool,tabindex:6)
2025-08-30 21:55:27,663 [INFO] PluginManage:310 - Check plugin filemanager
2025-08-30 21:55:27,746 [INFO] PluginManage:359 - Loaded plugin filemanager (category:base,tabindex:10)
2025-08-30 21:55:27,747 [INFO] PluginManage:310 - Check plugin ipmanager
2025-08-30 21:55:27,750 [INFO] PluginManage:359 - Loaded plugin ipmanager (category:base,tabindex:5)
2025-08-30 21:55:27,750 [INFO] PluginManage:310 - Check plugin lpbam
2025-08-30 21:55:27,755 [INFO] PluginManage:359 - Loaded plugin lpbam (category:base,tabindex:0)
2025-08-30 21:55:27,755 [INFO] PluginManage:310 - Check plugin memorymap
2025-08-30 21:55:27,761 [INFO] PluginManage:359 - Loaded plugin memorymap (category:base,tabindex:4)
2025-08-30 21:55:27,761 [INFO] PluginManage:310 - Check plugin pinoutandconfiguration
2025-08-30 21:55:27,766 [INFO] PluginManage:359 - Loaded plugin pinoutandconfiguration (category:base,tabindex:1)
2025-08-30 21:55:27,766 [INFO] PluginManage:310 - Check plugin pinoutconfig
2025-08-30 21:55:27,812 [WARN] SupportedApi:132 - Cannot load RTOS API schema: s4s-elt-must-match.1: The content of 'definitions' must match (annotation?, (simpleType | complexType)?, (unique | key | keyref)*)). A problem was found starting at: attribute.
2025-08-30 21:55:27,887 [INFO] PluginManage:359 - Loaded plugin pinoutconfig (category:base,tabindex:0)
2025-08-30 21:55:27,887 [INFO] PluginManage:310 - Check plugin power
2025-08-30 21:55:27,892 [INFO] PluginManage:359 - Loaded plugin power (category:power,tabindex:4)
2025-08-30 21:55:27,892 [INFO] PluginManage:310 - Check plugin projectmanager
2025-08-30 21:55:27,901 [INFO] PluginManage:359 - Loaded plugin projectmanager (category:projectmanager,tabindex:4)
2025-08-30 21:55:27,901 [INFO] PluginManage:310 - Check plugin rif
2025-08-30 21:55:27,905 [INFO] PluginManage:359 - Loaded plugin rif (category:base,tabindex:3)
2025-08-30 21:55:27,905 [INFO] PluginManage:310 - Check plugin thirdparty
2025-08-30 21:55:27,970 [INFO] PluginManage:359 - Loaded plugin thirdparty (category:base,tabindex:-1)
2025-08-30 21:55:27,970 [INFO] PluginManage:310 - Check plugin tools
2025-08-30 21:55:27,970 [WARN] IntegrityCheckThread:84 - waiting for thirdparty lock release [integrity check]
2025-08-30 21:55:27,970 [INFO] IntegrityCheckThread:86 - entering critical section [integrity check]
2025-08-30 21:55:27,970 [INFO] ThirdPartyUpdaterWithRetryManager:70 - Updater plugin not ready yet. [1/15]
2025-08-30 21:55:27,971 [INFO] PluginManage:359 - Loaded plugin tools (category:base,tabindex:7)
2025-08-30 21:55:27,972 [INFO] PluginManage:310 - Check plugin tutovideos
2025-08-30 21:55:28,068 [INFO] PluginManage:359 - Loaded plugin tutovideos (category:base,tabindex:-1)
2025-08-30 21:55:28,068 [INFO] PluginManage:310 - Check plugin updater
2025-08-30 21:55:28,082 [INFO] PluginManage:359 - Loaded plugin updater (category:base,tabindex:12)
2025-08-30 21:55:28,082 [INFO] PluginManage:310 - Check plugin userauth
2025-08-30 21:55:28,084 [INFO] UserAuth:118 - Init User Auth plugin
2025-08-30 21:55:28,085 [INFO] PluginManage:359 - Loaded plugin userauth (category:base,tabindex:14)
2025-08-30 21:55:28,085 [INFO] PluginManage:283 - PluginManage : Loaded plugins [18]
2025-08-30 21:55:28,185 [INFO] PinOutPanel:1589 - setPackage(No Configuration,No Configuration)
2025-08-30 21:55:28,225 [INFO] CADModel:165 - CPN selected for project level
2025-08-30 21:55:28,225 [INFO] CADModel:114 - Register for checkConnection events
2025-08-30 21:55:28,234 [INFO] IPUIPlugin:80 - create IPUIPlugin
2025-08-30 21:55:28,234 [INFO] PluginManager:220 - loadIPPluginJar : add opamp
2025-08-30 21:55:28,235 [INFO] IPUIPlugin:80 - create IPUIPlugin
2025-08-30 21:55:28,235 [INFO] PluginManager:220 - loadIPPluginJar : add usart
2025-08-30 21:55:28,237 [INFO] IPUIPlugin:80 - create IPUIPlugin
2025-08-30 21:55:28,237 [INFO] PluginManager:220 - loadIPPluginJar : add ddr_ctrl_phy
2025-08-30 21:55:28,240 [INFO] IPUIPlugin:80 - create IPUIPlugin
2025-08-30 21:55:28,240 [INFO] PluginManager:220 - loadIPPluginJar : add mdma
2025-08-30 21:55:28,243 [INFO] IPUIPlugin:80 - create IPUIPlugin
2025-08-30 21:55:28,243 [INFO] PluginManager:220 - loadIPPluginJar : add gic
2025-08-30 21:55:28,245 [INFO] IPUIPlugin:80 - create IPUIPlugin
2025-08-30 21:55:28,245 [INFO] PluginManager:220 - loadIPPluginJar : add fmc
2025-08-30 21:55:28,247 [INFO] IPUIPlugin:80 - create IPUIPlugin
2025-08-30 21:55:28,247 [INFO] PluginManager:220 - loadIPPluginJar : add gpio
2025-08-30 21:55:28,248 [INFO] IPUIPlugin:80 - create IPUIPlugin
2025-08-30 21:55:28,248 [INFO] PluginManager:220 - loadIPPluginJar : add comp
2025-08-30 21:55:28,248 [INFO] IPUIPlugin:80 - create IPUIPlugin
2025-08-30 21:55:28,249 [INFO] PluginManager:220 - loadIPPluginJar : add tsc
2025-08-30 21:55:28,250 [INFO] IPUIPlugin:80 - create IPUIPlugin
2025-08-30 21:55:28,250 [INFO] PluginManager:220 - loadIPPluginJar : add i2c
2025-08-30 21:55:28,251 [INFO] IPUIPlugin:80 - create IPUIPlugin
2025-08-30 21:55:28,251 [INFO] PluginManager:220 - loadIPPluginJar : add gtzc
2025-08-30 21:55:28,252 [INFO] IPUIPlugin:80 - create IPUIPlugin
2025-08-30 21:55:28,252 [INFO] PluginManager:220 - loadIPPluginJar : add ucpd
2025-08-30 21:55:28,253 [INFO] IPUIPlugin:80 - create IPUIPlugin
2025-08-30 21:55:28,253 [INFO] PluginManager:220 - loadIPPluginJar : add i2s
2025-08-30 21:55:28,254 [INFO] IPUIPlugin:80 - create IPUIPlugin
2025-08-30 21:55:28,254 [INFO] PluginManager:220 - loadIPPluginJar : add dfsdm
2025-08-30 21:55:28,255 [INFO] IPUIPlugin:80 - create IPUIPlugin
2025-08-30 21:55:28,255 [INFO] PluginManager:220 - loadIPPluginJar : add can
2025-08-30 21:55:28,256 [INFO] IPUIPlugin:80 - create IPUIPlugin
2025-08-30 21:55:28,256 [INFO] PluginManager:220 - loadIPPluginJar : add hash
2025-08-30 21:55:28,257 [INFO] IPUIPlugin:80 - create IPUIPlugin
2025-08-30 21:55:28,257 [INFO] PluginManager:220 - loadIPPluginJar : add usbx
2025-08-30 21:55:28,259 [INFO] IPUIPlugin:80 - create IPUIPlugin
2025-08-30 21:55:28,259 [INFO] PluginManager:220 - loadIPPluginJar : add ipddr
2025-08-30 21:55:28,260 [INFO] IPUIPlugin:80 - create IPUIPlugin
2025-08-30 21:55:28,260 [INFO] PluginManager:220 - loadIPPluginJar : add tracer_emb
2025-08-30 21:55:28,261 [INFO] IPUIPlugin:80 - create IPUIPlugin
2025-08-30 21:55:28,261 [INFO] PluginManager:220 - loadIPPluginJar : add resmgrutility
2025-08-30 21:55:28,263 [INFO] IPUIPlugin:80 - create IPUIPlugin
2025-08-30 21:55:28,263 [INFO] PluginManager:220 - loadIPPluginJar : add pdm2pcm
2025-08-30 21:55:28,266 [INFO] IPUIPlugin:80 - create IPUIPlugin
2025-08-30 21:55:28,266 [INFO] PluginManager:220 - loadIPPluginJar : add dma
2025-08-30 21:55:28,267 [INFO] IPUIPlugin:80 - create IPUIPlugin
2025-08-30 21:55:28,267 [INFO] PluginManager:220 - loadIPPluginJar : add radio
2025-08-30 21:55:28,267 [INFO] IPUIPlugin:80 - create IPUIPlugin
2025-08-30 21:55:28,268 [INFO] PluginManager:220 - loadIPPluginJar : add genericplugin
2025-08-30 21:55:28,269 [INFO] IPUIPlugin:80 - create IPUIPlugin
2025-08-30 21:55:28,269 [INFO] PluginManager:220 - loadIPPluginJar : add gfxmmu
2025-08-30 21:55:28,270 [INFO] IPUIPlugin:80 - create IPUIPlugin
2025-08-30 21:55:28,270 [INFO] PluginManager:220 - loadIPPluginJar : add touchsensing
2025-08-30 21:55:28,271 [INFO] IPUIPlugin:80 - create IPUIPlugin
2025-08-30 21:55:28,271 [INFO] PluginManager:220 - loadIPPluginJar : add ts
2025-08-30 21:55:28,274 [INFO] IPUIPlugin:80 - create IPUIPlugin
2025-08-30 21:55:28,274 [INFO] PluginManager:220 - loadIPPluginJar : add stm32_wpan
2025-08-30 21:55:28,276 [INFO] IPUIPlugin:80 - create IPUIPlugin
2025-08-30 21:55:28,276 [INFO] PluginManager:220 - loadIPPluginJar : add nvic
2025-08-30 21:55:28,279 [INFO] IPUIPlugin:80 - create IPUIPlugin
2025-08-30 21:55:28,279 [INFO] PluginManager:220 - loadIPPluginJar : add adc
2025-08-30 21:55:28,280 [INFO] IPUIPlugin:80 - create IPUIPlugin
2025-08-30 21:55:28,280 [INFO] PluginManager:220 - loadIPPluginJar : add tim
2025-08-30 21:55:28,281 [INFO] IPUIPlugin:80 - create IPUIPlugin
2025-08-30 21:55:28,281 [INFO] PluginManager:220 - loadIPPluginJar : add extmemmanager
2025-08-30 21:55:28,282 [INFO] IPUIPlugin:80 - create IPUIPlugin
2025-08-30 21:55:28,282 [INFO] PluginManager:220 - loadIPPluginJar : add aes
2025-08-30 21:55:28,283 [INFO] IPUIPlugin:80 - create IPUIPlugin
2025-08-30 21:55:28,283 [INFO] PluginManager:220 - loadIPPluginJar : add fatfs
2025-08-30 21:55:28,283 [INFO] IPUIPlugin:80 - create IPUIPlugin
2025-08-30 21:55:28,283 [INFO] PluginManager:220 - loadIPPluginJar : add ltdc
2025-08-30 21:55:28,284 [INFO] IPUIPlugin:80 - create IPUIPlugin
2025-08-30 21:55:28,284 [INFO] PluginManager:220 - loadIPPluginJar : add lorawan
2025-08-30 21:55:28,285 [INFO] IPUIPlugin:80 - create IPUIPlugin
2025-08-30 21:55:28,285 [INFO] PluginManager:220 - loadIPPluginJar : add i3c
2025-08-30 21:55:28,289 [INFO] IPUIPlugin:80 - create IPUIPlugin
2025-08-30 21:55:28,290 [INFO] PluginManager:220 - loadIPPluginJar : add plateformsettings
2025-08-30 21:55:28,291 [INFO] IPUIPlugin:80 - create IPUIPlugin
2025-08-30 21:55:28,291 [INFO] PluginManager:220 - loadIPPluginJar : add spi
2025-08-30 21:55:28,292 [INFO] IPUIPlugin:80 - create IPUIPlugin
2025-08-30 21:55:28,292 [INFO] PluginManager:220 - loadIPPluginJar : add quadspi
2025-08-30 21:55:28,293 [INFO] IPUIPlugin:80 - create IPUIPlugin
2025-08-30 21:55:28,293 [INFO] PluginManager:220 - loadIPPluginJar : add openamp
2025-08-30 21:55:28,294 [INFO] IPUIPlugin:80 - create IPUIPlugin
2025-08-30 21:55:28,294 [INFO] PluginManager:220 - loadIPPluginJar : add sai
2025-08-30 21:55:28,298 [INFO] IPUIPlugin:80 - create IPUIPlugin
2025-08-30 21:55:28,298 [INFO] PluginManager:220 - loadIPPluginJar : add freertos
2025-08-30 21:55:28,299 [INFO] IPUIPlugin:80 - create IPUIPlugin
2025-08-30 21:55:28,299 [INFO] PluginManager:220 - loadIPPluginJar : add dma3
2025-08-30 21:55:28,303 [INFO] IPUIPlugin:80 - create IPUIPlugin
2025-08-30 21:55:28,303 [INFO] PluginManager:220 - loadIPPluginJar : add linkedlist
2025-08-30 21:55:28,304 [INFO] IPUIPlugin:80 - create IPUIPlugin
2025-08-30 21:55:28,304 [INFO] PluginManager:220 - loadIPPluginJar : add cryp
2025-08-30 21:55:28,392 [FATAL] Updater:351 - Updater called before beeing initialized
2025-08-30 21:55:28,406 [INFO] RulesReader:64 - Compatibility file has been processed (301 Rules)
2025-08-30 21:55:28,412 [INFO] RulesReader:64 - Compatibility file has been processed (301 Rules)
2025-08-30 21:55:28,416 [INFO] CADModel:165 - CPN selected for project level
2025-08-30 21:55:28,416 [INFO] CADModel:114 - Register for checkConnection events
2025-08-30 21:55:28,416 [FATAL] Updater:351 - Updater called before beeing initialized
2025-08-30 21:55:28,416 [ERROR] CADModel:125 - Updater not yet initialized, retry later 
2025-08-30 21:55:28,491 [FATAL] Updater:351 - Updater called before beeing initialized
2025-08-30 21:55:28,492 [INFO] CADModel:165 - CPN selected for project level
2025-08-30 21:55:28,492 [INFO] CADModel:114 - Register for checkConnection events
2025-08-30 21:55:28,492 [FATAL] Updater:351 - Updater called before beeing initialized
2025-08-30 21:55:28,492 [ERROR] CADModel:125 - Updater not yet initialized, retry later 
2025-08-30 21:55:28,494 [FATAL] Updater:351 - Updater called before beeing initialized
2025-08-30 21:55:28,542 [FATAL] Updater:351 - Updater called before beeing initialized
2025-08-30 21:55:28,544 [INFO] DbMcusAds:53 - JSON generation date=Thu Mar 06 15:54:21 CET 2025 (1741272861825)
2025-08-30 21:55:28,544 [FATAL] Updater:351 - Updater called before beeing initialized
2025-08-30 21:55:28,565 [WARN] DetailPanel:346 - Failed to get advertising image, set to default
2025-08-30 21:55:28,728 [FATAL] Updater:351 - Updater called before beeing initialized
2025-08-30 21:55:28,729 [FATAL] Updater:351 - Updater called before beeing initialized
2025-08-30 21:55:28,729 [FATAL] Updater:351 - Updater called before beeing initialized
2025-08-30 21:55:28,730 [WARN] DetailPanel:346 - Failed to get advertising image, set to default
2025-08-30 21:55:28,730 [FATAL] Updater:351 - Updater called before beeing initialized
2025-08-30 21:55:28,747 [ERROR] Updater:1198 - MainUpdater not yet initialized. External WinMGr cannot be set.
2025-08-30 21:55:28,748 [INFO] Updater:1134 - Updater Version found : 6.14.0
2025-08-30 21:55:28,759 [INFO] ApplicationProperties:184 - Using Application install path: /home/vakhaib/st/stm32cubeide_1.17.0/plugins/com.st.stm32cube.common.mx_6.14.0.202502271554
2025-08-30 21:55:28,978 [INFO] MainUpdater:2872 - connection check result : 10
2025-08-30 21:55:28,979 [INFO] MainUpdater:289 - Updater Check For Update Now.
2025-08-30 21:55:28,979 [INFO] MicroXplorer:498 - Change Database Version : DB.6.0.140
2025-08-30 21:55:28,988 [INFO] McuFinderGlobals:63 - Set McuFinder mode to 2 (CubeIDE integrated)
2025-08-30 21:55:28,988 [INFO] UserAuth:486 - Internet connection configuration mode: 1
2025-08-30 21:55:28,999 [INFO] JxBrowserEngine:152 - Initiate JxBrowser Engine with user profile folder
2025-08-30 21:55:29,119 [INFO] CheckServerUpdateThread:120 - End of CheckServer Thread
2025-08-30 21:55:29,556 [INFO] WebApp:169 - Instantiating new browser for Auth
2025-08-30 21:55:30,033 [INFO] WebApp:463 - Apply proxy settings
2025-08-30 21:55:30,033 [INFO] WebApp:548 - Chromium requires no authentication
2025-08-30 21:55:30,037 [INFO] WebApp:491 - Direct internet connection detected
2025-08-30 21:55:30,048 [INFO] WebApp:894 - Register for checkConnection events
2025-08-30 21:55:30,048 [INFO] WebApp:463 - Apply proxy settings
2025-08-30 21:55:30,048 [INFO] WebApp:548 - Chromium requires no authentication
2025-08-30 21:55:30,048 [INFO] WebApp:491 - Direct internet connection detected
2025-08-30 21:55:30,123 [INFO] WebApp:225 - Starting web application
2025-08-30 21:55:30,123 [INFO] WebApp:593 - Web application path used /home/vakhaib/st/stm32cubeide_1.17.0/plugins/com.st.stm32cube.common.mx_6.14.0.202502271554/db/plugins/mcufinder/reactClient1/index.html
2025-08-30 21:55:30,183 [INFO] UserAuth:486 - Internet connection configuration mode: 1
2025-08-30 21:55:30,261 [INFO] WebApp:191 - Connection restablished
2025-08-30 21:55:31,053 [WARN] PackLoader:240 - Cannot read IP mode file for STMicroelectronics.FP-SNS-MOTENVWB1.1.4.0
2025-08-30 21:55:31,057 [WARN] PackLoader:240 - Cannot read IP mode file for STMicroelectronics.FP-ATR-ASTRA1.2.0.2
2025-08-30 21:55:31,060 [WARN] PackLoader:240 - Cannot read IP mode file for STMicroelectronics.FP-ATR-ASTRA1.2.0.1
2025-08-30 21:55:31,063 [WARN] PackLoader:240 - Cannot read IP mode file for STMicroelectronics.X-CUBE-SMBUS.2.1.0
2025-08-30 21:55:31,066 [WARN] PackLoader:240 - Cannot read IP mode file for STMicroelectronics.X-CUBE-WB05N.1.1.0
2025-08-30 21:55:31,069 [WARN] PackLoader:240 - Cannot read IP mode file for STMicroelectronics.X-CUBE-ST60.1.0.0
2025-08-30 21:55:31,071 [WARN] PackLoader:240 - Cannot read IP mode file for STMicroelectronics.X-CUBE-TOUCHGFX.4.23.1
2025-08-30 21:55:31,072 [WARN] PackLoader:240 - Cannot read IP mode file for STMicroelectronics.X-CUBE-TOUCHGFX.4.23.0
2025-08-30 21:55:31,073 [WARN] PackLoader:240 - Cannot read IP mode file for STMicroelectronics.X-CUBE-TOUCHGFX.4.23.2
2025-08-30 21:55:31,087 [WARN] PackLoader:240 - Cannot read IP mode file for STMicroelectronics.X-CUBE-AZRTOS-F7.1.1.0
2025-08-30 21:55:31,092 [WARN] PackLoader:240 - Cannot read IP mode file for STMicroelectronics.FP-SNS-MOTENV1.4.3.2
2025-08-30 21:55:31,118 [WARN] PackLoader:240 - Cannot read IP mode file for STMicroelectronics.X-CUBE-MEMS1.11.0.0
2025-08-30 21:55:31,238 [WARN] PackLoader:240 - Cannot read IP mode file for STMicroelectronics.FP-SNS-FLIGHT1.5.0.2
2025-08-30 21:55:31,249 [WARN] PackLoader:240 - Cannot read IP mode file for STMicroelectronics.X-CUBE-AZRTOS-H7.3.4.0
2025-08-30 21:55:31,255 [WARN] PackLoader:240 - Cannot read IP mode file for STMicroelectronics.X-CUBE-DISPLAY.3.0.0
2025-08-30 21:55:31,259 [WARN] PackLoader:240 - Cannot read IP mode file for STMicroelectronics.X-CUBE-BLE1.7.0.0
2025-08-30 21:55:31,262 [WARN] PackLoader:240 - Cannot read IP mode file for STMicroelectronics.X-CUBE-NFC10.1.0.0
2025-08-30 21:55:31,267 [WARN] PackLoader:240 - Cannot read IP mode file for STMicroelectronics.X-CUBE-BLEMGR.4.0.0
2025-08-30 21:55:31,271 [WARN] PackLoader:240 - Cannot read IP mode file for emotas.I-CUBE-CANOPEN.1.3.0
2025-08-30 21:55:31,274 [WARN] PackLoader:240 - Cannot read IP mode file for STMicroelectronics.X-CUBE-TOUCHGFX.4.22.0
2025-08-30 21:55:31,276 [WARN] PackLoader:240 - Cannot read IP mode file for STMicroelectronics.X-CUBE-TOUCHGFX.4.22.1
2025-08-30 21:55:31,281 [WARN] PackLoader:240 - Cannot read IP mode file for STMicroelectronics.X-CUBE-BLEMGR.3.1.0
2025-08-30 21:55:31,284 [WARN] PackLoader:240 - Cannot read IP mode file for STMicroelectronics.X-CUBE-AI.10.0.0
2025-08-30 21:55:31,287 [ERROR] Engine:466 - /home/vakhaib/.stm32cubemx/thirdparties/pdsc/STMicroelectronics.FP-SNS-STBOX1.2.1.0.pdsc: PDSC version is not supported
2025-08-30 21:55:31,288 [WARN] PackLoader:240 - Cannot read IP mode file for STMicroelectronics.FP-SNS-SMARTAG2.1.2.0
2025-08-30 21:55:31,290 [WARN] PackLoader:240 - Cannot read IP mode file for STMicroelectronics.FP-SNS-FLIGHT1.5.1.0
2025-08-30 21:55:31,314 [WARN] PackLoader:240 - Cannot read IP mode file for STMicroelectronics.X-CUBE-MEMS1.11.1.0
2025-08-30 21:55:31,358 [INFO] LogOutputStream:77 - [STDOUT_REDIRECT] 1 : Invalid condition id : UX_CORESTACK_Condition cause : null
2025-08-30 21:55:31,358 [INFO] LogOutputStream:77 - [STDOUT_REDIRECT] 1 : Invalid condition id : UX_CORESTACK_Condition cause : null
2025-08-30 21:55:31,359 [INFO] LogOutputStream:77 - [STDOUT_REDIRECT] 1 : Invalid condition id : UX_CORESTACK_Condition cause : null
2025-08-30 21:55:31,359 [INFO] LogOutputStream:77 - [STDOUT_REDIRECT] 1 : Invalid condition id : UX_CORESTACK_Condition cause : null
2025-08-30 21:55:31,359 [INFO] LogOutputStream:77 - [STDOUT_REDIRECT] 1 : Invalid condition id : UX_CORESTACK_Condition cause : null
2025-08-30 21:55:31,360 [WARN] PackLoader:240 - Cannot read IP mode file for STMicroelectronics.X-CUBE-AZRTOS-WL.2.0.0
2025-08-30 21:55:31,363 [WARN] PackLoader:240 - Cannot read IP mode file for STMicroelectronics.FP-SNS-MOTENV1.5.0.0
2025-08-30 21:55:31,365 [WARN] PackLoader:240 - Cannot read IP mode file for wolfSSL.I-CUBE-wolfMQTT.1.19.0
2025-08-30 21:55:31,367 [WARN] PackLoader:240 - Cannot read IP mode file for WES.I-CUBE-Cesium.1.3.0
2025-08-30 21:55:31,370 [WARN] PackLoader:240 - Cannot read IP mode file for STMicroelectronics.X-CUBE-BLE2.3.3.0
2025-08-30 21:55:31,372 [WARN] PackLoader:240 - Cannot read IP mode file for STMicroelectronics.X-CUBE-NFC9.1.0.0
2025-08-30 21:55:31,374 [WARN] PackLoader:240 - Cannot read IP mode file for STMicroelectronics.X-CUBE-BLE1.7.1.0
2025-08-30 21:55:31,379 [WARN] PackLoader:240 - Cannot read IP mode file for STMicroelectronics.X-CUBE-TCPP.4.1.0
2025-08-30 21:55:31,383 [WARN] PackLoader:240 - Cannot read IP mode file for STMicroelectronics.X-CUBE-EEPRMA1.5.2.0
2025-08-30 21:55:31,385 [WARN] PackLoader:240 - Cannot read IP mode file for STMicroelectronics.X-CUBE-AI.10.1.0
2025-08-30 21:55:31,386 [WARN] PackLoader:240 - Cannot read IP mode file for STMicroelectronics.X-CUBE-ALGOBUILD.1.3.0
2025-08-30 21:55:31,407 [WARN] PackLoader:240 - Cannot read IP mode file for STMicroelectronics.X-CUBE-MEMS1.11.2.0
2025-08-30 21:55:31,451 [WARN] PackLoader:240 - Cannot read IP mode file for STMicroelectronics.X-CUBE-AZRTOS-G0.1.1.0
2025-08-30 21:55:31,455 [WARN] PackLoader:240 - Cannot read IP mode file for STMicroelectronics.X-CUBE-SAFEA1.1.2.2
2025-08-30 21:55:31,457 [WARN] PackLoader:240 - Cannot read IP mode file for STMicroelectronics.X-CUBE-NFC4.3.0.0
2025-08-30 21:55:31,464 [WARN] PackLoader:240 - Cannot read IP mode file for EmbeddedOffice.I-CUBE-FS-RTOS.1.0.1
2025-08-30 21:55:31,470 [WARN] PackLoader:240 - Cannot read IP mode file for STMicroelectronics.X-CUBE-WB05N.2.0.0
2025-08-30 21:55:31,477 [WARN] PackLoader:240 - Cannot read IP mode file for STMicroelectronics.X-CUBE-BLEMGR.3.0.0
2025-08-30 21:55:31,482 [WARN] PackLoader:240 - Cannot read IP mode file for STMicroelectronics.X-CUBE-TCPP.4.2.0
2025-08-30 21:55:31,485 [WARN] PackLoader:240 - Cannot read IP mode file for RealThread.X-CUBE-RT-Thread_Nano.4.1.1
2025-08-30 21:55:31,487 [WARN] PackLoader:240 - Cannot read IP mode file for STMicroelectronics.FP-ATR-SIGFOX1.3.2.0
2025-08-30 21:55:31,488 [WARN] ConditionMgr:438 - getConditionDescription Invalid condition id : Cortex-A Device cause : null
2025-08-30 21:55:31,495 [WARN] ConditionMgr:1044 - genDependencies : Invalid condition id : Cortex-A Device cause : null
2025-08-30 21:55:31,495 [WARN] ConditionMgr:1044 - genDependencies : Invalid condition id : Cortex-A Device cause : null
2025-08-30 21:55:31,495 [WARN] ConditionMgr:1044 - genDependencies : Invalid condition id : Cortex-A Device cause : null
2025-08-30 21:55:31,497 [WARN] PackLoader:240 - Cannot read IP mode file for STMicroelectronics.X-CUBE-EEPRMA1.5.1.0
2025-08-30 21:55:31,507 [WARN] PackLoader:240 - Cannot read IP mode file for STMicroelectronics.X-CUBE-ST67W61.1.0.0
2025-08-30 21:55:31,510 [WARN] PackLoader:240 - Cannot read IP mode file for STMicroelectronics.X-CUBE-AI.10.2.0
2025-08-30 21:55:31,526 [WARN] PackLoader:240 - Cannot read IP mode file for SEGGER.I-CUBE-embOS.1.3.1
2025-08-30 21:55:31,544 [WARN] PackLoader:240 - Cannot read IP mode file for STMicroelectronics.X-CUBE-ALGOBUILD.1.4.0
2025-08-30 21:55:31,562 [WARN] PackLoader:240 - Cannot read IP mode file for STMicroelectronics.X-CUBE-MEMS1.11.3.0
2025-08-30 21:55:31,631 [WARN] PackLoader:240 - Cannot read IP mode file for STMicroelectronics.X-CUBE-AI.9.1.0
2025-08-30 21:55:31,633 [WARN] PackLoader:240 - Cannot read IP mode file for STMicroelectronics.X-CUBE-PM33A1.1.0.0
2025-08-30 21:55:31,635 [WARN] PackLoader:240 - Cannot read IP mode file for STMicroelectronics.X-CUBE-GNSS1.6.0.0
2025-08-30 21:55:31,641 [WARN] PackLoader:240 - Cannot read IP mode file for STMicroelectronics.X-CUBE-AZRTOS-F4.1.1.0
2025-08-30 21:55:31,645 [WARN] PackLoader:240 - Cannot read IP mode file for wolfSSL.I-CUBE-wolfSSL.5.6.3
2025-08-30 21:55:31,646 [WARN] PackLoader:240 - Cannot read IP mode file for Avnet-IotConnect.X-CUBE-IoTC-DA16k-PMOD.1.0.0
2025-08-30 21:55:31,648 [WARN] PackLoader:240 - Cannot read IP mode file for STMicroelectronics.X-CUBE-ISPU.2.1.0
2025-08-30 21:55:31,649 [WARN] PackLoader:240 - Cannot read IP mode file for STMicroelectronics.X-CUBE-FREERTOS.1.2.0
2025-08-30 21:55:31,652 [WARN] PackLoader:240 - Cannot read IP mode file for STMicroelectronics.X-CUBE-NFC12.1.0.0
2025-08-30 21:55:31,660 [WARN] PackLoader:240 - Cannot read IP mode file for STMicroelectronics.X-CUBE-AZRTOS-L5.2.0.0
2025-08-30 21:55:31,677 [WARN] PackLoader:240 - Cannot read IP mode file for STMicroelectronics.X-CUBE-MEMS1.9.6.0
2025-08-30 21:55:31,728 [WARN] PackLoader:240 - Cannot read IP mode file for STMicroelectronics.X-CUBE-EEPRMA1.4.2.0
2025-08-30 21:55:31,732 [WARN] PackLoader:240 - Cannot read IP mode file for STMicroelectronics.X-CUBE-NFC6.3.1.0
2025-08-30 21:55:31,780 [WARN] PackLoader:240 - Cannot read IP mode file for ITTIA_DB.I-CUBE-ITTIADB.8.8.0
2025-08-30 21:55:31,783 [WARN] PackLoader:240 - Cannot read IP mode file for STMicroelectronics.X-CUBE-BLEMGR.2.0.0
2025-08-30 21:55:31,786 [WARN] PackLoader:240 - Cannot read IP mode file for STMicroelectronics.X-CUBE-DPower.1.2.0
2025-08-30 21:55:31,787 [WARN] PackLoader:240 - Cannot read IP mode file for STMicroelectronics.X-CUBE-AI.9.0.0
2025-08-30 21:55:31,794 [WARN] ConditionMgr:438 - getConditionDescription Invalid condition id : UX DEVICE CLASS RTOS Condition cause : null
2025-08-30 21:55:31,795 [WARN] ConditionMgr:438 - getConditionDescription Invalid condition id : UX DEVICE CLASS RTOS Condition cause : null
2025-08-30 21:55:31,796 [WARN] PackLoader:240 - Cannot read IP mode file for STMicroelectronics.X-CUBE-AZRTOS-H7.3.1.0
2025-08-30 21:55:31,797 [WARN] ConditionMgr:1044 - genDependencies : Invalid condition id : UX DEVICE CLASS RTOS Condition cause : null
2025-08-30 21:55:31,797 [WARN] ConditionMgr:1044 - genDependencies : Invalid condition id : UX DEVICE CLASS RTOS Condition cause : null
2025-08-30 21:55:31,797 [WARN] ConditionMgr:1044 - genDependencies : Invalid condition id : UX DEVICE CLASS RTOS Condition cause : null
2025-08-30 21:55:31,797 [WARN] ConditionMgr:1044 - genDependencies : Invalid condition id : UX DEVICE CLASS RTOS Condition cause : null
2025-08-30 21:55:31,797 [WARN] ConditionMgr:1044 - genDependencies : Invalid condition id : UX DEVICE CLASS RTOS Condition cause : null
2025-08-30 21:55:31,800 [WARN] PackLoader:240 - Cannot read IP mode file for STMicroelectronics.X-CUBE-FREERTOS.1.3.1
2025-08-30 21:55:31,802 [WARN] PackLoader:240 - Cannot read IP mode file for STMicroelectronics.X-CUBE-FREERTOS.1.3.0
2025-08-30 21:55:31,805 [WARN] PackLoader:240 - Cannot read IP mode file for STMicroelectronics.X-CUBE-NFC7.1.0.1
2025-08-30 21:55:31,806 [WARN] PackLoader:240 - Cannot read IP mode file for wolfSSL.I-CUBE-wolfTPM.3.2.0
2025-08-30 21:55:31,810 [WARN] PackLoader:240 - Cannot read IP mode file for STMicroelectronics.X-CUBE-NFC6.3.0.0
2025-08-30 21:55:31,814 [WARN] PackLoader:240 - Cannot read IP mode file for STMicroelectronics.X-CUBE-EEPRMA1.4.1.0
2025-08-30 21:55:31,817 [WARN] PackLoader:240 - Cannot read IP mode file for STMicroelectronics.FP-SNS-STAIOTCFT.1.0.0
2025-08-30 21:55:31,821 [WARN] PackLoader:240 - Cannot read IP mode file for STMicroelectronics.X-CUBE-DPower.1.3.0
2025-08-30 21:55:31,823 [WARN] PackLoader:240 - Cannot read IP mode file for STMicroelectronics.X-CUBE-AI.8.1.0
2025-08-30 21:55:31,840 [WARN] ConditionMgr:438 - getConditionDescription Invalid condition id : LAN8742 Phy interface Condition cause : null
2025-08-30 21:55:31,840 [WARN] PackLoader:240 - Cannot read IP mode file for STMicroelectronics.X-CUBE-AZRTOS-L4.2.0.0
2025-08-30 21:55:31,841 [WARN] ConditionMgr:1044 - genDependencies : Invalid condition id : LAN8742 Phy interface Condition cause : null
2025-08-30 21:55:31,842 [WARN] ConditionMgr:1044 - genDependencies : Invalid condition id : LAN8742 Phy interface Condition cause : null
2025-08-30 21:55:31,842 [WARN] ConditionMgr:1044 - genDependencies : Invalid condition id : LAN8742 Phy interface Condition cause : null
2025-08-30 21:55:31,849 [WARN] PackLoader:240 - Cannot read IP mode file for STMicroelectronics.X-CUBE-SFXS2LP1.4.0.0
2025-08-30 21:55:31,852 [WARN] PackLoader:240 - Cannot read IP mode file for STMicroelectronics.X-CUBE-ISPU.1.1.0
2025-08-30 21:55:31,867 [WARN] PackLoader:240 - Cannot read IP mode file for STMicroelectronics.X-CUBE-AZRTOS-H7.3.3.0
2025-08-30 21:55:31,875 [WARN] PackLoader:240 - Cannot read IP mode file for STMicroelectronics.X-CUBE-BLEMGR.4.1.0
2025-08-30 21:55:31,891 [WARN] PackLoader:240 - Cannot read IP mode file for STMicroelectronics.X-CUBE-IPS.3.0.0
2025-08-30 21:55:31,908 [WARN] ConditionMgr:438 - getConditionDescription Invalid condition id : UX DEVICE CLASS RTOS Condition cause : null
2025-08-30 21:55:31,908 [WARN] ConditionMgr:438 - getConditionDescription Invalid condition id : UX DEVICE CLASS RTOS Condition cause : null
2025-08-30 21:55:31,910 [WARN] PackLoader:240 - Cannot read IP mode file for STMicroelectronics.X-CUBE-AZRTOS-WB.2.0.0
2025-08-30 21:55:31,910 [WARN] ConditionMgr:1044 - genDependencies : Invalid condition id : UX DEVICE CLASS RTOS Condition cause : null
2025-08-30 21:55:31,910 [WARN] ConditionMgr:1044 - genDependencies : Invalid condition id : UX DEVICE CLASS RTOS Condition cause : null
2025-08-30 21:55:31,911 [WARN] ConditionMgr:1044 - genDependencies : Invalid condition id : UX DEVICE CLASS RTOS Condition cause : null
2025-08-30 21:55:31,911 [WARN] ConditionMgr:1044 - genDependencies : Invalid condition id : UX DEVICE CLASS RTOS Condition cause : null
2025-08-30 21:55:31,911 [WARN] ConditionMgr:1044 - genDependencies : Invalid condition id : UX DEVICE CLASS RTOS Condition cause : null
2025-08-30 21:55:31,914 [WARN] PackLoader:240 - Cannot read IP mode file for STMicroelectronics.X-CUBE-GNSS1.7.0.0
2025-08-30 21:55:31,918 [WARN] PackLoader:240 - Cannot read IP mode file for STMicroelectronics.X-CUBE-GNSS1.7.0.1
2025-08-30 21:55:31,920 [WARN] PackLoader:240 - Cannot read IP mode file for STMicroelectronics.X-CUBE-TOUCHGFX.4.25.0
2025-08-30 21:55:31,925 [WARN] PackLoader:240 - Cannot read IP mode file for STMicroelectronics.FP-SNS-STBOX1.2.0.0
2025-08-30 21:55:31,932 [WARN] PackLoader:240 - Cannot read IP mode file for STMicroelectronics.X-CUBE-SUBG2.5.0.0
2025-08-30 21:55:31,943 [WARN] PackLoader:240 - Cannot read IP mode file for STMicroelectronics.X-CUBE-AZRTOS-H7RS.1.1.0
2025-08-30 21:55:31,945 [WARN] PackLoader:240 - Cannot read IP mode file for Cesanta.I-CUBE-Mongoose.7.13.0
2025-08-30 21:55:31,948 [WARN] PackLoader:240 - Cannot read IP mode file for STMicroelectronics.X-CUBE-TOF1.3.3.1
2025-08-30 21:55:31,954 [WARN] PackLoader:240 - Cannot read IP mode file for STMicroelectronics.X-CUBE-AZRTOS-G4.2.0.0
2025-08-30 21:55:31,958 [WARN] PackLoader:240 - Cannot read IP mode file for Infineon.AIROC-Wi-Fi-Bluetooth-STM32.1.5.1
2025-08-30 21:55:31,961 [WARN] PackLoader:240 - Cannot read IP mode file for STMicroelectronics.FP-SNS-MOTENVWB1.1.3.0
2025-08-30 21:55:31,963 [WARN] PackLoader:240 - Cannot read IP mode file for STMicroelectronics.X-CUBE-NFC7.2.0.0
2025-08-30 21:55:31,965 [WARN] PackLoader:240 - Cannot read IP mode file for STMicroelectronics.FP-SNS-MOTENVWB1.1.3.1
2025-08-30 21:55:31,966 [WARN] PackLoader:240 - Cannot read IP mode file for STMicroelectronics.X-CUBE-ISPU.2.0.0
2025-08-30 21:55:31,969 [WARN] PackLoader:240 - Cannot read IP mode file for STMicroelectronics.X-CUBE-IPS.3.1.0
2025-08-30 21:55:31,976 [WARN] PackLoader:240 - Cannot read IP mode file for STMicroelectronics.X-CUBE-ALS.1.0.2
2025-08-30 21:55:31,991 [WARN] PackLoader:240 - Cannot read IP mode file for STMicroelectronics.X-CUBE-MEMS1.10.0.0
2025-08-30 21:55:32,026 [WARN] PackLoader:240 - Cannot read IP mode file for STMicroelectronics.X-CUBE-FREERTOS.1.1.0
2025-08-30 21:55:32,027 [WARN] PackLoader:240 - Cannot read IP mode file for STMicroelectronics.X-CUBE-TOUCHGFX.4.24.0
2025-08-30 21:55:32,028 [WARN] PackLoader:240 - Cannot read IP mode file for STMicroelectronics.X-CUBE-TOUCHGFX.4.24.2
2025-08-30 21:55:32,030 [WARN] PackLoader:240 - Cannot read IP mode file for STMicroelectronics.X-CUBE-TOUCHGFX.4.24.1
2025-08-30 21:55:32,031 [WARN] PackLoader:240 - Cannot read IP mode file for portGmbH.I-Cube-SoM-uGOAL.1.1.0
2025-08-30 21:55:32,033 [WARN] PackLoader:240 - Cannot read IP mode file for STMicroelectronics.X-CUBE-ALS.1.0.1
2025-08-30 21:55:32,039 [WARN] PackLoader:240 - Cannot read IP mode file for STMicroelectronics.X-CUBE-AZRTOS-H7RS.1.0.0
2025-08-30 21:55:32,041 [WARN] PackLoader:240 - Cannot read IP mode file for STMicroelectronics.FP-ATR-ASTRA1.2.0.0
2025-08-30 21:55:32,044 [WARN] PackLoader:240 - Cannot read IP mode file for STMicroelectronics.X-CUBE-TOF1.3.4.2
2025-08-30 21:55:32,050 [WARN] PackLoader:240 - Cannot read IP mode file for STMicroelectronics.X-CUBE-TOF1.3.4.3
2025-08-30 21:55:32,057 [WARN] PackLoader:240 - Cannot read IP mode file for STMicroelectronics.X-CUBE-TOF1.3.4.0
2025-08-30 21:55:32,063 [WARN] PackLoader:240 - Cannot read IP mode file for STMicroelectronics.X-CUBE-TOF1.3.4.1
2025-08-30 21:55:32,075 [WARN] PackLoader:240 - Cannot read IP mode file for STMicroelectronics.X-CUBE-AZRTOS-H7.3.2.0
2025-08-30 21:55:32,078 [WARN] PackLoader:240 - Cannot read IP mode file for wolfSSL.I-CUBE-wolfSSH.1.4.17
2025-08-30 21:55:32,078 [INFO] ThirdParty:978 - Integrity check success = true
2025-08-30 21:55:32,078 [INFO] IntegrityCheckThread:100 - exiting critical section [integrity check]
2025-08-30 21:55:32,078 [INFO] IntegrityCheckThread:103 - End integrity checks thread
2025-08-30 22:30:51,871 [ERROR] LogOutputStream:75 - [STDERR_REDIRECT] 
