Archive member included to satisfy reference by file (symbol)

/home/vakhaib/st/stm32cubeide_2.2.0/plugins/com.st.stm32cube.ide.mcu.externaltools.gnu-tools-for-stm32.14.3.rel1.linux64_1.0.100.202602081740/tools/bin/../lib/gcc/arm-none-eabi/14.3.1/../../../../arm-none-eabi/lib/thumb/v7-m/nofp/libc_nano.a(libc_a-exit.o)
                              /home/vakhaib/st/stm32cubeide_2.2.0/plugins/com.st.stm32cube.ide.mcu.externaltools.gnu-tools-for-stm32.14.3.rel1.linux64_1.0.100.202602081740/tools/bin/../lib/gcc/arm-none-eabi/14.3.1/../../../../arm-none-eabi/lib/thumb/v7-m/nofp/crt0.o (exit)
/home/vakhaib/st/stm32cubeide_2.2.0/plugins/com.st.stm32cube.ide.mcu.externaltools.gnu-tools-for-stm32.14.3.rel1.linux64_1.0.100.202602081740/tools/bin/../lib/gcc/arm-none-eabi/14.3.1/../../../../arm-none-eabi/lib/thumb/v7-m/nofp/libc_nano.a(libc_a-findfp.o)
                              /home/vakhaib/st/stm32cubeide_2.2.0/plugins/com.st.stm32cube.ide.mcu.externaltools.gnu-tools-for-stm32.14.3.rel1.linux64_1.0.100.202602081740/tools/bin/../lib/gcc/arm-none-eabi/14.3.1/../../../../arm-none-eabi/lib/thumb/v7-m/nofp/libc_nano.a(libc_a-exit.o) (__stdio_exit_handler)
/home/vakhaib/st/stm32cubeide_2.2.0/plugins/com.st.stm32cube.ide.mcu.externaltools.gnu-tools-for-stm32.14.3.rel1.linux64_1.0.100.202602081740/tools/bin/../lib/gcc/arm-none-eabi/14.3.1/../../../../arm-none-eabi/lib/thumb/v7-m/nofp/libc_nano.a(libc_a-fwalk.o)
                              /home/vakhaib/st/stm32cubeide_2.2.0/plugins/com.st.stm32cube.ide.mcu.externaltools.gnu-tools-for-stm32.14.3.rel1.linux64_1.0.100.202602081740/tools/bin/../lib/gcc/arm-none-eabi/14.3.1/../../../../arm-none-eabi/lib/thumb/v7-m/nofp/libc_nano.a(libc_a-findfp.o) (_fwalk_sglue)
/home/vakhaib/st/stm32cubeide_2.2.0/plugins/com.st.stm32cube.ide.mcu.externaltools.gnu-tools-for-stm32.14.3.rel1.linux64_1.0.100.202602081740/tools/bin/../lib/gcc/arm-none-eabi/14.3.1/../../../../arm-none-eabi/lib/thumb/v7-m/nofp/libc_nano.a(libc_a-snprintf.o)
                              ./Core/Src/main.o (snprintf)
/home/vakhaib/st/stm32cubeide_2.2.0/plugins/com.st.stm32cube.ide.mcu.externaltools.gnu-tools-for-stm32.14.3.rel1.linux64_1.0.100.202602081740/tools/bin/../lib/gcc/arm-none-eabi/14.3.1/../../../../arm-none-eabi/lib/thumb/v7-m/nofp/libc_nano.a(libc_a-stdio.o)
                              /home/vakhaib/st/stm32cubeide_2.2.0/plugins/com.st.stm32cube.ide.mcu.externaltools.gnu-tools-for-stm32.14.3.rel1.linux64_1.0.100.202602081740/tools/bin/../lib/gcc/arm-none-eabi/14.3.1/../../../../arm-none-eabi/lib/thumb/v7-m/nofp/libc_nano.a(libc_a-findfp.o) (__sread)
/home/vakhaib/st/stm32cubeide_2.2.0/plugins/com.st.stm32cube.ide.mcu.externaltools.gnu-tools-for-stm32.14.3.rel1.linux64_1.0.100.202602081740/tools/bin/../lib/gcc/arm-none-eabi/14.3.1/../../../../arm-none-eabi/lib/thumb/v7-m/nofp/libc_nano.a(libc_a-memset.o)
                              /home/vakhaib/st/stm32cubeide_2.2.0/plugins/com.st.stm32cube.ide.mcu.externaltools.gnu-tools-for-stm32.14.3.rel1.linux64_1.0.100.202602081740/tools/bin/../lib/gcc/arm-none-eabi/14.3.1/../../../../arm-none-eabi/lib/thumb/v7-m/nofp/crt0.o (memset)
/home/vakhaib/st/stm32cubeide_2.2.0/plugins/com.st.stm32cube.ide.mcu.externaltools.gnu-tools-for-stm32.14.3.rel1.linux64_1.0.100.202602081740/tools/bin/../lib/gcc/arm-none-eabi/14.3.1/../../../../arm-none-eabi/lib/thumb/v7-m/nofp/libc_nano.a(libc_a-closer.o)
                              /home/vakhaib/st/stm32cubeide_2.2.0/plugins/com.st.stm32cube.ide.mcu.externaltools.gnu-tools-for-stm32.14.3.rel1.linux64_1.0.100.202602081740/tools/bin/../lib/gcc/arm-none-eabi/14.3.1/../../../../arm-none-eabi/lib/thumb/v7-m/nofp/libc_nano.a(libc_a-stdio.o) (_close_r)
/home/vakhaib/st/stm32cubeide_2.2.0/plugins/com.st.stm32cube.ide.mcu.externaltools.gnu-tools-for-stm32.14.3.rel1.linux64_1.0.100.202602081740/tools/bin/../lib/gcc/arm-none-eabi/14.3.1/../../../../arm-none-eabi/lib/thumb/v7-m/nofp/libc_nano.a(libc_a-reent.o)
                              /home/vakhaib/st/stm32cubeide_2.2.0/plugins/com.st.stm32cube.ide.mcu.externaltools.gnu-tools-for-stm32.14.3.rel1.linux64_1.0.100.202602081740/tools/bin/../lib/gcc/arm-none-eabi/14.3.1/../../../../arm-none-eabi/lib/thumb/v7-m/nofp/libc_nano.a(libc_a-closer.o) (errno)
/home/vakhaib/st/stm32cubeide_2.2.0/plugins/com.st.stm32cube.ide.mcu.externaltools.gnu-tools-for-stm32.14.3.rel1.linux64_1.0.100.202602081740/tools/bin/../lib/gcc/arm-none-eabi/14.3.1/../../../../arm-none-eabi/lib/thumb/v7-m/nofp/libc_nano.a(libc_a-impure.o)
                              /home/vakhaib/st/stm32cubeide_2.2.0/plugins/com.st.stm32cube.ide.mcu.externaltools.gnu-tools-for-stm32.14.3.rel1.linux64_1.0.100.202602081740/tools/bin/../lib/gcc/arm-none-eabi/14.3.1/../../../../arm-none-eabi/lib/thumb/v7-m/nofp/libc_nano.a(libc_a-snprintf.o) (_impure_ptr)
[...]
Memory Configuration

Name             Origin             Length             Attributes
RAM              0x20000000         0x00005000         xrw
FLASH            0x08000000         0x00020000         xr
*default*        0x00000000         0xffffffff

Linker script and memory map

LOAD /home/vakhaib/st/stm32cubeide_2.2.0/plugins/com.st.stm32cube.ide.mcu.externaltools.gnu-tools-for-stm32.14.3.rel1.linux64_1.0.100.202602081740/tools/bin/../lib/gcc/arm-none-eabi/14.3.1/thumb/v7-m/nofp/crti.o
LOAD /home/vakhaib/st/stm32cubeide_2.2.0/plugins/com.st.stm32cube.ide.mcu.externaltools.gnu-tools-for-stm32.14.3.rel1.linux64_1.0.100.202602081740/tools/bin/../lib/gcc/arm-none-eabi/14.3.1/thumb/v7-m/nofp/crtbegin.o
LOAD /home/vakhaib/st/stm32cubeide_2.2.0/plugins/com.st.stm32cube.ide.mcu.externaltools.gnu-tools-for-stm32.14.3.rel1.linux64_1.0.100.202602081740/tools/bin/../lib/gcc/arm-none-eabi/14.3.1/../../../../arm-none-eabi/lib/thumb/v7-m/nofp/crt0.o
LOAD ./Core/Src/ST7920_SERIAL.o
LOAD ./Core/Src/main.o
LOAD ./Core/Src/stm32f1xx_hal_msp.o
LOAD ./Core/Src/stm32f1xx_it.o
LOAD ./Core/Src/syscalls.o
LOAD ./Core/Src/sysmem.o
LOAD ./Core/Src/system_stm32f1xx.o
LOAD ./Core/Startup/startup_stm32f103rbtx.o
LOAD ./Drivers/STM32F1xx_HAL_Driver/Src/stm32f1xx_hal.o
LOAD ./Drivers/STM32F1xx_HAL_Driver/Src/stm32f1xx_hal_adc.o
LOAD ./Drivers/STM32F1xx_HAL_Driver/Src/stm32f1xx_hal_adc_ex.o
LOAD ./Drivers/STM32F1xx_HAL_Driver/Src/stm32f1xx_hal_cortex.o
LOAD ./Drivers/STM32F1xx_HAL_Driver/Src/stm32f1xx_hal_dma.o
LOAD ./Drivers/STM32F1xx_HAL_Driver/Src/stm32f1xx_hal_exti.o
LOAD ./Drivers/STM32F1xx_HAL_Driver/Src/stm32f1xx_hal_flash.o
LOAD ./Drivers/STM32F1xx_HAL_Driver/Src/stm32f1xx_hal_flash_ex.o
LOAD ./Drivers/STM32F1xx_HAL_Driver/Src/stm32f1xx_hal_gpio.o
LOAD ./Drivers/STM32F1xx_HAL_Driver/Src/stm32f1xx_hal_gpio_ex.o
LOAD ./Drivers/STM32F1xx_HAL_Driver/Src/stm32f1xx_hal_pwr.o
LOAD ./Drivers/STM32F1xx_HAL_Driver/Src/stm32f1xx_hal_rcc.o
LOAD ./Drivers/STM32F1xx_HAL_Driver/Src/stm32f1xx_hal_rcc_ex.o
LOAD ./Drivers/STM32F1xx_HAL_Driver/Src/stm32f1xx_hal_tim.o
LOAD ./Drivers/STM32F1xx_HAL_Driver/Src/stm32f1xx_hal_tim_ex.o
START GROUP
LOAD /home/vakhaib/st/stm32cubeide_2.2.0/plugins/com.st.stm32cube.ide.mcu.externaltools.gnu-tools-for-stm32.14.3.rel1.linux64_1.0.100.202602081740/tools/bin/../lib/gcc/arm-none-eabi/14.3.1/../../../../arm-none-eabi/lib/thumb/v7-m/nofp/libc_nano.a
LOAD /home/vakhaib/st/stm32cubeide_2.2.0/plugins/com.st.stm32cube.ide.mcu.externaltools.gnu-tools-for-stm32.14.3.rel1.linux64_1.0.100.202602081740/tools/bin/../lib/gcc/arm-none-eabi/14.3.1/../../../../arm-none-eabi/lib/thumb/v7-m/nofp/libm.a
END GROUP
START GROUP
LOAD /home/vakhaib/st/stm32cubeide_2.2.0/plugins/com.st.stm32cube.ide.mcu.externaltools.gnu-tools-for-stm32.14.3.rel1.linux64_1.0.100.202602081740/tools/bin/../lib/gcc/arm-none-eabi/14.3.1/thumb/v7-m/nofp/libgcc.a
LOAD /home/vakhaib/st/stm32cubeide_2.2.0/plugins/com.st.stm32cube.ide.mcu.externaltools.gnu-tools-for-stm32.14.3.rel1.linux64_1.0.100.202602081740/tools/bin/../lib/gcc/arm-none-eabi/14.3.1/../../../../arm-none-eabi/lib/thumb/v7-m/nofp/libc_nano.a
END GROUP
START GROUP
LOAD /home/vakhaib/st/stm32cubeide_2.2.0/plugins/com.st.stm32cube.ide.mcu.externaltools.gnu-tools-for-stm32.14.3.rel1.linux64_1.0.100.202602081740/tools/bin/../lib/gcc/arm-none-eabi/14.3.1/thumb/v7-m/nofp/libgcc.a
LOAD /home/vakhaib/st/stm32cubeide_2.2.0/plugins/com.st.stm32cube.ide.mcu.externaltools.gnu-tools-for-stm32.14.3.rel1.linux64_1.0.100.202602081740/tools/bin/../lib/gcc/arm-none-eabi/14.3.1/../../../../arm-none-eabi/lib/thumb/v7-m/nofp/libc_nano.a
LOAD /home/vakhaib/st/stm32cubeide_2.2.0/plugins/com.st.stm32cube.ide.mcu.externaltools.gnu-tools-for-stm32.14.3.rel1.linux64_1.0.100.202602081740/tools/bin/../lib/gcc/arm-none-eabi/14.3.1/../../../../arm-none-eabi/lib/thumb/v7-m/nofp/libnosys.a
END GROUP
START GROUP
LOAD /home/vakhaib/st/stm32cubeide_2.2.0/plugins/com.st.stm32cube.ide.mcu.externaltools.gnu-tools-for-stm32.14.3.rel1.linux64_1.0.100.202602081740/tools/bin/../lib/gcc/arm-none-eabi/14.3.1/thumb/v7-m/nofp/libgcc.a
LOAD /home/vakhaib/st/stm32cubeide_2.2.0/plugins/com.st.stm32cube.ide.mcu.externaltools.gnu-tools-for-stm32.14.3.rel1.linux64_1.0.100.202602081740/tools/bin/../lib/gcc/arm-none-eabi/14.3.1/../../../../arm-none-eabi/lib/thumb/v7-m/nofp/libc_nano.a
LOAD /home/vakhaib/st/stm32cubeide_2.2.0/plugins/com.st.stm32cube.ide.mcu.externaltools.gnu-tools-for-stm32.14.3.rel1.linux64_1.0.100.202602081740/tools/bin/../lib/gcc/arm-none-eabi/14.3.1/../../../../arm-none-eabi/lib/thumb/v7-m/nofp/libnosys.a
END GROUP
LOAD /home/vakhaib/st/stm32cubeide_2.2.0/plugins/com.st.stm32cube.ide.mcu.externaltools.gnu-tools-for-stm32.14.3.rel1.linux64_1.0.100.202602081740/tools/bin/../lib/gcc/arm-none-eabi/14.3.1/thumb/v7-m/nofp/crtend.o
LOAD /home/vakhaib/st/stm32cubeide_2.2.0/plugins/com.st.stm32cube.ide.mcu.externaltools.gnu-tools-for-stm32.14.3.rel1.linux64_1.0.100.202602081740/tools/bin/../lib/gcc/arm-none-eabi/14.3.1/thumb/v7-m/nofp/crtn.o
                0x20005000                        _estack = (ORIGIN (RAM) + LENGTH (RAM))
                0x00000200                        _Min_Heap_Size = 0x200
                0x00000400                        _Min_Stack_Size = 0x400

.isr_vector     0x08000000      0x10c
                0x08000000                        . = ALIGN (0x4)
 *(.isr_vector)
 .isr_vector    0x08000000      0x10c ./Core/Startup/startup_stm32f103rbtx.o
                0x08000000                g_pfnVectors
                0x0800010c                        . = ALIGN (0x4)

.text           0x0800010c     0x71dc
                0x0800010c                        . = ALIGN (0x4)
 *(.text)
 .text          0x0800010c       0x40 /home/vakhaib/st/stm32cubeide_2.2.0/plugins/com.st.stm32cube.ide.mcu.externaltools.gnu-tools-for-stm32.14.3.rel1.linux64_1.0.100.202602081740/tools/bin/../lib/gcc/arm-none-eabi/14.3.1/thumb/v7-m/nofp/crtbegin.o
 .text          0x0800014c       0xa0 /home/vakhaib/st/stm32cubeide_2.2.0/plugins/com.st.stm32cube.ide.mcu.externaltools.gnu-tools-for-stm32.14.3.rel1.linux64_1.0.100.202602081740/tools/bin/../lib/gcc/arm-none-eabi/14.3.1/thumb/v7-m/nofp/libgcc.a(_aeabi_ldivmod.o)
                0x0800014c                __aeabi_ldivmod
 .text          0x080001ec      0x2f4 /home/vakhaib/st/stm32cubeide_2.2.0/plugins/com.st.stm32cube.ide.mcu.externaltools.gnu-tools-for-stm32.14.3.rel1.linux64_1.0.100.202602081740/tools/bin/../lib/gcc/arm-none-eabi/14.3.1/thumb/v7-m/nofp/libgcc.a(_udivmoddi4.o)
                0x080001ec                __udivmoddi4
 .text          0x080004e0        0x4 /home/vakhaib/st/stm32cubeide_2.2.0/plugins/com.st.stm32cube.ide.mcu.externaltools.gnu-tools-for-stm32.14.3.rel1.linux64_1.0.100.202602081740/tools/bin/../lib/gcc/arm-none-eabi/14.3.1/thumb/v7-m/nofp/libgcc.a(_dvmd_tls.o)
                0x080004e0                __aeabi_ldiv0
                0x080004e0                __aeabi_idiv0
 *(.text*)
 .text.delay_us
                0x080004e4       0x28 ./Core/Src/ST7920_SERIAL.o
                0x080004e4                delay_us
 .text.SendByteSPI
                0x0800050c       0x68 ./Core/Src/ST7920_SERIAL.o
                0x0800050c                SendByteSPI
 .text.ST7920_SendCmd
                0x08000574       0x50 ./Core/Src/ST7920_SERIAL.o
                0x08000574                ST7920_SendCmd
 .text.ST7920_SendData
                0x080005c4       0x50 ./Core/Src/ST7920_SERIAL.o
                0x080005c4                ST7920_SendData
 .text.ST7920_GraphicMode
                0x08000614       0x60 ./Core/Src/ST7920_SERIAL.o
                0x08000614                ST7920_GraphicMode
 .text.ST7920_DrawBitmap
                0x08000674      0x2b6 ./Core/Src/ST7920_SERIAL.o
                0x08000674                ST7920_DrawBitmap
 *fill*         0x0800092a        0x2 
 .text.GLCD_Buf_Clear
                0x0800092c       0x34 ./Core/Src/ST7920_SERIAL.o
                0x0800092c                GLCD_Buf_Clear
 .text.ST7920_Update
                0x08000960       0x14 ./Core/Src/ST7920_SERIAL.o
                0x08000960                ST7920_Update
 .text.ST7920_Clear
                0x08000974       0x94 ./Core/Src/ST7920_SERIAL.o
                0x08000974                ST7920_Clear
 .text.ST7920_Init
                0x08000a08       0x9c ./Core/Src/ST7920_SERIAL.o
                0x08000a08                ST7920_Init
 .text.GLCD_Font_Print
                0x08000aa4       0x7c ./Core/Src/ST7920_SERIAL.o
                0x08000aa4                GLCD_Font_Print
 .text.Encoder_GetSteps
                0x08000b20       0x1c ./Core/Src/main.o
 .text.PrintLineSel
                0x08000b3c       0x54 ./Core/Src/main.o
 .text.IsRelativeDegreeUnit
                0x08000b90       0x20 ./Core/Src/main.o
 .text.LengthUnitRatio
                0x08000bb0       0x38 ./Core/Src/main.o
 .text.TimeUnitSeconds
                0x08000be8       0x1e ./Core/Src/main.o
 *fill*         0x08000c06        0x2 
 .text.LengthUnitText
                0x08000c08       0x44 ./Core/Src/main.o
 .text.LengthUnitShortText
                0x08000c4c       0x44 ./Core/Src/main.o
 .text.PitchUnitText
                0x08000c90       0x44 ./Core/Src/main.o
 .text.TimeUnitText
                0x08000cd4       0x28 ./Core/Src/main.o
 .text.FormatHundredths
                0x08000cfc       0x70 ./Core/Src/main.o
 .text.DivRoundSigned
                0x08000d6c       0xce ./Core/Src/main.o
 .text.ConvertLengthValue
                0x08000e3a       0xa2 ./Core/Src/main.o
 .text.ConvertSpeedValue
                0x08000edc      0x11e ./Core/Src/main.o
 *fill*         0x08000ffa        0x2 
 .text.StepsForDistance
                0x08000ffc      0x160 ./Core/Src/main.o
 .text.StepHalfTicks
                0x0800115c      0x1b4 ./Core/Src/main.o
 .text.PhysicalSpeedCapHundredths
                0x08001310      0x114 ./Core/Src/main.o
 .text.PhysicalJogSpeedCapHundredths
                0x08001424       0xe8 ./Core/Src/main.o
 .text.JogTargetStepRate
                0x0800150c      0x19c ./Core/Src/main.o
 .text.MaxRychlostPerSecond
                0x080016a8       0x10 ./Core/Src/main.o
 .text.RychlostEditMax
                0x080016b8       0x94 ./Core/Src/main.o
 .text.ClampSpeedValues
                0x0800174c       0x60 ./Core/Src/main.o
 .text.ClampJogValues
                0x080017ac       0x80 ./Core/Src/main.o
 .text.LimitHit
                0x0800182c       0x18 ./Core/Src/main.o
 .text.Isqrt64  0x08001844       0xfa ./Core/Src/main.o
 *fill*         0x0800193e        0x2 
 .text.AccelerationA2
                0x08001940      0x148 ./Core/Src/main.o
 .text.RampA2   0x08001a88       0x20 ./Core/Src/main.o
 .text.RampHalfTicks
                0x08001aa8       0x74 ./Core/Src/main.o
 .text.MotorMove
                0x08001b1c      0x138 ./Core/Src/main.o
 .text.NormalizePositionValue
                0x08001c54       0x78 ./Core/Src/main.o
 .text.AbsolutePositionDeltaSteps
                0x08001ccc      0x148 ./Core/Src/main.o
 .text.ConvertUnitDependentValues
                0x08001e14      0x118 ./Core/Src/main.o
 .text.Edit_Binding
                0x08001f2c      0x190 ./Core/Src/main.o
 .text.DirApply
                0x080020bc       0x48 ./Core/Src/main.o
 .text.ReadDirectionSwitch
                0x08002104       0x34 ./Core/Src/main.o
 .text.JogMove  0x08002138      0x210 ./Core/Src/main.o
 .text.Settings_Checksum
                0x08002348       0x3e ./Core/Src/main.o
 *fill*         0x08002386        0x2 
 .text.Settings_Load
                0x08002388      0x12c ./Core/Src/main.o
 .text.Settings_Save
                0x080024b4      0x170 ./Core/Src/main.o
 .text.main     0x08002624      0x904 ./Core/Src/main.o
                0x08002624                main
 .text.SystemClock_Config
                0x08002f28       0xb6 ./Core/Src/main.o
                0x08002f28                SystemClock_Config
 *fill*         0x08002fde        0x2 
 .text.MX_ADC1_Init
                0x08002fe0       0x7c ./Core/Src/main.o
 .text.MX_ADC2_Init
                0x0800305c       0x7c ./Core/Src/main.o
 .text.MX_TIM1_Init
                0x080030d8       0xa0 ./Core/Src/main.o
 .text.MX_TIM2_Init
                0x08003178       0xa8 ./Core/Src/main.o
 .text.MX_TIM4_Init
                0x08003220       0x9c ./Core/Src/main.o
 .text.MX_GPIO_Init
                0x080032bc      0x1a4 ./Core/Src/main.o
 .text.Confirm_Action
                0x08003460      0x36c ./Core/Src/main.o
 .text.Keypad_Task
                0x080037cc      0x18c ./Core/Src/main.o
 .text.HAL_GPIO_EXTI_Callback
                0x08003958       0xd0 ./Core/Src/main.o
                0x08003958                HAL_GPIO_EXTI_Callback
 .text.delay_us_motor
                0x08003a28       0x3c ./Core/Src/main.o
                0x08003a28                delay_us_motor
 .text.Menu_KeepVisible
                0x08003a64       0x6c ./Core/Src/main.o
 .text.Menu_Draw
                0x08003ad0       0x98 ./Core/Src/main.o
 .text.Inside_CursorCount
                0x08003b68       0x40 ./Core/Src/main.o
 .text.Inside_KeepVisible
                0x08003ba8       0x70 ./Core/Src/main.o
 .text.Inside_Draw
                0x08003c18      0x618 ./Core/Src/main.o
 .text.Menu_Init
                0x08004230       0x3c ./Core/Src/main.o
                0x08004230                Menu_Init
 .text.Menu_Inside_Init
                0x0800426c       0x3c ./Core/Src/main.o
                0x0800426c                Menu_Inside_Init
 .text.Menu_Task
                0x080042a8       0xc4 ./Core/Src/main.o
                0x080042a8                Menu_Task
 .text.Menu_Inside
                0x0800436c       0xbc ./Core/Src/main.o
                0x0800436c                Menu_Inside
 .text.Keypad_ScanRaw
                0x08004428       0xcc ./Core/Src/main.o
 .text.Error_Handler
                0x080044f4        0xc ./Core/Src/main.o
                0x080044f4                Error_Handler
 .text.HAL_MspInit
                0x08004500       0x64 ./Core/Src/stm32f1xx_hal_msp.o
                0x08004500                HAL_MspInit
 .text.HAL_ADC_MspInit
                0x08004564       0xcc ./Core/Src/stm32f1xx_hal_msp.o
                0x08004564                HAL_ADC_MspInit
 .text.HAL_TIM_Base_MspInit
                0x08004630       0x64 ./Core/Src/stm32f1xx_hal_msp.o
                0x08004630                HAL_TIM_Base_MspInit
 .text.HAL_TIM_Encoder_MspInit
                0x08004694      0x108 ./Core/Src/stm32f1xx_hal_msp.o
                0x08004694                HAL_TIM_Encoder_MspInit
 .text.NMI_Handler
                0x0800479c        0x8 ./Core/Src/stm32f1xx_it.o
                0x0800479c                NMI_Handler
 .text.HardFault_Handler
                0x080047a4        0x8 ./Core/Src/stm32f1xx_it.o
                0x080047a4                HardFault_Handler
 .text.MemManage_Handler
                0x080047ac        0x8 ./Core/Src/stm32f1xx_it.o
                0x080047ac                MemManage_Handler
 .text.BusFault_Handler
                0x080047b4        0x8 ./Core/Src/stm32f1xx_it.o
                0x080047b4                BusFault_Handler
 .text.UsageFault_Handler
                0x080047bc        0x8 ./Core/Src/stm32f1xx_it.o
                0x080047bc                UsageFault_Handler
 .text.SVC_Handler
                0x080047c4        0xc ./Core/Src/stm32f1xx_it.o
                0x080047c4                SVC_Handler
 .text.DebugMon_Handler
                0x080047d0        0xc ./Core/Src/stm32f1xx_it.o
                0x080047d0                DebugMon_Handler
 .text.PendSV_Handler
                0x080047dc        0xc ./Core/Src/stm32f1xx_it.o
                0x080047dc                PendSV_Handler
 .text.SysTick_Handler
                0x080047e8        0xc ./Core/Src/stm32f1xx_it.o
                0x080047e8                SysTick_Handler
 .text.EXTI1_IRQHandler
                0x080047f4        0xe ./Core/Src/stm32f1xx_it.o
                0x080047f4                EXTI1_IRQHandler
 .text.EXTI9_5_IRQHandler
                0x08004802       0x14 ./Core/Src/stm32f1xx_it.o
                0x08004802                EXTI9_5_IRQHandler
 .text.EXTI3_IRQHandler
                0x08004816        0xe ./Core/Src/stm32f1xx_it.o
                0x08004816                EXTI3_IRQHandler
 .text.EXTI4_IRQHandler
                0x08004824        0xe ./Core/Src/stm32f1xx_it.o
                0x08004824                EXTI4_IRQHandler
 *fill*         0x08004832        0x2 
 .text._sbrk    0x08004834       0x6c ./Core/Src/sysmem.o
                0x08004834                _sbrk
 .text.SystemInit
                0x080048a0        0xc ./Core/Src/system_stm32f1xx.o
                0x080048a0                SystemInit
 .text.Reset_Handler
                0x080048ac       0x48 ./Core/Startup/startup_stm32f103rbtx.o
                0x080048ac                Reset_Handler
 .text.Default_Handler
                0x080048f4        0x2 ./Core/Startup/startup_stm32f103rbtx.o
                0x080048f4                RTC_Alarm_IRQHandler
                0x080048f4                EXTI2_IRQHandler
                0x080048f4                TIM1_CC_IRQHandler
                0x080048f4                PVD_IRQHandler
                0x080048f4                EXTI0_IRQHandler
                0x080048f4                I2C2_EV_IRQHandler
                0x080048f4                ADC1_2_IRQHandler
                0x080048f4                SPI1_IRQHandler
                0x080048f4                TAMPER_IRQHandler
                0x080048f4                DMA1_Channel4_IRQHandler
                0x080048f4                USART3_IRQHandler
                0x080048f4                RTC_IRQHandler
                0x080048f4                DMA1_Channel7_IRQHandler
                0x080048f4                CAN1_RX1_IRQHandler
                0x080048f4                TIM4_IRQHandler
                0x080048f4                I2C1_EV_IRQHandler
                0x080048f4                DMA1_Channel6_IRQHandler
                0x080048f4                TIM3_IRQHandler
                0x080048f4                RCC_IRQHandler
                0x080048f4                TIM1_TRG_COM_IRQHandler
                0x080048f4                DMA1_Channel1_IRQHandler
                0x080048f4                Default_Handler
                0x080048f4                EXTI15_10_IRQHandler
                0x080048f4                SPI2_IRQHandler
                0x080048f4                DMA1_Channel5_IRQHandler
                0x080048f4                USB_LP_CAN1_RX0_IRQHandler
                0x080048f4                USB_HP_CAN1_TX_IRQHandler
                0x080048f4                DMA1_Channel3_IRQHandler
                0x080048f4                TIM1_UP_IRQHandler
                0x080048f4                WWDG_IRQHandler
                0x080048f4                TIM2_IRQHandler
                0x080048f4                TIM1_BRK_IRQHandler
                0x080048f4                USART2_IRQHandler
                0x080048f4                I2C2_ER_IRQHandler
                0x080048f4                DMA1_Channel2_IRQHandler
                0x080048f4                CAN1_SCE_IRQHandler
                0x080048f4                FLASH_IRQHandler
                0x080048f4                USART1_IRQHandler
                0x080048f4                I2C1_ER_IRQHandler
                0x080048f4                USBWakeUp_IRQHandler
 *fill*         0x080048f6        0x2 
 .text.HAL_Init
                0x080048f8       0x2c ./Drivers/STM32F1xx_HAL_Driver/Src/stm32f1xx_hal.o
                0x080048f8                HAL_Init
 .text.HAL_InitTick
                0x08004924       0x60 ./Drivers/STM32F1xx_HAL_Driver/Src/stm32f1xx_hal.o
                0x08004924                HAL_InitTick
 .text.HAL_IncTick
                0x08004984       0x24 ./Drivers/STM32F1xx_HAL_Driver/Src/stm32f1xx_hal.o
                0x08004984                HAL_IncTick
 .text.HAL_GetTick
                0x080049a8       0x14 ./Drivers/STM32F1xx_HAL_Driver/Src/stm32f1xx_hal.o
                0x080049a8                HAL_GetTick
 .text.HAL_Delay
                0x080049bc       0x48 ./Drivers/STM32F1xx_HAL_Driver/Src/stm32f1xx_hal.o
                0x080049bc                HAL_Delay
 .text.HAL_ADC_Init
                0x08004a04      0x1b0 ./Drivers/STM32F1xx_HAL_Driver/Src/stm32f1xx_hal_adc.o
                0x08004a04                HAL_ADC_Init
 .text.HAL_ADC_ConfigChannel
                0x08004bb4      0x1f0 ./Drivers/STM32F1xx_HAL_Driver/Src/stm32f1xx_hal_adc.o
                0x08004bb4                HAL_ADC_ConfigChannel
 .text.ADC_ConversionStop_Disable
                0x08004da4       0x82 ./Drivers/STM32F1xx_HAL_Driver/Src/stm32f1xx_hal_adc.o
                0x08004da4                ADC_ConversionStop_Disable
 *fill*         0x08004e26        0x2 
 .text.__NVIC_SetPriorityGrouping
                0x08004e28       0x48 ./Drivers/STM32F1xx_HAL_Driver/Src/stm32f1xx_hal_cortex.o
 .text.__NVIC_GetPriorityGrouping
                0x08004e70       0x1c ./Drivers/STM32F1xx_HAL_Driver/Src/stm32f1xx_hal_cortex.o
 .text.__NVIC_EnableIRQ
                0x08004e8c       0x38 ./Drivers/STM32F1xx_HAL_Driver/Src/stm32f1xx_hal_cortex.o
 .text.__NVIC_SetPriority
                0x08004ec4       0x54 ./Drivers/STM32F1xx_HAL_Driver/Src/stm32f1xx_hal_cortex.o
 .text.NVIC_EncodePriority
                0x08004f18       0x64 ./Drivers/STM32F1xx_HAL_Driver/Src/stm32f1xx_hal_cortex.o
 .text.SysTick_Config
                0x08004f7c       0x44 ./Drivers/STM32F1xx_HAL_Driver/Src/stm32f1xx_hal_cortex.o
 .text.HAL_NVIC_SetPriorityGrouping
                0x08004fc0       0x16 ./Drivers/STM32F1xx_HAL_Driver/Src/stm32f1xx_hal_cortex.o
                0x08004fc0                HAL_NVIC_SetPriorityGrouping
 .text.HAL_NVIC_SetPriority
                0x08004fd6       0x38 ./Drivers/STM32F1xx_HAL_Driver/Src/stm32f1xx_hal_cortex.o
                0x08004fd6                HAL_NVIC_SetPriority
 .text.HAL_NVIC_EnableIRQ
                0x0800500e       0x1c ./Drivers/STM32F1xx_HAL_Driver/Src/stm32f1xx_hal_cortex.o
                0x0800500e                HAL_NVIC_EnableIRQ
 .text.HAL_SYSTICK_Config
                0x0800502a       0x18 ./Drivers/STM32F1xx_HAL_Driver/Src/stm32f1xx_hal_cortex.o
                0x0800502a                HAL_SYSTICK_Config
 *fill*         0x08005042        0x2 
 .text.HAL_FLASH_Program
                0x08005044       0xe0 ./Drivers/STM32F1xx_HAL_Driver/Src/stm32f1xx_hal_flash.o
                0x08005044                HAL_FLASH_Program
 .text.HAL_FLASH_Unlock
                0x08005124       0x4c ./Drivers/STM32F1xx_HAL_Driver/Src/stm32f1xx_hal_flash.o
                0x08005124                HAL_FLASH_Unlock
 .text.HAL_FLASH_Lock
                0x08005170       0x20 ./Drivers/STM32F1xx_HAL_Driver/Src/stm32f1xx_hal_flash.o
                0x08005170                HAL_FLASH_Lock
 .text.FLASH_Program_HalfWord
                0x08005190       0x38 ./Drivers/STM32F1xx_HAL_Driver/Src/stm32f1xx_hal_flash.o
 .text.FLASH_WaitForLastOperation
                0x080051c8       0x8c ./Drivers/STM32F1xx_HAL_Driver/Src/stm32f1xx_hal_flash.o
                0x080051c8                FLASH_WaitForLastOperation
 .text.FLASH_SetErrorCode
                0x08005254       0xa0 ./Drivers/STM32F1xx_HAL_Driver/Src/stm32f1xx_hal_flash.o
 .text.HAL_FLASHEx_Erase
                0x080052f4       0xd8 ./Drivers/STM32F1xx_HAL_Driver/Src/stm32f1xx_hal_flash_ex.o
                0x080052f4                HAL_FLASHEx_Erase
 .text.FLASH_MassErase
                0x080053cc       0x38 ./Drivers/STM32F1xx_HAL_Driver/Src/stm32f1xx_hal_flash_ex.o
 .text.FLASH_PageErase
                0x08005404       0x40 ./Drivers/STM32F1xx_HAL_Driver/Src/stm32f1xx_hal_flash_ex.o
                0x08005404                FLASH_PageErase
 .text.HAL_GPIO_Init
                0x08005444      0x308 ./Drivers/STM32F1xx_HAL_Driver/Src/stm32f1xx_hal_gpio.o
                0x08005444                HAL_GPIO_Init
 .text.HAL_GPIO_ReadPin
                0x0800574c       0x2e ./Drivers/STM32F1xx_HAL_Driver/Src/stm32f1xx_hal_gpio.o
                0x0800574c                HAL_GPIO_ReadPin
 .text.HAL_GPIO_WritePin
                0x0800577a       0x30 ./Drivers/STM32F1xx_HAL_Driver/Src/stm32f1xx_hal_gpio.o
                0x0800577a                HAL_GPIO_WritePin
 *fill*         0x080057aa        0x2 
 .text.HAL_GPIO_EXTI_IRQHandler
                0x080057ac       0x30 ./Drivers/STM32F1xx_HAL_Driver/Src/stm32f1xx_hal_gpio.o
                0x080057ac                HAL_GPIO_EXTI_IRQHandler
 .text.HAL_RCC_OscConfig
                0x080057dc      0x504 ./Drivers/STM32F1xx_HAL_Driver/Src/stm32f1xx_hal_rcc.o
                0x080057dc                HAL_RCC_OscConfig
 .text.HAL_RCC_ClockConfig
                0x08005ce0      0x1d4 ./Drivers/STM32F1xx_HAL_Driver/Src/stm32f1xx_hal_rcc.o
                0x08005ce0                HAL_RCC_ClockConfig
 .text.HAL_RCC_GetSysClockFreq
                0x08005eb4       0xac ./Drivers/STM32F1xx_HAL_Driver/Src/stm32f1xx_hal_rcc.o
                0x08005eb4                HAL_RCC_GetSysClockFreq
 .text.RCC_Delay
                0x08005f60       0x3c ./Drivers/STM32F1xx_HAL_Driver/Src/stm32f1xx_hal_rcc.o
 .text.HAL_RCCEx_PeriphCLKConfig
                0x08005f9c      0x16c ./Drivers/STM32F1xx_HAL_Driver/Src/stm32f1xx_hal_rcc_ex.o
                0x08005f9c                HAL_RCCEx_PeriphCLKConfig
 .text.HAL_TIM_Base_Init
                0x08006108       0x9e ./Drivers/STM32F1xx_HAL_Driver/Src/stm32f1xx_hal_tim.o
                0x08006108                HAL_TIM_Base_Init
 *fill*         0x080061a6        0x2 
 .text.HAL_TIM_Base_Start
                0x080061a8       0x94 ./Drivers/STM32F1xx_HAL_Driver/Src/stm32f1xx_hal_tim.o
                0x080061a8                HAL_TIM_Base_Start
 .text.HAL_TIM_Encoder_Init
                0x0800623c      0x144 ./Drivers/STM32F1xx_HAL_Driver/Src/stm32f1xx_hal_tim.o
                0x0800623c                HAL_TIM_Encoder_Init
 .text.HAL_TIM_Encoder_Start
                0x08006380      0x11c ./Drivers/STM32F1xx_HAL_Driver/Src/stm32f1xx_hal_tim.o
                0x08006380                HAL_TIM_Encoder_Start
 .text.HAL_TIM_ConfigClockSource
                0x0800649c      0x18e ./Drivers/STM32F1xx_HAL_Driver/Src/stm32f1xx_hal_tim.o
                0x0800649c                HAL_TIM_ConfigClockSource
 *fill*         0x0800662a        0x2 
 .text.TIM_Base_SetConfig
                0x0800662c       0xdc ./Drivers/STM32F1xx_HAL_Driver/Src/stm32f1xx_hal_tim.o
                0x0800662c                TIM_Base_SetConfig
 .text.TIM_TI1_ConfigInputStage
                0x08006708       0x5c ./Drivers/STM32F1xx_HAL_Driver/Src/stm32f1xx_hal_tim.o
 .text.TIM_TI2_ConfigInputStage
                0x08006764       0x5e ./Drivers/STM32F1xx_HAL_Driver/Src/stm32f1xx_hal_tim.o
 .text.TIM_ITRx_SetConfig
                0x080067c2       0x34 ./Drivers/STM32F1xx_HAL_Driver/Src/stm32f1xx_hal_tim.o
 .text.TIM_ETR_SetConfig
                0x080067f6       0x3e ./Drivers/STM32F1xx_HAL_Driver/Src/stm32f1xx_hal_tim.o
                0x080067f6                TIM_ETR_SetConfig
 .text.TIM_CCxChannelCmd
                0x08006834       0x48 ./Drivers/STM32F1xx_HAL_Driver/Src/stm32f1xx_hal_tim.o
                0x08006834                TIM_CCxChannelCmd
 .text.HAL_TIMEx_MasterConfigSynchronization
                0x0800687c       0xbc ./Drivers/STM32F1xx_HAL_Driver/Src/stm32f1xx_hal_tim_ex.o
                0x0800687c                HAL_TIMEx_MasterConfigSynchronization
 .text.snprintf
                0x08006938       0x6c /home/vakhaib/st/stm32cubeide_2.2.0/plugins/com.st.stm32cube.ide.mcu.externaltools.gnu-tools-for-stm32.14.3.rel1.linux64_1.0.100.202602081740/tools/bin/../lib/gcc/arm-none-eabi/14.3.1/../../../../arm-none-eabi/lib/thumb/v7-m/nofp/libc_nano.a(libc_a-snprintf.o)
                0x08006938                snprintf
                0x08006938                sniprintf
 .text.memset   0x080069a4       0x10 /home/vakhaib/st/stm32cubeide_2.2.0/plugins/com.st.stm32cube.ide.mcu.externaltools.gnu-tools-for-stm32.14.3.rel1.linux64_1.0.100.202602081740/tools/bin/../lib/gcc/arm-none-eabi/14.3.1/../../../../arm-none-eabi/lib/thumb/v7-m/nofp/libc_nano.a(libc_a-memset.o)
                0x080069a4                memset
 .text.__errno  0x080069b4        0xc /home/vakhaib/st/stm32cubeide_2.2.0/plugins/com.st.stm32cube.ide.mcu.externaltools.gnu-tools-for-stm32.14.3.rel1.linux64_1.0.100.202602081740/tools/bin/../lib/gcc/arm-none-eabi/14.3.1/../../../../arm-none-eabi/lib/thumb/v7-m/nofp/libc_nano.a(libc_a-errno.o)
                0x080069b4                __errno
 .text.__libc_init_array
                0x080069c0       0x48 /home/vakhaib/st/stm32cubeide_2.2.0/plugins/com.st.stm32cube.ide.mcu.externaltools.gnu-tools-for-stm32.14.3.rel1.linux64_1.0.100.202602081740/tools/bin/../lib/gcc/arm-none-eabi/14.3.1/../../../../arm-none-eabi/lib/thumb/v7-m/nofp/libc_nano.a(libc_a-init.o)
                0x080069c0                __libc_init_array
 .text.__retarget_lock_acquire_recursive
                0x08006a08        0x2 /home/vakhaib/st/stm32cubeide_2.2.0/plugins/com.st.stm32cube.ide.mcu.externaltools.gnu-tools-for-stm32.14.3.rel1.linux64_1.0.100.202602081740/tools/bin/../lib/gcc/arm-none-eabi/14.3.1/../../../../arm-none-eabi/lib/thumb/v7-m/nofp/libc_nano.a(libc_a-lock.o)
                0x08006a08                __retarget_lock_acquire_recursive
 .text.__retarget_lock_release_recursive
                0x08006a0a        0x2 /home/vakhaib/st/stm32cubeide_2.2.0/plugins/com.st.stm32cube.ide.mcu.externaltools.gnu-tools-for-stm32.14.3.rel1.linux64_1.0.100.202602081740/tools/bin/../lib/gcc/arm-none-eabi/14.3.1/../../../../arm-none-eabi/lib/thumb/v7-m/nofp/libc_nano.a(libc_a-lock.o)
                0x08006a0a                __retarget_lock_release_recursive
 .text.memcpy   0x08006a0c       0x1c /home/vakhaib/st/stm32cubeide_2.2.0/plugins/com.st.stm32cube.ide.mcu.externaltools.gnu-tools-for-stm32.14.3.rel1.linux64_1.0.100.202602081740/tools/bin/../lib/gcc/arm-none-eabi/14.3.1/../../../../arm-none-eabi/lib/thumb/v7-m/nofp/libc_nano.a(libc_a-memcpy-stub.o)
                0x08006a0c                memcpy
 .text._free_r  0x08006a28       0x90 /home/vakhaib/st/stm32cubeide_2.2.0/plugins/com.st.stm32cube.ide.mcu.externaltools.gnu-tools-for-stm32.14.3.rel1.linux64_1.0.100.202602081740/tools/bin/../lib/gcc/arm-none-eabi/14.3.1/../../../../arm-none-eabi/lib/thumb/v7-m/nofp/libc_nano.a(libc_a-freer.o)
                0x08006a28                _free_r
 .text.sbrk_aligned
                0x08006ab8       0x44 /home/vakhaib/st/stm32cubeide_2.2.0/plugins/com.st.stm32cube.ide.mcu.externaltools.gnu-tools-for-stm32.14.3.rel1.linux64_1.0.100.202602081740/tools/bin/../lib/gcc/arm-none-eabi/14.3.1/../../../../arm-none-eabi/lib/thumb/v7-m/nofp/libc_nano.a(libc_a-mallocr.o)
 .text._malloc_r
                0x08006afc      0x100 /home/vakhaib/st/stm32cubeide_2.2.0/plugins/com.st.stm32cube.ide.mcu.externaltools.gnu-tools-for-stm32.14.3.rel1.linux64_1.0.100.202602081740/tools/bin/../lib/gcc/arm-none-eabi/14.3.1/../../../../arm-none-eabi/lib/thumb/v7-m/nofp/libc_nano.a(libc_a-mallocr.o)
                0x08006afc                _malloc_r
 .text.__malloc_lock
                0x08006bfc        0xc /home/vakhaib/st/stm32cubeide_2.2.0/plugins/com.st.stm32cube.ide.mcu.externaltools.gnu-tools-for-stm32.14.3.rel1.linux64_1.0.100.202602081740/tools/bin/../lib/gcc/arm-none-eabi/14.3.1/../../../../arm-none-eabi/lib/thumb/v7-m/nofp/libc_nano.a(libc_a-mlock.o)
                0x08006bfc                __malloc_lock
 .text.__malloc_unlock
                0x08006c08        0xc /home/vakhaib/st/stm32cubeide_2.2.0/plugins/com.st.stm32cube.ide.mcu.externaltools.gnu-tools-for-stm32.14.3.rel1.linux64_1.0.100.202602081740/tools/bin/../lib/gcc/arm-none-eabi/14.3.1/../../../../arm-none-eabi/lib/thumb/v7-m/nofp/libc_nano.a(libc_a-mlock.o)
                0x08006c08                __malloc_unlock
 .text.__ssputs_r
                0x08006c14       0xc0 /home/vakhaib/st/stm32cubeide_2.2.0/plugins/com.st.stm32cube.ide.mcu.externaltools.gnu-tools-for-stm32.14.3.rel1.linux64_1.0.100.202602081740/tools/bin/../lib/gcc/arm-none-eabi/14.3.1/../../../../arm-none-eabi/lib/thumb/v7-m/nofp/libc_nano.a(libc_a-nano-svfprintf.o)
                0x08006c14                __ssputs_r
 .text._svfprintf_r
                0x08006cd4      0x1f0 /home/vakhaib/st/stm32cubeide_2.2.0/plugins/com.st.stm32cube.ide.mcu.externaltools.gnu-tools-for-stm32.14.3.rel1.linux64_1.0.100.202602081740/tools/bin/../lib/gcc/arm-none-eabi/14.3.1/../../../../arm-none-eabi/lib/thumb/v7-m/nofp/libc_nano.a(libc_a-nano-svfprintf.o)
                0x08006cd4                _svfprintf_r
                0x08006cd4                _svfiprintf_r
 .text._printf_common
                0x08006ec4       0xe4 /home/vakhaib/st/stm32cubeide_2.2.0/plugins/com.st.stm32cube.ide.mcu.externaltools.gnu-tools-for-stm32.14.3.rel1.linux64_1.0.100.202602081740/tools/bin/../lib/gcc/arm-none-eabi/14.3.1/../../../../arm-none-eabi/lib/thumb/v7-m/nofp/libc_nano.a(libc_a-nano-vfprintf_i.o)
                0x08006ec4                _printf_common
 .text._printf_i
                0x08006fa8      0x24c /home/vakhaib/st/stm32cubeide_2.2.0/plugins/com.st.stm32cube.ide.mcu.externaltools.gnu-tools-for-stm32.14.3.rel1.linux64_1.0.100.202602081740/tools/bin/../lib/gcc/arm-none-eabi/14.3.1/../../../../arm-none-eabi/lib/thumb/v7-m/nofp/libc_nano.a(libc_a-nano-vfprintf_i.o)
                0x08006fa8                _printf_i
 .text.memmove  0x080071f4       0x32 /home/vakhaib/st/stm32cubeide_2.2.0/plugins/com.st.stm32cube.ide.mcu.externaltools.gnu-tools-for-stm32.14.3.rel1.linux64_1.0.100.202602081740/tools/bin/../lib/gcc/arm-none-eabi/14.3.1/../../../../arm-none-eabi/lib/thumb/v7-m/nofp/libc_nano.a(libc_a-memmove.o)
                0x080071f4                memmove
 *fill*         0x08007226        0x2 
 .text._sbrk_r  0x08007228       0x20 /home/vakhaib/st/stm32cubeide_2.2.0/plugins/com.st.stm32cube.ide.mcu.externaltools.gnu-tools-for-stm32.14.3.rel1.linux64_1.0.100.202602081740/tools/bin/../lib/gcc/arm-none-eabi/14.3.1/../../../../arm-none-eabi/lib/thumb/v7-m/nofp/libc_nano.a(libc_a-sbrkr.o)
                0x08007228                _sbrk_r
 .text.memchr   0x08007248       0x1c /home/vakhaib/st/stm32cubeide_2.2.0/plugins/com.st.stm32cube.ide.mcu.externaltools.gnu-tools-for-stm32.14.3.rel1.linux64_1.0.100.202602081740/tools/bin/../lib/gcc/arm-none-eabi/14.3.1/../../../../arm-none-eabi/lib/thumb/v7-m/nofp/libc_nano.a(libc_a-memchr-stub.o)
                0x08007248                memchr
 .text._realloc_r
                0x08007264       0x5c /home/vakhaib/st/stm32cubeide_2.2.0/plugins/com.st.stm32cube.ide.mcu.externaltools.gnu-tools-for-stm32.14.3.rel1.linux64_1.0.100.202602081740/tools/bin/../lib/gcc/arm-none-eabi/14.3.1/../../../../arm-none-eabi/lib/thumb/v7-m/nofp/libc_nano.a(libc_a-reallocr.o)
                0x08007264                _realloc_r
 .text._malloc_usable_size_r
                0x080072c0       0x10 /home/vakhaib/st/stm32cubeide_2.2.0/plugins/com.st.stm32cube.ide.mcu.externaltools.gnu-tools-for-stm32.14.3.rel1.linux64_1.0.100.202602081740/tools/bin/../lib/gcc/arm-none-eabi/14.3.1/../../../../arm-none-eabi/lib/thumb/v7-m/nofp/libc_nano.a(libc_a-msizer.o)
                0x080072c0                _malloc_usable_size_r
 *(.glue_7)
 .glue_7        0x080072d0        0x0 linker stubs
 *(.glue_7t)
 .glue_7t       0x080072d0        0x0 linker stubs
 *(.eh_frame)
 .eh_frame      0x080072d0        0x0 /home/vakhaib/st/stm32cubeide_2.2.0/plugins/com.st.stm32cube.ide.mcu.externaltools.gnu-tools-for-stm32.14.3.rel1.linux64_1.0.100.202602081740/tools/bin/../lib/gcc/arm-none-eabi/14.3.1/thumb/v7-m/nofp/crtbegin.o
 *(.init)
 .init          0x080072d0        0x4 /home/vakhaib/st/stm32cubeide_2.2.0/plugins/com.st.stm32cube.ide.mcu.externaltools.gnu-tools-for-stm32.14.3.rel1.linux64_1.0.100.202602081740/tools/bin/../lib/gcc/arm-none-eabi/14.3.1/thumb/v7-m/nofp/crti.o
                0x080072d0                _init
 .init          0x080072d4        0x8 /home/vakhaib/st/stm32cubeide_2.2.0/plugins/com.st.stm32cube.ide.mcu.externaltools.gnu-tools-for-stm32.14.3.rel1.linux64_1.0.100.202602081740/tools/bin/../lib/gcc/arm-none-eabi/14.3.1/thumb/v7-m/nofp/crtn.o
 *(.fini)
 .fini          0x080072dc        0x4 /home/vakhaib/st/stm32cubeide_2.2.0/plugins/com.st.stm32cube.ide.mcu.externaltools.gnu-tools-for-stm32.14.3.rel1.linux64_1.0.100.202602081740/tools/bin/../lib/gcc/arm-none-eabi/14.3.1/thumb/v7-m/nofp/crti.o
                0x080072dc                _fini
 .fini          0x080072e0        0x8 /home/vakhaib/st/stm32cubeide_2.2.0/plugins/com.st.stm32cube.ide.mcu.externaltools.gnu-tools-for-stm32.14.3.rel1.linux64_1.0.100.202602081740/tools/bin/../lib/gcc/arm-none-eabi/14.3.1/thumb/v7-m/nofp/crtn.o
                0x080072e8                        . = ALIGN (0x4)
                0x080072e8                        _etext = .

.vfp11_veneer   0x080072e8        0x0
 .vfp11_veneer  0x080072e8        0x0 linker stubs

.v4_bx          0x080072e8        0x0
 .v4_bx         0x080072e8        0x0 linker stubs

.iplt           0x080072e8        0x0
 .iplt          0x080072e8        0x0 /home/vakhaib/st/stm32cubeide_2.2.0/plugins/com.st.stm32cube.ide.mcu.externaltools.gnu-tools-for-stm32.14.3.rel1.linux64_1.0.100.202602081740/tools/bin/../lib/gcc/arm-none-eabi/14.3.1/thumb/v7-m/nofp/crtbegin.o

.rodata         0x080072e8      0xa1c
                0x080072e8                        . = ALIGN (0x4)
 *(.rodata)
 .rodata        0x080072e8      0x1b1 ./Core/Src/main.o
 *(.rodata*)
 *fill*         0x08007499        0x3 
 .rodata.Font   0x0800749c      0x800 ./Core/Src/ST7920_SERIAL.o
                0x0800749c                Font
 .rodata.keymap
                0x08007c9c       0x10 ./Core/Src/main.o
 .rodata.AHBPrescTable
                0x08007cac       0x10 ./Core/Src/system_stm32f1xx.o
                0x08007cac                AHBPrescTable
 .rodata.aPLLMULFactorTable.1
                0x08007cbc       0x10 ./Drivers/STM32F1xx_HAL_Driver/Src/stm32f1xx_hal_rcc.o
 .rodata.aPredivFactorTable.0
                0x08007ccc        0x2 ./Drivers/STM32F1xx_HAL_Driver/Src/stm32f1xx_hal_rcc.o
 .rodata._svfprintf_r.str1.1
                0x08007cce       0x33 /home/vakhaib/st/stm32cubeide_2.2.0/plugins/com.st.stm32cube.ide.mcu.externaltools.gnu-tools-for-stm32.14.3.rel1.linux64_1.0.100.202602081740/tools/bin/../lib/gcc/arm-none-eabi/14.3.1/../../../../arm-none-eabi/lib/thumb/v7-m/nofp/libc_nano.a(libc_a-nano-svfprintf.o)
                                 0x11 (size before relaxing)
 .rodata._printf_i.str1.1
                0x08007d01       0x22 /home/vakhaib/st/stm32cubeide_2.2.0/plugins/com.st.stm32cube.ide.mcu.externaltools.gnu-tools-for-stm32.14.3.rel1.linux64_1.0.100.202602081740/tools/bin/../lib/gcc/arm-none-eabi/14.3.1/../../../../arm-none-eabi/lib/thumb/v7-m/nofp/libc_nano.a(libc_a-nano-vfprintf_i.o)
                0x08007d24                        . = ALIGN (0x4)
 *fill*         0x08007d01        0x3 

.ARM.extab      0x08007d04        0x0
                0x08007d04                        . = ALIGN (0x4)
 *(.ARM.extab* .gnu.linkonce.armextab.*)
                0x08007d04                        . = ALIGN (0x4)

.ARM            0x08007d04        0x8
                0x08007d04                        . = ALIGN (0x4)
                0x08007d04                        __exidx_start = .
 *(.ARM.exidx*)
 .ARM.exidx     0x08007d04        0x8 /home/vakhaib/st/stm32cubeide_2.2.0/plugins/com.st.stm32cube.ide.mcu.externaltools.gnu-tools-for-stm32.14.3.rel1.linux64_1.0.100.202602081740/tools/bin/../lib/gcc/arm-none-eabi/14.3.1/thumb/v7-m/nofp/libgcc.a(_udivmoddi4.o)
                0x08007d0c                        __exidx_end = .
                0x08007d0c                        . = ALIGN (0x4)

.preinit_array  0x08007d0c        0x0
                0x08007d0c                        . = ALIGN (0x4)
                0x08007d0c                        PROVIDE (__preinit_array_start = .)
 *(.preinit_array*)
                0x08007d0c                        PROVIDE (__preinit_array_end = .)
                0x08007d0c                        . = ALIGN (0x4)

.init_array     0x08007d0c        0x4
                0x08007d0c                        . = ALIGN (0x4)
                0x08007d0c                        PROVIDE (__init_array_start = .)
 *(SORT_BY_NAME(.init_array.*))
 *(.init_array*)
 .init_array    0x08007d0c        0x4 /home/vakhaib/st/stm32cubeide_2.2.0/plugins/com.st.stm32cube.ide.mcu.externaltools.gnu-tools-for-stm32.14.3.rel1.linux64_1.0.100.202602081740/tools/bin/../lib/gcc/arm-none-eabi/14.3.1/thumb/v7-m/nofp/crtbegin.o
                0x08007d10                        PROVIDE (__init_array_end = .)
                0x08007d10                        . = ALIGN (0x4)

.fini_array     0x08007d10        0x4
                0x08007d10                        . = ALIGN (0x4)
                [!provide]                        PROVIDE (__fini_array_start = .)
 *(SORT_BY_NAME(.fini_array.*))
 *(.fini_array*)
 .fini_array    0x08007d10        0x4 /home/vakhaib/st/stm32cubeide_2.2.0/plugins/com.st.stm32cube.ide.mcu.externaltools.gnu-tools-for-stm32.14.3.rel1.linux64_1.0.100.202602081740/tools/bin/../lib/gcc/arm-none-eabi/14.3.1/thumb/v7-m/nofp/crtbegin.o
                [!provide]                        PROVIDE (__fini_array_end = .)
                0x08007d14                        . = ALIGN (0x4)
                0x08007d14                        _sidata = LOADADDR (.data)

.rel.dyn        0x08007d14        0x0
 .rel.iplt      0x08007d14        0x0 /home/vakhaib/st/stm32cubeide_2.2.0/plugins/com.st.stm32cube.ide.mcu.externaltools.gnu-tools-for-stm32.14.3.rel1.linux64_1.0.100.202602081740/tools/bin/../lib/gcc/arm-none-eabi/14.3.1/thumb/v7-m/nofp/crtbegin.o

.data           0x20000000       0xcc load address 0x08007d14
                0x20000000                        . = ALIGN (0x4)
                0x20000000                        _sdata = .
 *(.data)
 *(.data*)
 .data.menu     0x20000000       0x10 ./Core/Src/main.o
 .data._inMenu  0x20000010        0x1 ./Core/Src/main.o
                0x20000010                _inMenu
 *fill*         0x20000011        0x3 
 .data.rowPorts
                0x20000014       0x10 ./Core/Src/main.o
 .data.rowPins  0x20000024        0x8 ./Core/Src/main.o
 .data.colPorts
                0x2000002c       0x10 ./Core/Src/main.o
 .data.colPins  0x2000003c        0x8 ./Core/Src/main.o
 .data.rychlost
                0x20000044        0x4 ./Core/Src/main.o
                0x20000044                rychlost
 .data.smer_pohybu
                0x20000048        0x4 ./Core/Src/main.o
                0x20000048                smer_pohybu
 .data.maxSpeed
                0x2000004c        0x4 ./Core/Src/main.o
                0x2000004c                maxSpeed
 .data.stoupaniSetiny
                0x20000050        0x4 ./Core/Src/main.o
                0x20000050                stoupaniSetiny
 .data.akcelerace
                0x20000054        0x4 ./Core/Src/main.o
                0x20000054                akcelerace
 .data.rychlostManualSetiny
                0x20000058        0x4 ./Core/Src/main.o
                0x20000058                rychlostManualSetiny
 .data.rychlostManualAcc
                0x2000005c        0x4 ./Core/Src/main.o
                0x2000005c                rychlostManualAcc
 .data.rychlostManualDec
                0x20000060        0x4 ./Core/Src/main.o
                0x20000060                rychlostManualDec
 .data.orientace
                0x20000064        0x4 ./Core/Src/main.o
                0x20000064                orientace
 .data.odpojeniMotoru
                0x20000068        0x4 ./Core/Src/main.o
                0x20000068                odpojeniMotoru
 .data.auto_ramp_smer
                0x2000006c        0x4 ./Core/Src/main.o
 .data.SystemCoreClock
                0x20000070        0x4 ./Core/Src/system_stm32f1xx.o
                0x20000070                SystemCoreClock
 .data.uwTickPrio
                0x20000074        0x4 ./Drivers/STM32F1xx_HAL_Driver/Src/stm32f1xx_hal.o
                0x20000074                uwTickPrio
 .data.uwTickFreq
                0x20000078        0x1 ./Drivers/STM32F1xx_HAL_Driver/Src/stm32f1xx_hal.o
                0x20000078                uwTickFreq
 *fill*         0x20000079        0x3 
 .data._impure_ptr
                0x2000007c        0x4 /home/vakhaib/st/stm32cubeide_2.2.0/plugins/com.st.stm32cube.ide.mcu.externaltools.gnu-tools-for-stm32.14.3.rel1.linux64_1.0.100.202602081740/tools/bin/../lib/gcc/arm-none-eabi/14.3.1/../../../../arm-none-eabi/lib/thumb/v7-m/nofp/libc_nano.a(libc_a-impure.o)
                0x2000007c                _impure_ptr
 .data._impure_data
                0x20000080       0x4c /home/vakhaib/st/stm32cubeide_2.2.0/plugins/com.st.stm32cube.ide.mcu.externaltools.gnu-tools-for-stm32.14.3.rel1.linux64_1.0.100.202602081740/tools/bin/../lib/gcc/arm-none-eabi/14.3.1/../../../../arm-none-eabi/lib/thumb/v7-m/nofp/libc_nano.a(libc_a-impure.o)
                0x20000080                _impure_data
 *(.RamFunc)
 *(.RamFunc*)
                0x200000cc                        . = ALIGN (0x4)
                0x200000cc                        _edata = .

.igot.plt       0x200000cc        0x0 load address 0x08007de0
 .igot.plt      0x200000cc        0x0 /home/vakhaib/st/stm32cubeide_2.2.0/plugins/com.st.stm32cube.ide.mcu.externaltools.gnu-tools-for-stm32.14.3.rel1.linux64_1.0.100.202602081740/tools/bin/../lib/gcc/arm-none-eabi/14.3.1/thumb/v7-m/nofp/crtbegin.o
                0x200000cc                        . = ALIGN (0x4)

.bss            0x200000d0      0x778 load address 0x08007de0
                0x200000d0                        _sbss = .
                0x200000d0                        __bss_start__ = _sbss
 *(.bss)
 .bss           0x200000d0       0x1c /home/vakhaib/st/stm32cubeide_2.2.0/plugins/com.st.stm32cube.ide.mcu.externaltools.gnu-tools-for-stm32.14.3.rel1.linux64_1.0.100.202602081740/tools/bin/../lib/gcc/arm-none-eabi/14.3.1/thumb/v7-m/nofp/crtbegin.o
 *(.bss*)
 .bss.Graphic_Check
                0x200000ec        0x1 ./Core/Src/ST7920_SERIAL.o
                0x200000ec                Graphic_Check
 *fill*         0x200000ed        0x3 
 .bss.GLCD_Buf  0x200000f0      0x400 ./Core/Src/ST7920_SERIAL.o
                0x200000f0                GLCD_Buf
 .bss.tim1      0x200004f0       0x48 ./Core/Src/ST7920_SERIAL.o
                0x200004f0                tim1
 .bss.hadc1     0x20000538       0x30 ./Core/Src/main.o
                0x20000538                hadc1
 .bss.hadc2     0x20000568       0x30 ./Core/Src/main.o
                0x20000568                hadc2
 .bss.htim1     0x20000598       0x48 ./Core/Src/main.o
                0x20000598                htim1
 .bss.htim2     0x200005e0       0x48 ./Core/Src/main.o
                0x200005e0                htim2
 .bss.htim4     0x20000628       0x48 ./Core/Src/main.o
                0x20000628                htim4
 .bss.enc_last  0x20000670        0x2 ./Core/Src/main.o
 *fill*         0x20000672        0x2 
 .bss.selected  0x20000674        0x4 ./Core/Src/main.o
 .bss.top       0x20000678        0x4 ./Core/Src/main.o
 .bss.inside_cursor
                0x2000067c        0x4 ./Core/Src/main.o
 .bss.inside_top
                0x20000680        0x4 ./Core/Src/main.o
 .bss.enc1_last
                0x20000684        0x2 ./Core/Src/main.o
 *fill*         0x20000686        0x2 
 .bss.rychlost_last
                0x20000688        0x4 ./Core/Src/main.o
                0x20000688                rychlost_last
 .bss.pozice    0x2000068c        0x4 ./Core/Src/main.o
                0x2000068c                pozice
 .bss.pozice_last
                0x20000690        0x4 ./Core/Src/main.o
                0x20000690                pozice_last
 *fill*         0x20000694        0x4 
 .bss.poziceAktualniKroky
                0x20000698        0x8 ./Core/Src/main.o
                0x20000698                poziceAktualniKroky
 .bss.keypad_fresh
                0x200006a0        0x4 ./Core/Src/main.o
 .bss.benc_event
                0x200006a4        0x1 ./Core/Src/main.o
 *fill*         0x200006a5        0x3 
 .bss.benc_last_ms
                0x200006a8        0x4 ./Core/Src/main.o
 .bss.motor_stop_request
                0x200006ac        0x1 ./Core/Src/main.o
 .bss.motor_moving
                0x200006ad        0x1 ./Core/Src/main.o
 .bss.limit_stop
                0x200006ae        0x1 ./Core/Src/main.o
 *fill*         0x200006af        0x1 
 .bss.jednotkaDelky
                0x200006b0        0x4 ./Core/Src/main.o
                0x200006b0                jednotkaDelky
 .bss.jednotkaCasu
                0x200006b4        0x4 ./Core/Src/main.o
                0x200006b4                jednotkaCasu
 .bss.auto_ramp_n
                0x200006b8        0x8 ./Core/Src/main.o
 .bss.edit_target
                0x200006c0        0x4 ./Core/Src/main.o
                0x200006c0                edit_target
 .bss.edit_old_jednotkaDelky
                0x200006c4        0x4 ./Core/Src/main.o
 .bss.edit_old_jednotkaCasu
                0x200006c8        0x4 ./Core/Src/main.o
 .bss.candidate.2
                0x200006cc        0x1 ./Core/Src/main.o
 *fill*         0x200006cd        0x3 
 .bss.cand_since.1
                0x200006d0        0x4 ./Core/Src/main.o
 .bss.last_stable.0
                0x200006d4        0x1 ./Core/Src/main.o
 *fill*         0x200006d5        0x3 
 .bss.__sbrk_heap_end
                0x200006d8        0x4 ./Core/Src/sysmem.o
 .bss.uwTick    0x200006dc        0x4 ./Drivers/STM32F1xx_HAL_Driver/Src/stm32f1xx_hal.o
                0x200006dc                uwTick
 .bss.pFlash    0x200006e0       0x20 ./Drivers/STM32F1xx_HAL_Driver/Src/stm32f1xx_hal_flash.o
                0x200006e0                pFlash
 .bss.__sf      0x20000700      0x138 /home/vakhaib/st/stm32cubeide_2.2.0/plugins/com.st.stm32cube.ide.mcu.externaltools.gnu-tools-for-stm32.14.3.rel1.linux64_1.0.100.202602081740/tools/bin/../lib/gcc/arm-none-eabi/14.3.1/../../../../arm-none-eabi/lib/thumb/v7-m/nofp/libc_nano.a(libc_a-findfp.o)
                0x20000700                __sf
 .bss.errno     0x20000838        0x4 /home/vakhaib/st/stm32cubeide_2.2.0/plugins/com.st.stm32cube.ide.mcu.externaltools.gnu-tools-for-stm32.14.3.rel1.linux64_1.0.100.202602081740/tools/bin/../lib/gcc/arm-none-eabi/14.3.1/../../../../arm-none-eabi/lib/thumb/v7-m/nofp/libc_nano.a(libc_a-reent.o)
                0x20000838                errno
 .bss.__lock___malloc_recursive_mutex
                0x2000083c        0x1 /home/vakhaib/st/stm32cubeide_2.2.0/plugins/com.st.stm32cube.ide.mcu.externaltools.gnu-tools-for-stm32.14.3.rel1.linux64_1.0.100.202602081740/tools/bin/../lib/gcc/arm-none-eabi/14.3.1/../../../../arm-none-eabi/lib/thumb/v7-m/nofp/libc_nano.a(libc_a-lock.o)
                0x2000083c                __lock___malloc_recursive_mutex
 *fill*         0x2000083d        0x3 
 .bss.__malloc_sbrk_start
                0x20000840        0x4 /home/vakhaib/st/stm32cubeide_2.2.0/plugins/com.st.stm32cube.ide.mcu.externaltools.gnu-tools-for-stm32.14.3.rel1.linux64_1.0.100.202602081740/tools/bin/../lib/gcc/arm-none-eabi/14.3.1/../../../../arm-none-eabi/lib/thumb/v7-m/nofp/libc_nano.a(libc_a-mallocr.o)
                0x20000840                __malloc_sbrk_start
 .bss.__malloc_free_list
                0x20000844        0x4 /home/vakhaib/st/stm32cubeide_2.2.0/plugins/com.st.stm32cube.ide.mcu.externaltools.gnu-tools-for-stm32.14.3.rel1.linux64_1.0.100.202602081740/tools/bin/../lib/gcc/arm-none-eabi/14.3.1/../../../../arm-none-eabi/lib/thumb/v7-m/nofp/libc_nano.a(libc_a-mallocr.o)
                0x20000844                __malloc_free_list
 *(COMMON)
                0x20000848                        . = ALIGN (0x4)
                0x20000848                        _ebss = .
                0x20000848                        __bss_end__ = _ebss

._user_heap_stack
                0x20000848      0x600 load address 0x08007de0
                0x20000848                        . = ALIGN (0x8)
                [!provide]                        PROVIDE (end = .)
                0x20000848                        PROVIDE (_end = .)
                0x20000a48                        . = (. + _Min_Heap_Size)
 *fill*         0x20000848      0x200 
                0x20000e48                        . = (. + _Min_Stack_Size)
 *fill*         0x20000a48      0x400 
                0x20000e48                        . = ALIGN (0x8)

/DISCARD/
 libc.a(*)
 libm.a(*)
 libgcc.a(*)

.ARM.attributes
                0x00000000       0x29
 *(.ARM.attributes)
 .ARM.attributes
                0x00000000       0x1d /home/vakhaib/st/stm32cubeide_2.2.0/plugins/com.st.stm32cube.ide.mcu.externaltools.gnu-tools-for-stm32.14.3.rel1.linux64_1.0.100.202602081740/tools/bin/../lib/gcc/arm-none-eabi/14.3.1/thumb/v7-m/nofp/crti.o
 .ARM.attributes
                0x0000001d       0x2d /home/vakhaib/st/stm32cubeide_2.2.0/plugins/com.st.stm32cube.ide.mcu.externaltools.gnu-tools-for-stm32.14.3.rel1.linux64_1.0.100.202602081740/tools/bin/../lib/gcc/arm-none-eabi/14.3.1/thumb/v7-m/nofp/crtbegin.o
 .ARM.attributes
                0x0000004a       0x2d ./Core/Src/ST7920_SERIAL.o
 .ARM.attributes
                0x00000077       0x2d ./Core/Src/main.o
 .ARM.attributes
                0x000000a4       0x2d ./Core/Src/stm32f1xx_hal_msp.o
 .ARM.attributes
                0x000000d1       0x2d ./Core/Src/stm32f1xx_it.o
 .ARM.attributes
                0x000000fe       0x2d ./Core/Src/sysmem.o
 .ARM.attributes
                0x0000012b       0x2d ./Core/Src/system_stm32f1xx.o
 .ARM.attributes
                0x00000158       0x21 ./Core/Startup/startup_stm32f103rbtx.o
 .ARM.attributes
                0x00000179       0x2d ./Drivers/STM32F1xx_HAL_Driver/Src/stm32f1xx_hal.o
 .ARM.attributes
                0x000001a6       0x2d ./Drivers/STM32F1xx_HAL_Driver/Src/stm32f1xx_hal_adc.o
 .ARM.attributes
                0x000001d3       0x2d ./Drivers/STM32F1xx_HAL_Driver/Src/stm32f1xx_hal_cortex.o
 .ARM.attributes
                0x00000200       0x2d ./Drivers/STM32F1xx_HAL_Driver/Src/stm32f1xx_hal_flash.o
 .ARM.attributes
                0x0000022d       0x2d ./Drivers/STM32F1xx_HAL_Driver/Src/stm32f1xx_hal_flash_ex.o
 .ARM.attributes
                0x0000025a       0x2d ./Drivers/STM32F1xx_HAL_Driver/Src/stm32f1xx_hal_gpio.o
 .ARM.attributes
                0x00000287       0x2d ./Drivers/STM32F1xx_HAL_Driver/Src/stm32f1xx_hal_rcc.o
 .ARM.attributes
                0x000002b4       0x2d ./Drivers/STM32F1xx_HAL_Driver/Src/stm32f1xx_hal_rcc_ex.o
 .ARM.attributes
                0x000002e1       0x2d ./Drivers/STM32F1xx_HAL_Driver/Src/stm32f1xx_hal_tim.o
 .ARM.attributes
                0x0000030e       0x2d ./Drivers/STM32F1xx_HAL_Driver/Src/stm32f1xx_hal_tim_ex.o
 .ARM.attributes
                0x0000033b       0x2d /home/vakhaib/st/stm32cubeide_2.2.0/plugins/com.st.stm32cube.ide.mcu.externaltools.gnu-tools-for-stm32.14.3.rel1.linux64_1.0.100.202602081740/tools/bin/../lib/gcc/arm-none-eabi/14.3.1/../../../../arm-none-eabi/lib/thumb/v7-m/nofp/libc_nano.a(libc_a-findfp.o)
 .ARM.attributes
                0x00000368       0x2d /home/vakhaib/st/stm32cubeide_2.2.0/plugins/com.st.stm32cube.ide.mcu.externaltools.gnu-tools-for-stm32.14.3.rel1.linux64_1.0.100.202602081740/tools/bin/../lib/gcc/arm-none-eabi/14.3.1/../../../../arm-none-eabi/lib/thumb/v7-m/nofp/libc_nano.a(libc_a-snprintf.o)
 .ARM.attributes
                0x00000395       0x2d /home/vakhaib/st/stm32cubeide_2.2.0/plugins/com.st.stm32cube.ide.mcu.externaltools.gnu-tools-for-stm32.14.3.rel1.linux64_1.0.100.202602081740/tools/bin/../lib/gcc/arm-none-eabi/14.3.1/../../../../arm-none-eabi/lib/thumb/v7-m/nofp/libc_nano.a(libc_a-memset.o)
 .ARM.attributes
                0x000003c2       0x2d /home/vakhaib/st/stm32cubeide_2.2.0/plugins/com.st.stm32cube.ide.mcu.externaltools.gnu-tools-for-stm32.14.3.rel1.linux64_1.0.100.202602081740/tools/bin/../lib/gcc/arm-none-eabi/14.3.1/../../../../arm-none-eabi/lib/thumb/v7-m/nofp/libc_nano.a(libc_a-reent.o)
 .ARM.attributes
                0x000003ef       0x2d /home/vakhaib/st/stm32cubeide_2.2.0/plugins/com.st.stm32cube.ide.mcu.externaltools.gnu-tools-for-stm32.14.3.rel1.linux64_1.0.100.202602081740/tools/bin/../lib/gcc/arm-none-eabi/14.3.1/../../../../arm-none-eabi/lib/thumb/v7-m/nofp/libc_nano.a(libc_a-impure.o)
 .ARM.attributes
                0x0000041c       0x2d /home/vakhaib/st/stm32cubeide_2.2.0/plugins/com.st.stm32cube.ide.mcu.externaltools.gnu-tools-for-stm32.14.3.rel1.linux64_1.0.100.202602081740/tools/bin/../lib/gcc/arm-none-eabi/14.3.1/../../../../arm-none-eabi/lib/thumb/v7-m/nofp/libc_nano.a(libc_a-errno.o)
 .ARM.attributes
                0x00000449       0x2d /home/vakhaib/st/stm32cubeide_2.2.0/plugins/com.st.stm32cube.ide.mcu.externaltools.gnu-tools-for-stm32.14.3.rel1.linux64_1.0.100.202602081740/tools/bin/../lib/gcc/arm-none-eabi/14.3.1/../../../../arm-none-eabi/lib/thumb/v7-m/nofp/libc_nano.a(libc_a-init.o)
 .ARM.attributes
                0x00000476       0x2d /home/vakhaib/st/stm32cubeide_2.2.0/plugins/com.st.stm32cube.ide.mcu.externaltools.gnu-tools-for-stm32.14.3.rel1.linux64_1.0.100.202602081740/tools/bin/../lib/gcc/arm-none-eabi/14.3.1/../../../../arm-none-eabi/lib/thumb/v7-m/nofp/libc_nano.a(libc_a-lock.o)
 .ARM.attributes
                0x000004a3       0x2d /home/vakhaib/st/stm32cubeide_2.2.0/plugins/com.st.stm32cube.ide.mcu.externaltools.gnu-tools-for-stm32.14.3.rel1.linux64_1.0.100.202602081740/tools/bin/../lib/gcc/arm-none-eabi/14.3.1/../../../../arm-none-eabi/lib/thumb/v7-m/nofp/libc_nano.a(libc_a-memcpy-stub.o)
 .ARM.attributes
                0x000004d0       0x2d /home/vakhaib/st/stm32cubeide_2.2.0/plugins/com.st.stm32cube.ide.mcu.externaltools.gnu-tools-for-stm32.14.3.rel1.linux64_1.0.100.202602081740/tools/bin/../lib/gcc/arm-none-eabi/14.3.1/../../../../arm-none-eabi/lib/thumb/v7-m/nofp/libc_nano.a(libc_a-freer.o)
 .ARM.attributes
                0x000004fd       0x2d /home/vakhaib/st/stm32cubeide_2.2.0/plugins/com.st.stm32cube.ide.mcu.externaltools.gnu-tools-for-stm32.14.3.rel1.linux64_1.0.100.202602081740/tools/bin/../lib/gcc/arm-none-eabi/14.3.1/../../../../arm-none-eabi/lib/thumb/v7-m/nofp/libc_nano.a(libc_a-mallocr.o)
 .ARM.attributes
                0x0000052a       0x2d /home/vakhaib/st/stm32cubeide_2.2.0/plugins/com.st.stm32cube.ide.mcu.externaltools.gnu-tools-for-stm32.14.3.rel1.linux64_1.0.100.202602081740/tools/bin/../lib/gcc/arm-none-eabi/14.3.1/../../../../arm-none-eabi/lib/thumb/v7-m/nofp/libc_nano.a(libc_a-mlock.o)
 .ARM.attributes
                0x00000557       0x2d /home/vakhaib/st/stm32cubeide_2.2.0/plugins/com.st.stm32cube.ide.mcu.externaltools.gnu-tools-for-stm32.14.3.rel1.linux64_1.0.100.202602081740/tools/bin/../lib/gcc/arm-none-eabi/14.3.1/../../../../arm-none-eabi/lib/thumb/v7-m/nofp/libc_nano.a(libc_a-nano-svfprintf.o)
 .ARM.attributes
                0x00000584       0x2d /home/vakhaib/st/stm32cubeide_2.2.0/plugins/com.st.stm32cube.ide.mcu.externaltools.gnu-tools-for-stm32.14.3.rel1.linux64_1.0.100.202602081740/tools/bin/../lib/gcc/arm-none-eabi/14.3.1/../../../../arm-none-eabi/lib/thumb/v7-m/nofp/libc_nano.a(libc_a-nano-vfprintf_i.o)
 .ARM.attributes
                0x000005b1       0x2d /home/vakhaib/st/stm32cubeide_2.2.0/plugins/com.st.stm32cube.ide.mcu.externaltools.gnu-tools-for-stm32.14.3.rel1.linux64_1.0.100.202602081740/tools/bin/../lib/gcc/arm-none-eabi/14.3.1/../../../../arm-none-eabi/lib/thumb/v7-m/nofp/libc_nano.a(libc_a-memmove.o)
 .ARM.attributes
                0x000005de       0x2d /home/vakhaib/st/stm32cubeide_2.2.0/plugins/com.st.stm32cube.ide.mcu.externaltools.gnu-tools-for-stm32.14.3.rel1.linux64_1.0.100.202602081740/tools/bin/../lib/gcc/arm-none-eabi/14.3.1/../../../../arm-none-eabi/lib/thumb/v7-m/nofp/libc_nano.a(libc_a-sbrkr.o)
 .ARM.attributes
                0x0000060b       0x2d /home/vakhaib/st/stm32cubeide_2.2.0/plugins/com.st.stm32cube.ide.mcu.externaltools.gnu-tools-for-stm32.14.3.rel1.linux64_1.0.100.202602081740/tools/bin/../lib/gcc/arm-none-eabi/14.3.1/../../../../arm-none-eabi/lib/thumb/v7-m/nofp/libc_nano.a(libc_a-memchr-stub.o)
 .ARM.attributes
                0x00000638       0x2d /home/vakhaib/st/stm32cubeide_2.2.0/plugins/com.st.stm32cube.ide.mcu.externaltools.gnu-tools-for-stm32.14.3.rel1.linux64_1.0.100.202602081740/tools/bin/../lib/gcc/arm-none-eabi/14.3.1/../../../../arm-none-eabi/lib/thumb/v7-m/nofp/libc_nano.a(libc_a-reallocr.o)
 .ARM.attributes
                0x00000665       0x2d /home/vakhaib/st/stm32cubeide_2.2.0/plugins/com.st.stm32cube.ide.mcu.externaltools.gnu-tools-for-stm32.14.3.rel1.linux64_1.0.100.202602081740/tools/bin/../lib/gcc/arm-none-eabi/14.3.1/../../../../arm-none-eabi/lib/thumb/v7-m/nofp/libc_nano.a(libc_a-msizer.o)
 .ARM.attributes
                0x00000692       0x1d /home/vakhaib/st/stm32cubeide_2.2.0/plugins/com.st.stm32cube.ide.mcu.externaltools.gnu-tools-for-stm32.14.3.rel1.linux64_1.0.100.202602081740/tools/bin/../lib/gcc/arm-none-eabi/14.3.1/thumb/v7-m/nofp/libgcc.a(_aeabi_ldivmod.o)
 .ARM.attributes
                0x000006af       0x2d /home/vakhaib/st/stm32cubeide_2.2.0/plugins/com.st.stm32cube.ide.mcu.externaltools.gnu-tools-for-stm32.14.3.rel1.linux64_1.0.100.202602081740/tools/bin/../lib/gcc/arm-none-eabi/14.3.1/thumb/v7-m/nofp/libgcc.a(_udivmoddi4.o)
 .ARM.attributes
                0x000006dc       0x1d /home/vakhaib/st/stm32cubeide_2.2.0/plugins/com.st.stm32cube.ide.mcu.externaltools.gnu-tools-for-stm32.14.3.rel1.linux64_1.0.100.202602081740/tools/bin/../lib/gcc/arm-none-eabi/14.3.1/thumb/v7-m/nofp/libgcc.a(_dvmd_tls.o)
 .ARM.attributes
                0x000006f9       0x1d /home/vakhaib/st/stm32cubeide_2.2.0/plugins/com.st.stm32cube.ide.mcu.externaltools.gnu-tools-for-stm32.14.3.rel1.linux64_1.0.100.202602081740/tools/bin/../lib/gcc/arm-none-eabi/14.3.1/thumb/v7-m/nofp/crtn.o
OUTPUT(Posuv.elf elf32-littlearm)
LOAD linker stubs
LOAD /home/vakhaib/st/stm32cubeide_2.2.0/plugins/com.st.stm32cube.ide.mcu.externaltools.gnu-tools-for-stm32.14.3.rel1.linux64_1.0.100.202602081740/tools/bin/../lib/gcc/arm-none-eabi/14.3.1/../../../../arm-none-eabi/lib/thumb/v7-m/nofp/libc.a
LOAD /home/vakhaib/st/stm32cubeide_2.2.0/plugins/com.st.stm32cube.ide.mcu.externaltools.gnu-tools-for-stm32.14.3.rel1.linux64_1.0.100.202602081740/tools/bin/../lib/gcc/arm-none-eabi/14.3.1/../../../../arm-none-eabi/lib/thumb/v7-m/nofp/libm.a
LOAD /home/vakhaib/st/stm32cubeide_2.2.0/plugins/com.st.stm32cube.ide.mcu.externaltools.gnu-tools-for-stm32.14.3.rel1.linux64_1.0.100.202602081740/tools/bin/../lib/gcc/arm-none-eabi/14.3.1/thumb/v7-m/nofp/libgcc.a

.debug_info     0x00000000     0xc56a
 .debug_info    0x00000000     0x1127 ./Core/Src/ST7920_SERIAL.o
 .debug_info    0x00001127     0x2923 ./Core/Src/main.o
 .debug_info    0x00003a4a      0xc6d ./Core/Src/stm32f1xx_hal_msp.o
 .debug_info    0x000046b7      0x17b ./Core/Src/stm32f1xx_it.o
 .debug_info    0x00004832      0x168 ./Core/Src/sysmem.o
 .debug_info    0x0000499a      0x222 ./Core/Src/system_stm32f1xx.o
 .debug_info    0x00004bbc       0x30 ./Core/Startup/startup_stm32f103rbtx.o
 .debug_info    0x00004bec      0x704 ./Drivers/STM32F1xx_HAL_Driver/Src/stm32f1xx_hal.o
 .debug_info    0x000052f0      0xc50 ./Drivers/STM32F1xx_HAL_Driver/Src/stm32f1xx_hal_adc.o
 .debug_info    0x00005f40      0xa87 ./Drivers/STM32F1xx_HAL_Driver/Src/stm32f1xx_hal_cortex.o
 .debug_info    0x000069c7      0x4f8 ./Drivers/STM32F1xx_HAL_Driver/Src/stm32f1xx_hal_flash.o
 .debug_info    0x00006ebf      0x777 ./Drivers/STM32F1xx_HAL_Driver/Src/stm32f1xx_hal_flash_ex.o
 .debug_info    0x00007636      0x5ab ./Drivers/STM32F1xx_HAL_Driver/Src/stm32f1xx_hal_gpio.o
 .debug_info    0x00007be1      0x7d5 ./Drivers/STM32F1xx_HAL_Driver/Src/stm32f1xx_hal_rcc.o
 .debug_info    0x000083b6      0x3c0 ./Drivers/STM32F1xx_HAL_Driver/Src/stm32f1xx_hal_rcc_ex.o
 .debug_info    0x00008776     0x2959 ./Drivers/STM32F1xx_HAL_Driver/Src/stm32f1xx_hal_tim.o
 .debug_info    0x0000b0cf     0x149b ./Drivers/STM32F1xx_HAL_Driver/Src/stm32f1xx_hal_tim_ex.o

.debug_abbrev   0x00000000     0x22b4
 .debug_abbrev  0x00000000      0x2ca ./Core/Src/ST7920_SERIAL.o
 .debug_abbrev  0x000002ca      0x45e ./Core/Src/main.o
 .debug_abbrev  0x00000728      0x21a ./Core/Src/stm32f1xx_hal_msp.o
 .debug_abbrev  0x00000942       0xa0 ./Core/Src/stm32f1xx_it.o
 .debug_abbrev  0x000009e2       0xbc ./Core/Src/sysmem.o
 .debug_abbrev  0x00000a9e      0x13f ./Core/Src/system_stm32f1xx.o
 .debug_abbrev  0x00000bdd       0x24 ./Core/Startup/startup_stm32f103rbtx.o
 .debug_abbrev  0x00000c01      0x201 ./Drivers/STM32F1xx_HAL_Driver/Src/stm32f1xx_hal.o
 .debug_abbrev  0x00000e02      0x225 ./Drivers/STM32F1xx_HAL_Driver/Src/stm32f1xx_hal_adc.o
 .debug_abbrev  0x00001027      0x2f8 ./Drivers/STM32F1xx_HAL_Driver/Src/stm32f1xx_hal_cortex.o
 .debug_abbrev  0x0000131f      0x250 ./Drivers/STM32F1xx_HAL_Driver/Src/stm32f1xx_hal_flash.o
 .debug_abbrev  0x0000156f      0x247 ./Drivers/STM32F1xx_HAL_Driver/Src/stm32f1xx_hal_flash_ex.o
 .debug_abbrev  0x000017b6      0x1ca ./Drivers/STM32F1xx_HAL_Driver/Src/stm32f1xx_hal_gpio.o
 .debug_abbrev  0x00001980      0x2b3 ./Drivers/STM32F1xx_HAL_Driver/Src/stm32f1xx_hal_rcc.o
 .debug_abbrev  0x00001c33      0x188 ./Drivers/STM32F1xx_HAL_Driver/Src/stm32f1xx_hal_rcc_ex.o
 .debug_abbrev  0x00001dbb      0x277 ./Drivers/STM32F1xx_HAL_Driver/Src/stm32f1xx_hal_tim.o
 .debug_abbrev  0x00002032      0x282 ./Drivers/STM32F1xx_HAL_Driver/Src/stm32f1xx_hal_tim_ex.o

.debug_aranges  0x00000000      0xe78
 .debug_aranges
                0x00000000       0xf8 ./Core/Src/ST7920_SERIAL.o
 .debug_aranges
                0x000000f8      0x200 ./Core/Src/main.o
 .debug_aranges
                0x000002f8       0x50 ./Core/Src/stm32f1xx_hal_msp.o
 .debug_aranges
                0x00000348       0x80 ./Core/Src/stm32f1xx_it.o
 .debug_aranges
                0x000003c8       0x20 ./Core/Src/sysmem.o
 .debug_aranges
                0x000003e8       0x28 ./Core/Src/system_stm32f1xx.o
 .debug_aranges
                0x00000410       0x28 ./Core/Startup/startup_stm32f103rbtx.o
 .debug_aranges
                0x00000438       0xe0 ./Drivers/STM32F1xx_HAL_Driver/Src/stm32f1xx_hal.o
 .debug_aranges
                0x00000518       0xf0 ./Drivers/STM32F1xx_HAL_Driver/Src/stm32f1xx_hal_adc.o
 .debug_aranges
                0x00000608      0x100 ./Drivers/STM32F1xx_HAL_Driver/Src/stm32f1xx_hal_cortex.o
 .debug_aranges
                0x00000708       0x88 ./Drivers/STM32F1xx_HAL_Driver/Src/stm32f1xx_hal_flash.o
 .debug_aranges
                0x00000790       0x98 ./Drivers/STM32F1xx_HAL_Driver/Src/stm32f1xx_hal_flash_ex.o
 .debug_aranges
                0x00000828       0x58 ./Drivers/STM32F1xx_HAL_Driver/Src/stm32f1xx_hal_gpio.o
 .debug_aranges
                0x00000880       0x90 ./Drivers/STM32F1xx_HAL_Driver/Src/stm32f1xx_hal_rcc.o
 .debug_aranges
                0x00000910       0x30 ./Drivers/STM32F1xx_HAL_Driver/Src/stm32f1xx_hal_rcc_ex.o
 .debug_aranges
                0x00000940      0x3d0 ./Drivers/STM32F1xx_HAL_Driver/Src/stm32f1xx_hal_tim.o
 .debug_aranges
                0x00000d10      0x168 ./Drivers/STM32F1xx_HAL_Driver/Src/stm32f1xx_hal_tim_ex.o

.debug_rnglists
                0x00000000      0xb78
 .debug_rnglists
                0x00000000       0xe9 ./Core/Src/ST7920_SERIAL.o
 .debug_rnglists
                0x000000e9      0x1b7 ./Core/Src/main.o
 .debug_rnglists
                0x000002a0       0x39 ./Core/Src/stm32f1xx_hal_msp.o
 .debug_rnglists
                0x000002d9       0x5b ./Core/Src/stm32f1xx_it.o
 .debug_rnglists
                0x00000334       0x13 ./Core/Src/sysmem.o
 .debug_rnglists
                0x00000347       0x1a ./Core/Src/system_stm32f1xx.o
 .debug_rnglists
                0x00000361       0x19 ./Core/Startup/startup_stm32f103rbtx.o
 .debug_rnglists
                0x0000037a       0xa3 ./Drivers/STM32F1xx_HAL_Driver/Src/stm32f1xx_hal.o
 .debug_rnglists
                0x0000041d       0xbc ./Drivers/STM32F1xx_HAL_Driver/Src/stm32f1xx_hal_adc.o
 .debug_rnglists
                0x000004d9       0xbb ./Drivers/STM32F1xx_HAL_Driver/Src/stm32f1xx_hal_cortex.o
 .debug_rnglists
                0x00000594       0x66 ./Drivers/STM32F1xx_HAL_Driver/Src/stm32f1xx_hal_flash.o
 .debug_rnglists
                0x000005fa       0x73 ./Drivers/STM32F1xx_HAL_Driver/Src/stm32f1xx_hal_flash_ex.o
 .debug_rnglists
                0x0000066d       0x3f ./Drivers/STM32F1xx_HAL_Driver/Src/stm32f1xx_hal_gpio.o
 .debug_rnglists
                0x000006ac       0x6c ./Drivers/STM32F1xx_HAL_Driver/Src/stm32f1xx_hal_rcc.o
 .debug_rnglists
                0x00000718       0x21 ./Drivers/STM32F1xx_HAL_Driver/Src/stm32f1xx_hal_rcc_ex.o
 .debug_rnglists
                0x00000739      0x31a ./Drivers/STM32F1xx_HAL_Driver/Src/stm32f1xx_hal_tim.o
 .debug_rnglists
                0x00000a53      0x125 ./Drivers/STM32F1xx_HAL_Driver/Src/stm32f1xx_hal_tim_ex.o

.debug_macro    0x00000000    0x1867d
 .debug_macro   0x00000000      0x201 ./Core/Src/ST7920_SERIAL.o
 .debug_macro   0x00000201      0xacc ./Core/Src/ST7920_SERIAL.o
 .debug_macro   0x00000ccd      0x21b ./Core/Src/ST7920_SERIAL.o
 .debug_macro   0x00000ee8       0x2e ./Core/Src/ST7920_SERIAL.o
 .debug_macro   0x00000f16       0x22 ./Core/Src/ST7920_SERIAL.o
 .debug_macro   0x00000f38       0x22 ./Core/Src/ST7920_SERIAL.o
 .debug_macro   0x00000f5a       0x8e ./Core/Src/ST7920_SERIAL.o
 .debug_macro   0x00000fe8       0x51 ./Core/Src/ST7920_SERIAL.o
 .debug_macro   0x00001039      0x103 ./Core/Src/ST7920_SERIAL.o
 .debug_macro   0x0000113c       0x6a ./Core/Src/ST7920_SERIAL.o
 .debug_macro   0x000011a6      0x1df ./Core/Src/ST7920_SERIAL.o
 .debug_macro   0x00001385       0x1c ./Core/Src/ST7920_SERIAL.o
 .debug_macro   0x000013a1       0x22 ./Core/Src/ST7920_SERIAL.o
 .debug_macro   0x000013c3       0xbd ./Core/Src/ST7920_SERIAL.o
 .debug_macro   0x00001480      0xd23 ./Core/Src/ST7920_SERIAL.o
 .debug_macro   0x000021a3     0xe09e ./Core/Src/ST7920_SERIAL.o
 .debug_macro   0x00010241       0x6d ./Core/Src/ST7920_SERIAL.o
 .debug_macro   0x000102ae     0x34a2 ./Core/Src/ST7920_SERIAL.o
 .debug_macro   0x00013750      0x190 ./Core/Src/ST7920_SERIAL.o
 .debug_macro   0x000138e0       0x5c ./Core/Src/ST7920_SERIAL.o
 .debug_macro   0x0001393c      0x5bc ./Core/Src/ST7920_SERIAL.o
 .debug_macro   0x00013ef8      0x289 ./Core/Src/ST7920_SERIAL.o
 .debug_macro   0x00014181      0x1cb ./Core/Src/ST7920_SERIAL.o
 .debug_macro   0x0001434c      0x114 ./Core/Src/ST7920_SERIAL.o
 .debug_macro   0x00014460      0x1b2 ./Core/Src/ST7920_SERIAL.o
 .debug_macro   0x00014612       0x27 ./Core/Src/ST7920_SERIAL.o
 .debug_macro   0x00014639      0x136 ./Core/Src/ST7920_SERIAL.o
 .debug_macro   0x0001476f      0x1bc ./Core/Src/ST7920_SERIAL.o
 .debug_macro   0x0001492b       0x34 ./Core/Src/ST7920_SERIAL.o
 .debug_macro   0x0001495f       0x3c ./Core/Src/ST7920_SERIAL.o
 .debug_macro   0x0001499b       0x57 ./Core/Src/ST7920_SERIAL.o
 .debug_macro   0x000149f2      0x46a ./Core/Src/ST7920_SERIAL.o
 .debug_macro   0x00014e5c      0x1b5 ./Core/Src/ST7920_SERIAL.o
 .debug_macro   0x00015011       0x87 ./Core/Src/ST7920_SERIAL.o
 .debug_macro   0x00015098      0x240 ./Core/Src/ST7920_SERIAL.o
 .debug_macro   0x000152d8      0x140 ./Core/Src/ST7920_SERIAL.o
 .debug_macro   0x00015418      0x8ed ./Core/Src/ST7920_SERIAL.o
 .debug_macro   0x00015d05       0x83 ./Core/Src/ST7920_SERIAL.o
 .debug_macro   0x00015d88      0x1a3 ./Core/Src/ST7920_SERIAL.o
 .debug_macro   0x00015f2b      0x395 ./Core/Src/main.o
 .debug_macro   0x000162c0       0x61 ./Core/Src/main.o
 .debug_macro   0x00016321       0x24 ./Core/Src/main.o
 .debug_macro   0x00016345       0x43 ./Core/Src/main.o
 .debug_macro   0x00016388       0x34 ./Core/Src/main.o
 .debug_macro   0x000163bc       0x16 ./Core/Src/main.o
 .debug_macro   0x000163d2       0x3c ./Core/Src/main.o
 .debug_macro   0x0001640e      0x364 ./Core/Src/main.o
 .debug_macro   0x00016772       0x10 ./Core/Src/main.o
 .debug_macro   0x00016782       0x16 ./Core/Src/main.o
 .debug_macro   0x00016798       0x4a ./Core/Src/main.o
 .debug_macro   0x000167e2       0x34 ./Core/Src/main.o
 .debug_macro   0x00016816       0x10 ./Core/Src/main.o
 .debug_macro   0x00016826       0x58 ./Core/Src/main.o
 .debug_macro   0x0001687e       0x8e ./Core/Src/main.o
 .debug_macro   0x0001690c       0x1c ./Core/Src/main.o
 .debug_macro   0x00016928      0x17e ./Core/Src/main.o
 .debug_macro   0x00016aa6       0x16 ./Core/Src/main.o
 .debug_macro   0x00016abc       0x16 ./Core/Src/main.o
 .debug_macro   0x00016ad2      0x146 ./Core/Src/main.o
 .debug_macro   0x00016c18       0x16 ./Core/Src/main.o
 .debug_macro   0x00016c2e       0x16 ./Core/Src/main.o
 .debug_macro   0x00016c44       0x29 ./Core/Src/main.o
 .debug_macro   0x00016c6d      0x1bc ./Core/Src/stm32f1xx_hal_msp.o
 .debug_macro   0x00016e29      0x1c6 ./Core/Src/stm32f1xx_it.o
 .debug_macro   0x00016fef      0x112 ./Core/Src/sysmem.o
 .debug_macro   0x00017101      0x23c ./Core/Src/sysmem.o
 .debug_macro   0x0001733d      0x1ad ./Core/Src/system_stm32f1xx.o
 .debug_macro   0x000174ea      0x1d1 ./Drivers/STM32F1xx_HAL_Driver/Src/stm32f1xx_hal.o
 .debug_macro   0x000176bb      0x1ca ./Drivers/STM32F1xx_HAL_Driver/Src/stm32f1xx_hal_adc.o
 .debug_macro   0x00017885      0x1ad ./Drivers/STM32F1xx_HAL_Driver/Src/stm32f1xx_hal_cortex.o
 .debug_macro   0x00017a32      0x1ad ./Drivers/STM32F1xx_HAL_Driver/Src/stm32f1xx_hal_flash.o
 .debug_macro   0x00017bdf      0x1bf ./Drivers/STM32F1xx_HAL_Driver/Src/stm32f1xx_hal_flash_ex.o
 .debug_macro   0x00017d9e      0x218 ./Drivers/STM32F1xx_HAL_Driver/Src/stm32f1xx_hal_gpio.o
 .debug_macro   0x00017fb6      0x1bf ./Drivers/STM32F1xx_HAL_Driver/Src/stm32f1xx_hal_rcc.o
 .debug_macro   0x00018175      0x1ad ./Drivers/STM32F1xx_HAL_Driver/Src/stm32f1xx_hal_rcc_ex.o
 .debug_macro   0x00018322      0x1ae ./Drivers/STM32F1xx_HAL_Driver/Src/stm32f1xx_hal_tim.o
 .debug_macro   0x000184d0      0x1ad ./Drivers/STM32F1xx_HAL_Driver/Src/stm32f1xx_hal_tim_ex.o

.debug_line     0x00000000     0xf2cc
 .debug_line    0x00000000     0x108f ./Core/Src/ST7920_SERIAL.o
 .debug_line    0x0000108f     0x21f5 ./Core/Src/main.o
 .debug_line    0x00003284      0x7b1 ./Core/Src/stm32f1xx_hal_msp.o
 .debug_line    0x00003a35      0x792 ./Core/Src/stm32f1xx_it.o
 .debug_line    0x000041c7      0x4ef ./Core/Src/sysmem.o
 .debug_line    0x000046b6      0x701 ./Core/Src/system_stm32f1xx.o
 .debug_line    0x00004db7       0x78 ./Core/Startup/startup_stm32f103rbtx.o
 .debug_line    0x00004e2f      0x935 ./Drivers/STM32F1xx_HAL_Driver/Src/stm32f1xx_hal.o
 .debug_line    0x00005764      0xf57 ./Drivers/STM32F1xx_HAL_Driver/Src/stm32f1xx_hal_adc.o
 .debug_line    0x000066bb      0xafc ./Drivers/STM32F1xx_HAL_Driver/Src/stm32f1xx_hal_cortex.o
 .debug_line    0x000071b7      0x9ec ./Drivers/STM32F1xx_HAL_Driver/Src/stm32f1xx_hal_flash.o
 .debug_line    0x00007ba3      0xaf9 ./Drivers/STM32F1xx_HAL_Driver/Src/stm32f1xx_hal_flash_ex.o
 .debug_line    0x0000869c      0x98c ./Drivers/STM32F1xx_HAL_Driver/Src/stm32f1xx_hal_gpio.o
 .debug_line    0x00009028      0xdeb ./Drivers/STM32F1xx_HAL_Driver/Src/stm32f1xx_hal_rcc.o
 .debug_line    0x00009e13      0x89d ./Drivers/STM32F1xx_HAL_Driver/Src/stm32f1xx_hal_rcc_ex.o
 .debug_line    0x0000a6b0     0x3426 ./Drivers/STM32F1xx_HAL_Driver/Src/stm32f1xx_hal_tim.o
 .debug_line    0x0000dad6     0x17f6 ./Drivers/STM32F1xx_HAL_Driver/Src/stm32f1xx_hal_tim_ex.o

.debug_str      0x00000000    0x8e9a0
 .debug_str     0x00000000    0x8e9a0 ./Core/Src/ST7920_SERIAL.o
                              0x87384 (size before relaxing)
 .debug_str     0x0008e9a0    0x8be00 ./Core/Src/main.o
 .debug_str     0x0008e9a0    0x87252 ./Core/Src/stm32f1xx_hal_msp.o
 .debug_str     0x0008e9a0    0x86be8 ./Core/Src/stm32f1xx_it.o
 .debug_str     0x0008e9a0     0x76b6 ./Core/Src/sysmem.o
 .debug_str     0x0008e9a0    0x8655d ./Core/Src/system_stm32f1xx.o
 .debug_str     0x0008e9a0       0x86 ./Core/Startup/startup_stm32f103rbtx.o
 .debug_str     0x0008e9a0    0x86c90 ./Drivers/STM32F1xx_HAL_Driver/Src/stm32f1xx_hal.o
 .debug_str     0x0008e9a0    0x86c41 ./Drivers/STM32F1xx_HAL_Driver/Src/stm32f1xx_hal_adc.o
 .debug_str     0x0008e9a0    0x86bdc ./Drivers/STM32F1xx_HAL_Driver/Src/stm32f1xx_hal_cortex.o
 .debug_str     0x0008e9a0    0x86838 ./Drivers/STM32F1xx_HAL_Driver/Src/stm32f1xx_hal_flash.o
 .debug_str     0x0008e9a0    0x869e6 ./Drivers/STM32F1xx_HAL_Driver/Src/stm32f1xx_hal_flash_ex.o
 .debug_str     0x0008e9a0    0x868e3 ./Drivers/STM32F1xx_HAL_Driver/Src/stm32f1xx_hal_gpio.o
 .debug_str     0x0008e9a0    0x8698c ./Drivers/STM32F1xx_HAL_Driver/Src/stm32f1xx_hal_rcc.o
 .debug_str     0x0008e9a0    0x866dc ./Drivers/STM32F1xx_HAL_Driver/Src/stm32f1xx_hal_rcc_ex.o
 .debug_str     0x0008e9a0    0x8798e ./Drivers/STM32F1xx_HAL_Driver/Src/stm32f1xx_hal_tim.o
 .debug_str     0x0008e9a0    0x8719a ./Drivers/STM32F1xx_HAL_Driver/Src/stm32f1xx_hal_tim_ex.o

.comment        0x00000000       0x43
 .comment       0x00000000       0x43 ./Core/Src/ST7920_SERIAL.o
                                 0x44 (size before relaxing)
 .comment       0x00000043       0x44 ./Core/Src/main.o
 .comment       0x00000043       0x44 ./Core/Src/stm32f1xx_hal_msp.o
 .comment       0x00000043       0x44 ./Core/Src/stm32f1xx_it.o
 .comment       0x00000043       0x44 ./Core/Src/sysmem.o
 .comment       0x00000043       0x44 ./Core/Src/system_stm32f1xx.o
 .comment       0x00000043       0x44 ./Drivers/STM32F1xx_HAL_Driver/Src/stm32f1xx_hal.o
 .comment       0x00000043       0x44 ./Drivers/STM32F1xx_HAL_Driver/Src/stm32f1xx_hal_adc.o
 .comment       0x00000043       0x44 ./Drivers/STM32F1xx_HAL_Driver/Src/stm32f1xx_hal_cortex.o
 .comment       0x00000043       0x44 ./Drivers/STM32F1xx_HAL_Driver/Src/stm32f1xx_hal_flash.o
 .comment       0x00000043       0x44 ./Drivers/STM32F1xx_HAL_Driver/Src/stm32f1xx_hal_flash_ex.o
 .comment       0x00000043       0x44 ./Drivers/STM32F1xx_HAL_Driver/Src/stm32f1xx_hal_gpio.o
 .comment       0x00000043       0x44 ./Drivers/STM32F1xx_HAL_Driver/Src/stm32f1xx_hal_rcc.o
 .comment       0x00000043       0x44 ./Drivers/STM32F1xx_HAL_Driver/Src/stm32f1xx_hal_rcc_ex.o
 .comment       0x00000043       0x44 ./Drivers/STM32F1xx_HAL_Driver/Src/stm32f1xx_hal_tim.o
 .comment       0x00000043       0x44 ./Drivers/STM32F1xx_HAL_Driver/Src/stm32f1xx_hal_tim_ex.o

.debug_frame    0x00000000     0x3fd0
 .debug_frame   0x00000000      0x41c ./Core/Src/ST7920_SERIAL.o
 .debug_frame   0x0000041c      0x920 ./Core/Src/main.o
 .debug_frame   0x00000d3c      0x10c ./Core/Src/stm32f1xx_hal_msp.o
 .debug_frame   0x00000e48      0x168 ./Core/Src/stm32f1xx_it.o
 .debug_frame   0x00000fb0       0x34 ./Core/Src/sysmem.o
 .debug_frame   0x00000fe4       0x50 ./Core/Src/system_stm32f1xx.o
 .debug_frame   0x00001034      0x2e4 ./Drivers/STM32F1xx_HAL_Driver/Src/stm32f1xx_hal.o
 .debug_frame   0x00001318      0x3e0 ./Drivers/STM32F1xx_HAL_Driver/Src/stm32f1xx_hal_adc.o
 .debug_frame   0x000016f8      0x3f0 ./Drivers/STM32F1xx_HAL_Driver/Src/stm32f1xx_hal_cortex.o
 .debug_frame   0x00001ae8      0x1e8 ./Drivers/STM32F1xx_HAL_Driver/Src/stm32f1xx_hal_flash.o
 .debug_frame   0x00001cd0      0x240 ./Drivers/STM32F1xx_HAL_Driver/Src/stm32f1xx_hal_flash_ex.o
 .debug_frame   0x00001f10      0x130 ./Drivers/STM32F1xx_HAL_Driver/Src/stm32f1xx_hal_gpio.o
 .debug_frame   0x00002040      0x1f8 ./Drivers/STM32F1xx_HAL_Driver/Src/stm32f1xx_hal_rcc.o
 .debug_frame   0x00002238       0x7c ./Drivers/STM32F1xx_HAL_Driver/Src/stm32f1xx_hal_rcc_ex.o
 .debug_frame   0x000022b4     0x10e8 ./Drivers/STM32F1xx_HAL_Driver/Src/stm32f1xx_hal_tim.o
 .debug_frame   0x0000339c      0x600 ./Drivers/STM32F1xx_HAL_Driver/Src/stm32f1xx_hal_tim_ex.o
 .debug_frame   0x0000399c      0x144 /home/vakhaib/st/stm32cubeide_2.2.0/plugins/com.st.stm32cube.ide.mcu.externaltools.gnu-tools-for-stm32.14.3.rel1.linux64_1.0.100.202602081740/tools/bin/../lib/gcc/arm-none-eabi/14.3.1/../../../../arm-none-eabi/lib/thumb/v7-m/nofp/libc_nano.a(libc_a-findfp.o)
 .debug_frame   0x00003ae0       0x7c /home/vakhaib/st/stm32cubeide_2.2.0/plugins/com.st.stm32cube.ide.mcu.externaltools.gnu-tools-for-stm32.14.3.rel1.linux64_1.0.100.202602081740/tools/bin/../lib/gcc/arm-none-eabi/14.3.1/../../../../arm-none-eabi/lib/thumb/v7-m/nofp/libc_nano.a(libc_a-snprintf.o)
 .debug_frame   0x00003b5c       0x20 /home/vakhaib/st/stm32cubeide_2.2.0/plugins/com.st.stm32cube.ide.mcu.externaltools.gnu-tools-for-stm32.14.3.rel1.linux64_1.0.100.202602081740/tools/bin/../lib/gcc/arm-none-eabi/14.3.1/../../../../arm-none-eabi/lib/thumb/v7-m/nofp/libc_nano.a(libc_a-memset.o)
 .debug_frame   0x00003b7c       0x38 /home/vakhaib/st/stm32cubeide_2.2.0/plugins/com.st.stm32cube.ide.mcu.externaltools.gnu-tools-for-stm32.14.3.rel1.linux64_1.0.100.202602081740/tools/bin/../lib/gcc/arm-none-eabi/14.3.1/../../../../arm-none-eabi/lib/thumb/v7-m/nofp/libc_nano.a(libc_a-reent.o)
 .debug_frame   0x00003bb4       0x20 /home/vakhaib/st/stm32cubeide_2.2.0/plugins/com.st.stm32cube.ide.mcu.externaltools.gnu-tools-for-stm32.14.3.rel1.linux64_1.0.100.202602081740/tools/bin/../lib/gcc/arm-none-eabi/14.3.1/../../../../arm-none-eabi/lib/thumb/v7-m/nofp/libc_nano.a(libc_a-errno.o)
 .debug_frame   0x00003bd4       0x2c /home/vakhaib/st/stm32cubeide_2.2.0/plugins/com.st.stm32cube.ide.mcu.externaltools.gnu-tools-for-stm32.14.3.rel1.linux64_1.0.100.202602081740/tools/bin/../lib/gcc/arm-none-eabi/14.3.1/../../../../arm-none-eabi/lib/thumb/v7-m/nofp/libc_nano.a(libc_a-init.o)
 .debug_frame   0x00003c00       0xb0 /home/vakhaib/st/stm32cubeide_2.2.0/plugins/com.st.stm32cube.ide.mcu.externaltools.gnu-tools-for-stm32.14.3.rel1.linux64_1.0.100.202602081740/tools/bin/../lib/gcc/arm-none-eabi/14.3.1/../../../../arm-none-eabi/lib/thumb/v7-m/nofp/libc_nano.a(libc_a-lock.o)
 .debug_frame   0x00003cb0       0x28 /home/vakhaib/st/stm32cubeide_2.2.0/plugins/com.st.stm32cube.ide.mcu.externaltools.gnu-tools-for-stm32.14.3.rel1.linux64_1.0.100.202602081740/tools/bin/../lib/gcc/arm-none-eabi/14.3.1/../../../../arm-none-eabi/lib/thumb/v7-m/nofp/libc_nano.a(libc_a-memcpy-stub.o)
 .debug_frame   0x00003cd8       0x38 /home/vakhaib/st/stm32cubeide_2.2.0/plugins/com.st.stm32cube.ide.mcu.externaltools.gnu-tools-for-stm32.14.3.rel1.linux64_1.0.100.202602081740/tools/bin/../lib/gcc/arm-none-eabi/14.3.1/../../../../arm-none-eabi/lib/thumb/v7-m/nofp/libc_nano.a(libc_a-freer.o)
 .debug_frame   0x00003d10       0x50 /home/vakhaib/st/stm32cubeide_2.2.0/plugins/com.st.stm32cube.ide.mcu.externaltools.gnu-tools-for-stm32.14.3.rel1.linux64_1.0.100.202602081740/tools/bin/../lib/gcc/arm-none-eabi/14.3.1/../../../../arm-none-eabi/lib/thumb/v7-m/nofp/libc_nano.a(libc_a-mallocr.o)
 .debug_frame   0x00003d60       0x30 /home/vakhaib/st/stm32cubeide_2.2.0/plugins/com.st.stm32cube.ide.mcu.externaltools.gnu-tools-for-stm32.14.3.rel1.linux64_1.0.100.202602081740/tools/bin/../lib/gcc/arm-none-eabi/14.3.1/../../../../arm-none-eabi/lib/thumb/v7-m/nofp/libc_nano.a(libc_a-mlock.o)
 .debug_frame   0x00003d90       0x90 /home/vakhaib/st/stm32cubeide_2.2.0/plugins/com.st.stm32cube.ide.mcu.externaltools.gnu-tools-for-stm32.14.3.rel1.linux64_1.0.100.202602081740/tools/bin/../lib/gcc/arm-none-eabi/14.3.1/../../../../arm-none-eabi/lib/thumb/v7-m/nofp/libc_nano.a(libc_a-nano-svfprintf.o)
 .debug_frame   0x00003e20       0x60 /home/vakhaib/st/stm32cubeide_2.2.0/plugins/com.st.stm32cube.ide.mcu.externaltools.gnu-tools-for-stm32.14.3.rel1.linux64_1.0.100.202602081740/tools/bin/../lib/gcc/arm-none-eabi/14.3.1/../../../../arm-none-eabi/lib/thumb/v7-m/nofp/libc_nano.a(libc_a-nano-vfprintf_i.o)
 .debug_frame   0x00003e80       0x28 /home/vakhaib/st/stm32cubeide_2.2.0/plugins/com.st.stm32cube.ide.mcu.externaltools.gnu-tools-for-stm32.14.3.rel1.linux64_1.0.100.202602081740/tools/bin/../lib/gcc/arm-none-eabi/14.3.1/../../../../arm-none-eabi/lib/thumb/v7-m/nofp/libc_nano.a(libc_a-memmove.o)
 .debug_frame   0x00003ea8       0x2c /home/vakhaib/st/stm32cubeide_2.2.0/plugins/com.st.stm32cube.ide.mcu.externaltools.gnu-tools-for-stm32.14.3.rel1.linux64_1.0.100.202602081740/tools/bin/../lib/gcc/arm-none-eabi/14.3.1/../../../../arm-none-eabi/lib/thumb/v7-m/nofp/libc_nano.a(libc_a-sbrkr.o)
 .debug_frame   0x00003ed4       0x28 /home/vakhaib/st/stm32cubeide_2.2.0/plugins/com.st.stm32cube.ide.mcu.externaltools.gnu-tools-for-stm32.14.3.rel1.linux64_1.0.100.202602081740/tools/bin/../lib/gcc/arm-none-eabi/14.3.1/../../../../arm-none-eabi/lib/thumb/v7-m/nofp/libc_nano.a(libc_a-memchr-stub.o)
 .debug_frame   0x00003efc       0x3c /home/vakhaib/st/stm32cubeide_2.2.0/plugins/com.st.stm32cube.ide.mcu.externaltools.gnu-tools-for-stm32.14.3.rel1.linux64_1.0.100.202602081740/tools/bin/../lib/gcc/arm-none-eabi/14.3.1/../../../../arm-none-eabi/lib/thumb/v7-m/nofp/libc_nano.a(libc_a-reallocr.o)
 .debug_frame   0x00003f38       0x20 /home/vakhaib/st/stm32cubeide_2.2.0/plugins/com.st.stm32cube.ide.mcu.externaltools.gnu-tools-for-stm32.14.3.rel1.linux64_1.0.100.202602081740/tools/bin/../lib/gcc/arm-none-eabi/14.3.1/../../../../arm-none-eabi/lib/thumb/v7-m/nofp/libc_nano.a(libc_a-msizer.o)
 .debug_frame   0x00003f58       0x44 /home/vakhaib/st/stm32cubeide_2.2.0/plugins/com.st.stm32cube.ide.mcu.externaltools.gnu-tools-for-stm32.14.3.rel1.linux64_1.0.100.202602081740/tools/bin/../lib/gcc/arm-none-eabi/14.3.1/thumb/v7-m/nofp/libgcc.a(_aeabi_ldivmod.o)
 .debug_frame   0x00003f9c       0x34 /home/vakhaib/st/stm32cubeide_2.2.0/plugins/com.st.stm32cube.ide.mcu.externaltools.gnu-tools-for-stm32.14.3.rel1.linux64_1.0.100.202602081740/tools/bin/../lib/gcc/arm-none-eabi/14.3.1/thumb/v7-m/nofp/libgcc.a(_udivmoddi4.o)

.debug_line_str
                0x00000000       0x6a
 .debug_line_str
                0x00000000       0x6a ./Core/Startup/startup_stm32f103rbtx.o
