Archive member included to satisfy reference by file (symbol)

/home/vakhaib/st/stm32cubeide_1.17.0/plugins/com.st.stm32cube.ide.mcu.externaltools.gnu-tools-for-stm32.13.3.rel1.linux64_1.0.0.202410170706/tools/bin/../lib/gcc/arm-none-eabi/13.3.1/../../../../arm-none-eabi/lib/thumb/v7-m/nofp/libc_nano.a(libc_a-exit.o)
                              /home/vakhaib/st/stm32cubeide_1.17.0/plugins/com.st.stm32cube.ide.mcu.externaltools.gnu-tools-for-stm32.13.3.rel1.linux64_1.0.0.202410170706/tools/bin/../lib/gcc/arm-none-eabi/13.3.1/../../../../arm-none-eabi/lib/thumb/v7-m/nofp/crt0.o (exit)
/home/vakhaib/st/stm32cubeide_1.17.0/plugins/com.st.stm32cube.ide.mcu.externaltools.gnu-tools-for-stm32.13.3.rel1.linux64_1.0.0.202410170706/tools/bin/../lib/gcc/arm-none-eabi/13.3.1/../../../../arm-none-eabi/lib/thumb/v7-m/nofp/libc_nano.a(libc_a-findfp.o)
                              /home/vakhaib/st/stm32cubeide_1.17.0/plugins/com.st.stm32cube.ide.mcu.externaltools.gnu-tools-for-stm32.13.3.rel1.linux64_1.0.0.202410170706/tools/bin/../lib/gcc/arm-none-eabi/13.3.1/../../../../arm-none-eabi/lib/thumb/v7-m/nofp/libc_nano.a(libc_a-exit.o) (__stdio_exit_handler)
/home/vakhaib/st/stm32cubeide_1.17.0/plugins/com.st.stm32cube.ide.mcu.externaltools.gnu-tools-for-stm32.13.3.rel1.linux64_1.0.0.202410170706/tools/bin/../lib/gcc/arm-none-eabi/13.3.1/../../../../arm-none-eabi/lib/thumb/v7-m/nofp/libc_nano.a(libc_a-fwalk.o)
                              /home/vakhaib/st/stm32cubeide_1.17.0/plugins/com.st.stm32cube.ide.mcu.externaltools.gnu-tools-for-stm32.13.3.rel1.linux64_1.0.0.202410170706/tools/bin/../lib/gcc/arm-none-eabi/13.3.1/../../../../arm-none-eabi/lib/thumb/v7-m/nofp/libc_nano.a(libc_a-findfp.o) (_fwalk_sglue)
/home/vakhaib/st/stm32cubeide_1.17.0/plugins/com.st.stm32cube.ide.mcu.externaltools.gnu-tools-for-stm32.13.3.rel1.linux64_1.0.0.202410170706/tools/bin/../lib/gcc/arm-none-eabi/13.3.1/../../../../arm-none-eabi/lib/thumb/v7-m/nofp/libc_nano.a(libc_a-snprintf.o)
                              ./Core/Src/main.o (snprintf)
/home/vakhaib/st/stm32cubeide_1.17.0/plugins/com.st.stm32cube.ide.mcu.externaltools.gnu-tools-for-stm32.13.3.rel1.linux64_1.0.0.202410170706/tools/bin/../lib/gcc/arm-none-eabi/13.3.1/../../../../arm-none-eabi/lib/thumb/v7-m/nofp/libc_nano.a(libc_a-stdio.o)
                              /home/vakhaib/st/stm32cubeide_1.17.0/plugins/com.st.stm32cube.ide.mcu.externaltools.gnu-tools-for-stm32.13.3.rel1.linux64_1.0.0.202410170706/tools/bin/../lib/gcc/arm-none-eabi/13.3.1/../../../../arm-none-eabi/lib/thumb/v7-m/nofp/libc_nano.a(libc_a-findfp.o) (__sread)
/home/vakhaib/st/stm32cubeide_1.17.0/plugins/com.st.stm32cube.ide.mcu.externaltools.gnu-tools-for-stm32.13.3.rel1.linux64_1.0.0.202410170706/tools/bin/../lib/gcc/arm-none-eabi/13.3.1/../../../../arm-none-eabi/lib/thumb/v7-m/nofp/libc_nano.a(libc_a-memset.o)
                              /home/vakhaib/st/stm32cubeide_1.17.0/plugins/com.st.stm32cube.ide.mcu.externaltools.gnu-tools-for-stm32.13.3.rel1.linux64_1.0.0.202410170706/tools/bin/../lib/gcc/arm-none-eabi/13.3.1/../../../../arm-none-eabi/lib/thumb/v7-m/nofp/crt0.o (memset)
/home/vakhaib/st/stm32cubeide_1.17.0/plugins/com.st.stm32cube.ide.mcu.externaltools.gnu-tools-for-stm32.13.3.rel1.linux64_1.0.0.202410170706/tools/bin/../lib/gcc/arm-none-eabi/13.3.1/../../../../arm-none-eabi/lib/thumb/v7-m/nofp/libc_nano.a(libc_a-closer.o)
                              /home/vakhaib/st/stm32cubeide_1.17.0/plugins/com.st.stm32cube.ide.mcu.externaltools.gnu-tools-for-stm32.13.3.rel1.linux64_1.0.0.202410170706/tools/bin/../lib/gcc/arm-none-eabi/13.3.1/../../../../arm-none-eabi/lib/thumb/v7-m/nofp/libc_nano.a(libc_a-stdio.o) (_close_r)
/home/vakhaib/st/stm32cubeide_1.17.0/plugins/com.st.stm32cube.ide.mcu.externaltools.gnu-tools-for-stm32.13.3.rel1.linux64_1.0.0.202410170706/tools/bin/../lib/gcc/arm-none-eabi/13.3.1/../../../../arm-none-eabi/lib/thumb/v7-m/nofp/libc_nano.a(libc_a-reent.o)
                              /home/vakhaib/st/stm32cubeide_1.17.0/plugins/com.st.stm32cube.ide.mcu.externaltools.gnu-tools-for-stm32.13.3.rel1.linux64_1.0.0.202410170706/tools/bin/../lib/gcc/arm-none-eabi/13.3.1/../../../../arm-none-eabi/lib/thumb/v7-m/nofp/libc_nano.a(libc_a-closer.o) (errno)
/home/vakhaib/st/stm32cubeide_1.17.0/plugins/com.st.stm32cube.ide.mcu.externaltools.gnu-tools-for-stm32.13.3.rel1.linux64_1.0.0.202410170706/tools/bin/../lib/gcc/arm-none-eabi/13.3.1/../../../../arm-none-eabi/lib/thumb/v7-m/nofp/libc_nano.a(libc_a-impure.o)
                              /home/vakhaib/st/stm32cubeide_1.17.0/plugins/com.st.stm32cube.ide.mcu.externaltools.gnu-tools-for-stm32.13.3.rel1.linux64_1.0.0.202410170706/tools/bin/../lib/gcc/arm-none-eabi/13.3.1/../../../../arm-none-eabi/lib/thumb/v7-m/nofp/libc_nano.a(libc_a-snprintf.o) (_impure_ptr)
[...]
Memory Configuration

Name             Origin             Length             Attributes
RAM              0x20000000         0x00005000         xrw
FLASH            0x08000000         0x00020000         xr
*default*        0x00000000         0xffffffff

Linker script and memory map

LOAD /home/vakhaib/st/stm32cubeide_1.17.0/plugins/com.st.stm32cube.ide.mcu.externaltools.gnu-tools-for-stm32.13.3.rel1.linux64_1.0.0.202410170706/tools/bin/../lib/gcc/arm-none-eabi/13.3.1/thumb/v7-m/nofp/crti.o
LOAD /home/vakhaib/st/stm32cubeide_1.17.0/plugins/com.st.stm32cube.ide.mcu.externaltools.gnu-tools-for-stm32.13.3.rel1.linux64_1.0.0.202410170706/tools/bin/../lib/gcc/arm-none-eabi/13.3.1/thumb/v7-m/nofp/crtbegin.o
LOAD /home/vakhaib/st/stm32cubeide_1.17.0/plugins/com.st.stm32cube.ide.mcu.externaltools.gnu-tools-for-stm32.13.3.rel1.linux64_1.0.0.202410170706/tools/bin/../lib/gcc/arm-none-eabi/13.3.1/../../../../arm-none-eabi/lib/thumb/v7-m/nofp/crt0.o
LOAD ./Core/Src/ST7920_SERIAL.o
LOAD ./Core/Src/main.o
LOAD ./Core/Src/stm32f1xx_hal_msp.o
LOAD ./Core/Src/stm32f1xx_it.o
LOAD ./Core/Src/syscalls.o
LOAD ./Core/Src/sysmem.o
LOAD ./Core/Src/system_stm32f1xx.o
LOAD ./Core/Startup/startup_stm32f103rbtx.o
LOAD ./Drivers/STM32F1xx_HAL_Driver/Src/stm32f1xx_hal.o
LOAD ./Drivers/STM32F1xx_HAL_Driver/Src/stm32f1xx_hal_adc.o
LOAD ./Drivers/STM32F1xx_HAL_Driver/Src/stm32f1xx_hal_adc_ex.o
LOAD ./Drivers/STM32F1xx_HAL_Driver/Src/stm32f1xx_hal_cortex.o
LOAD ./Drivers/STM32F1xx_HAL_Driver/Src/stm32f1xx_hal_dma.o
LOAD ./Drivers/STM32F1xx_HAL_Driver/Src/stm32f1xx_hal_exti.o
LOAD ./Drivers/STM32F1xx_HAL_Driver/Src/stm32f1xx_hal_flash.o
LOAD ./Drivers/STM32F1xx_HAL_Driver/Src/stm32f1xx_hal_flash_ex.o
LOAD ./Drivers/STM32F1xx_HAL_Driver/Src/stm32f1xx_hal_gpio.o
LOAD ./Drivers/STM32F1xx_HAL_Driver/Src/stm32f1xx_hal_gpio_ex.o
LOAD ./Drivers/STM32F1xx_HAL_Driver/Src/stm32f1xx_hal_pwr.o
LOAD ./Drivers/STM32F1xx_HAL_Driver/Src/stm32f1xx_hal_rcc.o
LOAD ./Drivers/STM32F1xx_HAL_Driver/Src/stm32f1xx_hal_rcc_ex.o
LOAD ./Drivers/STM32F1xx_HAL_Driver/Src/stm32f1xx_hal_tim.o
LOAD ./Drivers/STM32F1xx_HAL_Driver/Src/stm32f1xx_hal_tim_ex.o
START GROUP
LOAD /home/vakhaib/st/stm32cubeide_1.17.0/plugins/com.st.stm32cube.ide.mcu.externaltools.gnu-tools-for-stm32.13.3.rel1.linux64_1.0.0.202410170706/tools/bin/../lib/gcc/arm-none-eabi/13.3.1/../../../../arm-none-eabi/lib/thumb/v7-m/nofp/libc_nano.a
LOAD /home/vakhaib/st/stm32cubeide_1.17.0/plugins/com.st.stm32cube.ide.mcu.externaltools.gnu-tools-for-stm32.13.3.rel1.linux64_1.0.0.202410170706/tools/bin/../lib/gcc/arm-none-eabi/13.3.1/../../../../arm-none-eabi/lib/thumb/v7-m/nofp/libm.a
END GROUP
START GROUP
LOAD /home/vakhaib/st/stm32cubeide_1.17.0/plugins/com.st.stm32cube.ide.mcu.externaltools.gnu-tools-for-stm32.13.3.rel1.linux64_1.0.0.202410170706/tools/bin/../lib/gcc/arm-none-eabi/13.3.1/thumb/v7-m/nofp/libgcc.a
LOAD /home/vakhaib/st/stm32cubeide_1.17.0/plugins/com.st.stm32cube.ide.mcu.externaltools.gnu-tools-for-stm32.13.3.rel1.linux64_1.0.0.202410170706/tools/bin/../lib/gcc/arm-none-eabi/13.3.1/../../../../arm-none-eabi/lib/thumb/v7-m/nofp/libc_nano.a
END GROUP
START GROUP
LOAD /home/vakhaib/st/stm32cubeide_1.17.0/plugins/com.st.stm32cube.ide.mcu.externaltools.gnu-tools-for-stm32.13.3.rel1.linux64_1.0.0.202410170706/tools/bin/../lib/gcc/arm-none-eabi/13.3.1/thumb/v7-m/nofp/libgcc.a
LOAD /home/vakhaib/st/stm32cubeide_1.17.0/plugins/com.st.stm32cube.ide.mcu.externaltools.gnu-tools-for-stm32.13.3.rel1.linux64_1.0.0.202410170706/tools/bin/../lib/gcc/arm-none-eabi/13.3.1/../../../../arm-none-eabi/lib/thumb/v7-m/nofp/libc_nano.a
LOAD /home/vakhaib/st/stm32cubeide_1.17.0/plugins/com.st.stm32cube.ide.mcu.externaltools.gnu-tools-for-stm32.13.3.rel1.linux64_1.0.0.202410170706/tools/bin/../lib/gcc/arm-none-eabi/13.3.1/../../../../arm-none-eabi/lib/thumb/v7-m/nofp/libnosys.a
END GROUP
START GROUP
LOAD /home/vakhaib/st/stm32cubeide_1.17.0/plugins/com.st.stm32cube.ide.mcu.externaltools.gnu-tools-for-stm32.13.3.rel1.linux64_1.0.0.202410170706/tools/bin/../lib/gcc/arm-none-eabi/13.3.1/thumb/v7-m/nofp/libgcc.a
LOAD /home/vakhaib/st/stm32cubeide_1.17.0/plugins/com.st.stm32cube.ide.mcu.externaltools.gnu-tools-for-stm32.13.3.rel1.linux64_1.0.0.202410170706/tools/bin/../lib/gcc/arm-none-eabi/13.3.1/../../../../arm-none-eabi/lib/thumb/v7-m/nofp/libc_nano.a
LOAD /home/vakhaib/st/stm32cubeide_1.17.0/plugins/com.st.stm32cube.ide.mcu.externaltools.gnu-tools-for-stm32.13.3.rel1.linux64_1.0.0.202410170706/tools/bin/../lib/gcc/arm-none-eabi/13.3.1/../../../../arm-none-eabi/lib/thumb/v7-m/nofp/libnosys.a
END GROUP
LOAD /home/vakhaib/st/stm32cubeide_1.17.0/plugins/com.st.stm32cube.ide.mcu.externaltools.gnu-tools-for-stm32.13.3.rel1.linux64_1.0.0.202410170706/tools/bin/../lib/gcc/arm-none-eabi/13.3.1/thumb/v7-m/nofp/crtend.o
LOAD /home/vakhaib/st/stm32cubeide_1.17.0/plugins/com.st.stm32cube.ide.mcu.externaltools.gnu-tools-for-stm32.13.3.rel1.linux64_1.0.0.202410170706/tools/bin/../lib/gcc/arm-none-eabi/13.3.1/thumb/v7-m/nofp/crtn.o
                0x20005000                        _estack = (ORIGIN (RAM) + LENGTH (RAM))
                0x00000200                        _Min_Heap_Size = 0x200
                0x00000400                        _Min_Stack_Size = 0x400

.isr_vector     0x08000000      0x10c
                0x08000000                        . = ALIGN (0x4)
 *(.isr_vector)
 .isr_vector    0x08000000      0x10c ./Core/Startup/startup_stm32f103rbtx.o
                0x08000000                g_pfnVectors
                0x0800010c                        . = ALIGN (0x4)

.text           0x0800010c     0x5134
                0x0800010c                        . = ALIGN (0x4)
 *(.text)
 .text          0x0800010c       0x40 /home/vakhaib/st/stm32cubeide_1.17.0/plugins/com.st.stm32cube.ide.mcu.externaltools.gnu-tools-for-stm32.13.3.rel1.linux64_1.0.0.202410170706/tools/bin/../lib/gcc/arm-none-eabi/13.3.1/thumb/v7-m/nofp/crtbegin.o
 *(.text*)
 .text.delay_us
                0x0800014c       0x28 ./Core/Src/ST7920_SERIAL.o
                0x0800014c                delay_us
 .text.SendByteSPI
                0x08000174       0x68 ./Core/Src/ST7920_SERIAL.o
                0x08000174                SendByteSPI
 .text.ST7920_SendCmd
                0x080001dc       0x50 ./Core/Src/ST7920_SERIAL.o
                0x080001dc                ST7920_SendCmd
 .text.ST7920_SendData
                0x0800022c       0x50 ./Core/Src/ST7920_SERIAL.o
                0x0800022c                ST7920_SendData
 .text.ST7920_GraphicMode
                0x0800027c       0x60 ./Core/Src/ST7920_SERIAL.o
                0x0800027c                ST7920_GraphicMode
 .text.ST7920_DrawBitmap
                0x080002dc      0x2b6 ./Core/Src/ST7920_SERIAL.o
                0x080002dc                ST7920_DrawBitmap
 *fill*         0x08000592        0x2 
 .text.GLCD_Buf_Clear
                0x08000594       0x34 ./Core/Src/ST7920_SERIAL.o
                0x08000594                GLCD_Buf_Clear
 .text.ST7920_Update
                0x080005c8       0x14 ./Core/Src/ST7920_SERIAL.o
                0x080005c8                ST7920_Update
 .text.ST7920_Clear
                0x080005dc       0x94 ./Core/Src/ST7920_SERIAL.o
                0x080005dc                ST7920_Clear
 .text.ST7920_Init
                0x08000670       0x9c ./Core/Src/ST7920_SERIAL.o
                0x08000670                ST7920_Init
 .text.GLCD_Font_Print
                0x0800070c       0x7c ./Core/Src/ST7920_SERIAL.o
                0x0800070c                GLCD_Font_Print
 .text.Encoder_GetSteps
                0x08000788       0x16 ./Core/Src/main.o
 *fill*         0x0800079e        0x2 
 .text.PrintLineSel
                0x080007a0       0x54 ./Core/Src/main.o
 .text.Edit_Binding
                0x080007f4       0xd0 ./Core/Src/main.o
 .text.DirApply
                0x080008c4       0x48 ./Core/Src/main.o
 .text.Settings_Checksum
                0x0800090c       0x3e ./Core/Src/main.o
 *fill*         0x0800094a        0x2 
 .text.Settings_Load
                0x0800094c      0x104 ./Core/Src/main.o
 .text.Settings_Save
                0x08000a50      0x120 ./Core/Src/main.o
 .text.main     0x08000b70      0x734 ./Core/Src/main.o
                0x08000b70                main
 .text.SystemClock_Config
                0x080012a4       0xb6 ./Core/Src/main.o
                0x080012a4                SystemClock_Config
 *fill*         0x0800135a        0x2 
 .text.MX_ADC1_Init
                0x0800135c       0x7c ./Core/Src/main.o
 .text.MX_ADC2_Init
                0x080013d8       0x7c ./Core/Src/main.o
 .text.MX_TIM1_Init
                0x08001454       0xa0 ./Core/Src/main.o
 .text.MX_TIM2_Init
                0x080014f4       0xa8 ./Core/Src/main.o
 .text.MX_TIM4_Init
                0x0800159c       0x9c ./Core/Src/main.o
 .text.MX_GPIO_Init
                0x08001638      0x1a4 ./Core/Src/main.o
 .text.Confirm_Action
                0x080017dc      0x294 ./Core/Src/main.o
 .text.Keypad_Task
                0x08001a70      0x144 ./Core/Src/main.o
 .text.HAL_GPIO_EXTI_Callback
                0x08001bb4       0x40 ./Core/Src/main.o
                0x08001bb4                HAL_GPIO_EXTI_Callback
 .text.delay_us_motor
                0x08001bf4       0x30 ./Core/Src/main.o
                0x08001bf4                delay_us_motor
 .text.Menu_KeepVisible
                0x08001c24       0x6c ./Core/Src/main.o
 .text.Menu_Draw
                0x08001c90       0x98 ./Core/Src/main.o
 .text.Inside_CursorCount
                0x08001d28       0x40 ./Core/Src/main.o
 .text.Inside_Draw
                0x08001d68      0x45c ./Core/Src/main.o
 .text.Menu_Init
                0x080021c4       0x3c ./Core/Src/main.o
                0x080021c4                Menu_Init
 .text.Menu_Inside_Init
                0x08002200       0x30 ./Core/Src/main.o
                0x08002200                Menu_Inside_Init
 .text.Menu_Task
                0x08002230       0xc4 ./Core/Src/main.o
                0x08002230                Menu_Task
 .text.Menu_Inside
                0x080022f4       0xb8 ./Core/Src/main.o
                0x080022f4                Menu_Inside
 .text.Keypad_ScanRaw
                0x080023ac       0xcc ./Core/Src/main.o
 .text.Error_Handler
                0x08002478        0xc ./Core/Src/main.o
                0x08002478                Error_Handler
 .text.HAL_MspInit
                0x08002484       0x64 ./Core/Src/stm32f1xx_hal_msp.o
                0x08002484                HAL_MspInit
 .text.HAL_ADC_MspInit
                0x080024e8       0xcc ./Core/Src/stm32f1xx_hal_msp.o
                0x080024e8                HAL_ADC_MspInit
 .text.HAL_TIM_Base_MspInit
                0x080025b4       0x64 ./Core/Src/stm32f1xx_hal_msp.o
                0x080025b4                HAL_TIM_Base_MspInit
 .text.HAL_TIM_Encoder_MspInit
                0x08002618      0x108 ./Core/Src/stm32f1xx_hal_msp.o
                0x08002618                HAL_TIM_Encoder_MspInit
 .text.NMI_Handler
                0x08002720        0x8 ./Core/Src/stm32f1xx_it.o
                0x08002720                NMI_Handler
 .text.HardFault_Handler
                0x08002728        0x8 ./Core/Src/stm32f1xx_it.o
                0x08002728                HardFault_Handler
 .text.MemManage_Handler
                0x08002730        0x8 ./Core/Src/stm32f1xx_it.o
                0x08002730                MemManage_Handler
 .text.BusFault_Handler
                0x08002738        0x8 ./Core/Src/stm32f1xx_it.o
                0x08002738                BusFault_Handler
 .text.UsageFault_Handler
                0x08002740        0x8 ./Core/Src/stm32f1xx_it.o
                0x08002740                UsageFault_Handler
 .text.SVC_Handler
                0x08002748        0xc ./Core/Src/stm32f1xx_it.o
                0x08002748                SVC_Handler
 .text.DebugMon_Handler
                0x08002754        0xc ./Core/Src/stm32f1xx_it.o
                0x08002754                DebugMon_Handler
 .text.PendSV_Handler
                0x08002760        0xc ./Core/Src/stm32f1xx_it.o
                0x08002760                PendSV_Handler
 .text.SysTick_Handler
                0x0800276c        0xc ./Core/Src/stm32f1xx_it.o
                0x0800276c                SysTick_Handler
 .text.EXTI1_IRQHandler
                0x08002778        0xe ./Core/Src/stm32f1xx_it.o
                0x08002778                EXTI1_IRQHandler
 .text.EXTI9_5_IRQHandler
                0x08002786       0x14 ./Core/Src/stm32f1xx_it.o
                0x08002786                EXTI9_5_IRQHandler
 *fill*         0x0800279a        0x2 
 .text._sbrk    0x0800279c       0x6c ./Core/Src/sysmem.o
                0x0800279c                _sbrk
 .text.SystemInit
                0x08002808        0xc ./Core/Src/system_stm32f1xx.o
                0x08002808                SystemInit
 .text.Reset_Handler
                0x08002814       0x48 ./Core/Startup/startup_stm32f103rbtx.o
                0x08002814                Reset_Handler
 .text.Default_Handler
                0x0800285c        0x2 ./Core/Startup/startup_stm32f103rbtx.o
                0x0800285c                RTC_Alarm_IRQHandler
                0x0800285c                EXTI2_IRQHandler
                0x0800285c                TIM1_CC_IRQHandler
                0x0800285c                PVD_IRQHandler
                0x0800285c                EXTI3_IRQHandler
                0x0800285c                EXTI0_IRQHandler
                0x0800285c                I2C2_EV_IRQHandler
                0x0800285c                ADC1_2_IRQHandler
                0x0800285c                SPI1_IRQHandler
                0x0800285c                TAMPER_IRQHandler
                0x0800285c                DMA1_Channel4_IRQHandler
                0x0800285c                USART3_IRQHandler
                0x0800285c                RTC_IRQHandler
                0x0800285c                DMA1_Channel7_IRQHandler
                0x0800285c                CAN1_RX1_IRQHandler
                0x0800285c                TIM4_IRQHandler
                0x0800285c                I2C1_EV_IRQHandler
                0x0800285c                DMA1_Channel6_IRQHandler
                0x0800285c                TIM3_IRQHandler
                0x0800285c                RCC_IRQHandler
                0x0800285c                TIM1_TRG_COM_IRQHandler
                0x0800285c                DMA1_Channel1_IRQHandler
                0x0800285c                Default_Handler
                0x0800285c                EXTI15_10_IRQHandler
                0x0800285c                SPI2_IRQHandler
                0x0800285c                DMA1_Channel5_IRQHandler
                0x0800285c                EXTI4_IRQHandler
                0x0800285c                USB_LP_CAN1_RX0_IRQHandler
                0x0800285c                USB_HP_CAN1_TX_IRQHandler
                0x0800285c                DMA1_Channel3_IRQHandler
                0x0800285c                TIM1_UP_IRQHandler
                0x0800285c                WWDG_IRQHandler
                0x0800285c                TIM2_IRQHandler
                0x0800285c                TIM1_BRK_IRQHandler
                0x0800285c                USART2_IRQHandler
                0x0800285c                I2C2_ER_IRQHandler
                0x0800285c                DMA1_Channel2_IRQHandler
                0x0800285c                CAN1_SCE_IRQHandler
                0x0800285c                FLASH_IRQHandler
                0x0800285c                USART1_IRQHandler
                0x0800285c                I2C1_ER_IRQHandler
                0x0800285c                USBWakeUp_IRQHandler
 *fill*         0x0800285e        0x2 
 .text.HAL_Init
                0x08002860       0x2c ./Drivers/STM32F1xx_HAL_Driver/Src/stm32f1xx_hal.o
                0x08002860                HAL_Init
 .text.HAL_InitTick
                0x0800288c       0x60 ./Drivers/STM32F1xx_HAL_Driver/Src/stm32f1xx_hal.o
                0x0800288c                HAL_InitTick
 .text.HAL_IncTick
                0x080028ec       0x24 ./Drivers/STM32F1xx_HAL_Driver/Src/stm32f1xx_hal.o
                0x080028ec                HAL_IncTick
 .text.HAL_GetTick
                0x08002910       0x14 ./Drivers/STM32F1xx_HAL_Driver/Src/stm32f1xx_hal.o
                0x08002910                HAL_GetTick
 .text.HAL_Delay
                0x08002924       0x48 ./Drivers/STM32F1xx_HAL_Driver/Src/stm32f1xx_hal.o
                0x08002924                HAL_Delay
 .text.HAL_ADC_Init
                0x0800296c      0x1b0 ./Drivers/STM32F1xx_HAL_Driver/Src/stm32f1xx_hal_adc.o
                0x0800296c                HAL_ADC_Init
 .text.HAL_ADC_ConfigChannel
                0x08002b1c      0x1f0 ./Drivers/STM32F1xx_HAL_Driver/Src/stm32f1xx_hal_adc.o
                0x08002b1c                HAL_ADC_ConfigChannel
 .text.ADC_ConversionStop_Disable
                0x08002d0c       0x82 ./Drivers/STM32F1xx_HAL_Driver/Src/stm32f1xx_hal_adc.o
                0x08002d0c                ADC_ConversionStop_Disable
 *fill*         0x08002d8e        0x2 
 .text.__NVIC_SetPriorityGrouping
                0x08002d90       0x48 ./Drivers/STM32F1xx_HAL_Driver/Src/stm32f1xx_hal_cortex.o
 .text.__NVIC_GetPriorityGrouping
                0x08002dd8       0x1c ./Drivers/STM32F1xx_HAL_Driver/Src/stm32f1xx_hal_cortex.o
 .text.__NVIC_EnableIRQ
                0x08002df4       0x38 ./Drivers/STM32F1xx_HAL_Driver/Src/stm32f1xx_hal_cortex.o
 .text.__NVIC_SetPriority
                0x08002e2c       0x54 ./Drivers/STM32F1xx_HAL_Driver/Src/stm32f1xx_hal_cortex.o
 .text.NVIC_EncodePriority
                0x08002e80       0x64 ./Drivers/STM32F1xx_HAL_Driver/Src/stm32f1xx_hal_cortex.o
 .text.SysTick_Config
                0x08002ee4       0x44 ./Drivers/STM32F1xx_HAL_Driver/Src/stm32f1xx_hal_cortex.o
 .text.HAL_NVIC_SetPriorityGrouping
                0x08002f28       0x16 ./Drivers/STM32F1xx_HAL_Driver/Src/stm32f1xx_hal_cortex.o
                0x08002f28                HAL_NVIC_SetPriorityGrouping
 .text.HAL_NVIC_SetPriority
                0x08002f3e       0x38 ./Drivers/STM32F1xx_HAL_Driver/Src/stm32f1xx_hal_cortex.o
                0x08002f3e                HAL_NVIC_SetPriority
 .text.HAL_NVIC_EnableIRQ
                0x08002f76       0x1c ./Drivers/STM32F1xx_HAL_Driver/Src/stm32f1xx_hal_cortex.o
                0x08002f76                HAL_NVIC_EnableIRQ
 .text.HAL_SYSTICK_Config
                0x08002f92       0x18 ./Drivers/STM32F1xx_HAL_Driver/Src/stm32f1xx_hal_cortex.o
                0x08002f92                HAL_SYSTICK_Config
 *fill*         0x08002faa        0x2 
 .text.HAL_FLASH_Program
                0x08002fac       0xe0 ./Drivers/STM32F1xx_HAL_Driver/Src/stm32f1xx_hal_flash.o
                0x08002fac                HAL_FLASH_Program
 .text.HAL_FLASH_Unlock
                0x0800308c       0x4c ./Drivers/STM32F1xx_HAL_Driver/Src/stm32f1xx_hal_flash.o
                0x0800308c                HAL_FLASH_Unlock
 .text.HAL_FLASH_Lock
                0x080030d8       0x20 ./Drivers/STM32F1xx_HAL_Driver/Src/stm32f1xx_hal_flash.o
                0x080030d8                HAL_FLASH_Lock
 .text.FLASH_Program_HalfWord
                0x080030f8       0x38 ./Drivers/STM32F1xx_HAL_Driver/Src/stm32f1xx_hal_flash.o
 .text.FLASH_WaitForLastOperation
                0x08003130       0x8c ./Drivers/STM32F1xx_HAL_Driver/Src/stm32f1xx_hal_flash.o
                0x08003130                FLASH_WaitForLastOperation
 .text.FLASH_SetErrorCode
                0x080031bc       0xa0 ./Drivers/STM32F1xx_HAL_Driver/Src/stm32f1xx_hal_flash.o
 .text.HAL_FLASHEx_Erase
                0x0800325c       0xd8 ./Drivers/STM32F1xx_HAL_Driver/Src/stm32f1xx_hal_flash_ex.o
                0x0800325c                HAL_FLASHEx_Erase
 .text.FLASH_MassErase
                0x08003334       0x38 ./Drivers/STM32F1xx_HAL_Driver/Src/stm32f1xx_hal_flash_ex.o
 .text.FLASH_PageErase
                0x0800336c       0x40 ./Drivers/STM32F1xx_HAL_Driver/Src/stm32f1xx_hal_flash_ex.o
                0x0800336c                FLASH_PageErase
 .text.HAL_GPIO_Init
                0x080033ac      0x308 ./Drivers/STM32F1xx_HAL_Driver/Src/stm32f1xx_hal_gpio.o
                0x080033ac                HAL_GPIO_Init
 .text.HAL_GPIO_ReadPin
                0x080036b4       0x2e ./Drivers/STM32F1xx_HAL_Driver/Src/stm32f1xx_hal_gpio.o
                0x080036b4                HAL_GPIO_ReadPin
 .text.HAL_GPIO_WritePin
                0x080036e2       0x30 ./Drivers/STM32F1xx_HAL_Driver/Src/stm32f1xx_hal_gpio.o
                0x080036e2                HAL_GPIO_WritePin
 *fill*         0x08003712        0x2 
 .text.HAL_GPIO_EXTI_IRQHandler
                0x08003714       0x30 ./Drivers/STM32F1xx_HAL_Driver/Src/stm32f1xx_hal_gpio.o
                0x08003714                HAL_GPIO_EXTI_IRQHandler
 .text.HAL_RCC_OscConfig
                0x08003744      0x504 ./Drivers/STM32F1xx_HAL_Driver/Src/stm32f1xx_hal_rcc.o
                0x08003744                HAL_RCC_OscConfig
 .text.HAL_RCC_ClockConfig
                0x08003c48      0x1d4 ./Drivers/STM32F1xx_HAL_Driver/Src/stm32f1xx_hal_rcc.o
                0x08003c48                HAL_RCC_ClockConfig
 .text.HAL_RCC_GetSysClockFreq
                0x08003e1c       0xac ./Drivers/STM32F1xx_HAL_Driver/Src/stm32f1xx_hal_rcc.o
                0x08003e1c                HAL_RCC_GetSysClockFreq
 .text.RCC_Delay
                0x08003ec8       0x3c ./Drivers/STM32F1xx_HAL_Driver/Src/stm32f1xx_hal_rcc.o
 .text.HAL_RCCEx_PeriphCLKConfig
                0x08003f04      0x16c ./Drivers/STM32F1xx_HAL_Driver/Src/stm32f1xx_hal_rcc_ex.o
                0x08003f04                HAL_RCCEx_PeriphCLKConfig
 .text.HAL_TIM_Base_Init
                0x08004070       0x9e ./Drivers/STM32F1xx_HAL_Driver/Src/stm32f1xx_hal_tim.o
                0x08004070                HAL_TIM_Base_Init
 *fill*         0x0800410e        0x2 
 .text.HAL_TIM_Base_Start
                0x08004110       0x94 ./Drivers/STM32F1xx_HAL_Driver/Src/stm32f1xx_hal_tim.o
                0x08004110                HAL_TIM_Base_Start
 .text.HAL_TIM_Encoder_Init
                0x080041a4      0x144 ./Drivers/STM32F1xx_HAL_Driver/Src/stm32f1xx_hal_tim.o
                0x080041a4                HAL_TIM_Encoder_Init
 .text.HAL_TIM_Encoder_Start
                0x080042e8      0x11c ./Drivers/STM32F1xx_HAL_Driver/Src/stm32f1xx_hal_tim.o
                0x080042e8                HAL_TIM_Encoder_Start
 .text.HAL_TIM_ConfigClockSource
                0x08004404      0x18e ./Drivers/STM32F1xx_HAL_Driver/Src/stm32f1xx_hal_tim.o
                0x08004404                HAL_TIM_ConfigClockSource
 *fill*         0x08004592        0x2 
 .text.TIM_Base_SetConfig
                0x08004594       0xdc ./Drivers/STM32F1xx_HAL_Driver/Src/stm32f1xx_hal_tim.o
                0x08004594                TIM_Base_SetConfig
 .text.TIM_TI1_ConfigInputStage
                0x08004670       0x5c ./Drivers/STM32F1xx_HAL_Driver/Src/stm32f1xx_hal_tim.o
 .text.TIM_TI2_ConfigInputStage
                0x080046cc       0x5e ./Drivers/STM32F1xx_HAL_Driver/Src/stm32f1xx_hal_tim.o
 .text.TIM_ITRx_SetConfig
                0x0800472a       0x34 ./Drivers/STM32F1xx_HAL_Driver/Src/stm32f1xx_hal_tim.o
 .text.TIM_ETR_SetConfig
                0x0800475e       0x3e ./Drivers/STM32F1xx_HAL_Driver/Src/stm32f1xx_hal_tim.o
                0x0800475e                TIM_ETR_SetConfig
 .text.TIM_CCxChannelCmd
                0x0800479c       0x48 ./Drivers/STM32F1xx_HAL_Driver/Src/stm32f1xx_hal_tim.o
                0x0800479c                TIM_CCxChannelCmd
 .text.HAL_TIMEx_MasterConfigSynchronization
                0x080047e4       0xbc ./Drivers/STM32F1xx_HAL_Driver/Src/stm32f1xx_hal_tim_ex.o
                0x080047e4                HAL_TIMEx_MasterConfigSynchronization
 .text.snprintf
                0x080048a0       0x6c /home/vakhaib/st/stm32cubeide_1.17.0/plugins/com.st.stm32cube.ide.mcu.externaltools.gnu-tools-for-stm32.13.3.rel1.linux64_1.0.0.202410170706/tools/bin/../lib/gcc/arm-none-eabi/13.3.1/../../../../arm-none-eabi/lib/thumb/v7-m/nofp/libc_nano.a(libc_a-snprintf.o)
                0x080048a0                snprintf
                0x080048a0                sniprintf
 .text.memset   0x0800490c       0x10 /home/vakhaib/st/stm32cubeide_1.17.0/plugins/com.st.stm32cube.ide.mcu.externaltools.gnu-tools-for-stm32.13.3.rel1.linux64_1.0.0.202410170706/tools/bin/../lib/gcc/arm-none-eabi/13.3.1/../../../../arm-none-eabi/lib/thumb/v7-m/nofp/libc_nano.a(libc_a-memset.o)
                0x0800490c                memset
 .text.__errno  0x0800491c        0xc /home/vakhaib/st/stm32cubeide_1.17.0/plugins/com.st.stm32cube.ide.mcu.externaltools.gnu-tools-for-stm32.13.3.rel1.linux64_1.0.0.202410170706/tools/bin/../lib/gcc/arm-none-eabi/13.3.1/../../../../arm-none-eabi/lib/thumb/v7-m/nofp/libc_nano.a(libc_a-errno.o)
                0x0800491c                __errno
 .text.__libc_init_array
                0x08004928       0x48 /home/vakhaib/st/stm32cubeide_1.17.0/plugins/com.st.stm32cube.ide.mcu.externaltools.gnu-tools-for-stm32.13.3.rel1.linux64_1.0.0.202410170706/tools/bin/../lib/gcc/arm-none-eabi/13.3.1/../../../../arm-none-eabi/lib/thumb/v7-m/nofp/libc_nano.a(libc_a-init.o)
                0x08004928                __libc_init_array
 .text.__retarget_lock_acquire_recursive
                0x08004970        0x2 /home/vakhaib/st/stm32cubeide_1.17.0/plugins/com.st.stm32cube.ide.mcu.externaltools.gnu-tools-for-stm32.13.3.rel1.linux64_1.0.0.202410170706/tools/bin/../lib/gcc/arm-none-eabi/13.3.1/../../../../arm-none-eabi/lib/thumb/v7-m/nofp/libc_nano.a(libc_a-lock.o)
                0x08004970                __retarget_lock_acquire_recursive
 .text.__retarget_lock_release_recursive
                0x08004972        0x2 /home/vakhaib/st/stm32cubeide_1.17.0/plugins/com.st.stm32cube.ide.mcu.externaltools.gnu-tools-for-stm32.13.3.rel1.linux64_1.0.0.202410170706/tools/bin/../lib/gcc/arm-none-eabi/13.3.1/../../../../arm-none-eabi/lib/thumb/v7-m/nofp/libc_nano.a(libc_a-lock.o)
                0x08004972                __retarget_lock_release_recursive
 .text.memcpy   0x08004974       0x1c /home/vakhaib/st/stm32cubeide_1.17.0/plugins/com.st.stm32cube.ide.mcu.externaltools.gnu-tools-for-stm32.13.3.rel1.linux64_1.0.0.202410170706/tools/bin/../lib/gcc/arm-none-eabi/13.3.1/../../../../arm-none-eabi/lib/thumb/v7-m/nofp/libc_nano.a(libc_a-memcpy-stub.o)
                0x08004974                memcpy
 .text._free_r  0x08004990       0x90 /home/vakhaib/st/stm32cubeide_1.17.0/plugins/com.st.stm32cube.ide.mcu.externaltools.gnu-tools-for-stm32.13.3.rel1.linux64_1.0.0.202410170706/tools/bin/../lib/gcc/arm-none-eabi/13.3.1/../../../../arm-none-eabi/lib/thumb/v7-m/nofp/libc_nano.a(libc_a-freer.o)
                0x08004990                _free_r
 .text.sbrk_aligned
                0x08004a20       0x44 /home/vakhaib/st/stm32cubeide_1.17.0/plugins/com.st.stm32cube.ide.mcu.externaltools.gnu-tools-for-stm32.13.3.rel1.linux64_1.0.0.202410170706/tools/bin/../lib/gcc/arm-none-eabi/13.3.1/../../../../arm-none-eabi/lib/thumb/v7-m/nofp/libc_nano.a(libc_a-mallocr.o)
 .text._malloc_r
                0x08004a64      0x100 /home/vakhaib/st/stm32cubeide_1.17.0/plugins/com.st.stm32cube.ide.mcu.externaltools.gnu-tools-for-stm32.13.3.rel1.linux64_1.0.0.202410170706/tools/bin/../lib/gcc/arm-none-eabi/13.3.1/../../../../arm-none-eabi/lib/thumb/v7-m/nofp/libc_nano.a(libc_a-mallocr.o)
                0x08004a64                _malloc_r
 .text.__malloc_lock
                0x08004b64        0xc /home/vakhaib/st/stm32cubeide_1.17.0/plugins/com.st.stm32cube.ide.mcu.externaltools.gnu-tools-for-stm32.13.3.rel1.linux64_1.0.0.202410170706/tools/bin/../lib/gcc/arm-none-eabi/13.3.1/../../../../arm-none-eabi/lib/thumb/v7-m/nofp/libc_nano.a(libc_a-mlock.o)
                0x08004b64                __malloc_lock
 .text.__malloc_unlock
                0x08004b70        0xc /home/vakhaib/st/stm32cubeide_1.17.0/plugins/com.st.stm32cube.ide.mcu.externaltools.gnu-tools-for-stm32.13.3.rel1.linux64_1.0.0.202410170706/tools/bin/../lib/gcc/arm-none-eabi/13.3.1/../../../../arm-none-eabi/lib/thumb/v7-m/nofp/libc_nano.a(libc_a-mlock.o)
                0x08004b70                __malloc_unlock
 .text.__ssputs_r
                0x08004b7c       0xb6 /home/vakhaib/st/stm32cubeide_1.17.0/plugins/com.st.stm32cube.ide.mcu.externaltools.gnu-tools-for-stm32.13.3.rel1.linux64_1.0.0.202410170706/tools/bin/../lib/gcc/arm-none-eabi/13.3.1/../../../../arm-none-eabi/lib/thumb/v7-m/nofp/libc_nano.a(libc_a-nano-svfprintf.o)
                0x08004b7c                __ssputs_r
 *fill*         0x08004c32        0x2 
 .text._svfprintf_r
                0x08004c34      0x1f8 /home/vakhaib/st/stm32cubeide_1.17.0/plugins/com.st.stm32cube.ide.mcu.externaltools.gnu-tools-for-stm32.13.3.rel1.linux64_1.0.0.202410170706/tools/bin/../lib/gcc/arm-none-eabi/13.3.1/../../../../arm-none-eabi/lib/thumb/v7-m/nofp/libc_nano.a(libc_a-nano-svfprintf.o)
                0x08004c34                _svfprintf_r
                0x08004c34                _svfiprintf_r
 .text._printf_common
                0x08004e2c       0xe4 /home/vakhaib/st/stm32cubeide_1.17.0/plugins/com.st.stm32cube.ide.mcu.externaltools.gnu-tools-for-stm32.13.3.rel1.linux64_1.0.0.202410170706/tools/bin/../lib/gcc/arm-none-eabi/13.3.1/../../../../arm-none-eabi/lib/thumb/v7-m/nofp/libc_nano.a(libc_a-nano-vfprintf_i.o)
                0x08004e2c                _printf_common
 .text._printf_i
                0x08004f10      0x23c /home/vakhaib/st/stm32cubeide_1.17.0/plugins/com.st.stm32cube.ide.mcu.externaltools.gnu-tools-for-stm32.13.3.rel1.linux64_1.0.0.202410170706/tools/bin/../lib/gcc/arm-none-eabi/13.3.1/../../../../arm-none-eabi/lib/thumb/v7-m/nofp/libc_nano.a(libc_a-nano-vfprintf_i.o)
                0x08004f10                _printf_i
 .text.memmove  0x0800514c       0x34 /home/vakhaib/st/stm32cubeide_1.17.0/plugins/com.st.stm32cube.ide.mcu.externaltools.gnu-tools-for-stm32.13.3.rel1.linux64_1.0.0.202410170706/tools/bin/../lib/gcc/arm-none-eabi/13.3.1/../../../../arm-none-eabi/lib/thumb/v7-m/nofp/libc_nano.a(libc_a-memmove.o)
                0x0800514c                memmove
 .text._sbrk_r  0x08005180       0x20 /home/vakhaib/st/stm32cubeide_1.17.0/plugins/com.st.stm32cube.ide.mcu.externaltools.gnu-tools-for-stm32.13.3.rel1.linux64_1.0.0.202410170706/tools/bin/../lib/gcc/arm-none-eabi/13.3.1/../../../../arm-none-eabi/lib/thumb/v7-m/nofp/libc_nano.a(libc_a-sbrkr.o)
                0x08005180                _sbrk_r
 .text.memchr   0x080051a0       0x1c /home/vakhaib/st/stm32cubeide_1.17.0/plugins/com.st.stm32cube.ide.mcu.externaltools.gnu-tools-for-stm32.13.3.rel1.linux64_1.0.0.202410170706/tools/bin/../lib/gcc/arm-none-eabi/13.3.1/../../../../arm-none-eabi/lib/thumb/v7-m/nofp/libc_nano.a(libc_a-memchr-stub.o)
                0x080051a0                memchr
 .text._realloc_r
                0x080051bc       0x5c /home/vakhaib/st/stm32cubeide_1.17.0/plugins/com.st.stm32cube.ide.mcu.externaltools.gnu-tools-for-stm32.13.3.rel1.linux64_1.0.0.202410170706/tools/bin/../lib/gcc/arm-none-eabi/13.3.1/../../../../arm-none-eabi/lib/thumb/v7-m/nofp/libc_nano.a(libc_a-reallocr.o)
                0x080051bc                _realloc_r
 .text._malloc_usable_size_r
                0x08005218       0x10 /home/vakhaib/st/stm32cubeide_1.17.0/plugins/com.st.stm32cube.ide.mcu.externaltools.gnu-tools-for-stm32.13.3.rel1.linux64_1.0.0.202410170706/tools/bin/../lib/gcc/arm-none-eabi/13.3.1/../../../../arm-none-eabi/lib/thumb/v7-m/nofp/libc_nano.a(libc_a-msizer.o)
                0x08005218                _malloc_usable_size_r
 *(.glue_7)
 .glue_7        0x08005228        0x0 linker stubs
 *(.glue_7t)
 .glue_7t       0x08005228        0x0 linker stubs
 *(.eh_frame)
 .eh_frame      0x08005228        0x0 /home/vakhaib/st/stm32cubeide_1.17.0/plugins/com.st.stm32cube.ide.mcu.externaltools.gnu-tools-for-stm32.13.3.rel1.linux64_1.0.0.202410170706/tools/bin/../lib/gcc/arm-none-eabi/13.3.1/thumb/v7-m/nofp/crtbegin.o
 *(.init)
 .init          0x08005228        0x4 /home/vakhaib/st/stm32cubeide_1.17.0/plugins/com.st.stm32cube.ide.mcu.externaltools.gnu-tools-for-stm32.13.3.rel1.linux64_1.0.0.202410170706/tools/bin/../lib/gcc/arm-none-eabi/13.3.1/thumb/v7-m/nofp/crti.o
                0x08005228                _init
 .init          0x0800522c        0x8 /home/vakhaib/st/stm32cubeide_1.17.0/plugins/com.st.stm32cube.ide.mcu.externaltools.gnu-tools-for-stm32.13.3.rel1.linux64_1.0.0.202410170706/tools/bin/../lib/gcc/arm-none-eabi/13.3.1/thumb/v7-m/nofp/crtn.o
 *(.fini)
 .fini          0x08005234        0x4 /home/vakhaib/st/stm32cubeide_1.17.0/plugins/com.st.stm32cube.ide.mcu.externaltools.gnu-tools-for-stm32.13.3.rel1.linux64_1.0.0.202410170706/tools/bin/../lib/gcc/arm-none-eabi/13.3.1/thumb/v7-m/nofp/crti.o
                0x08005234                _fini
 .fini          0x08005238        0x8 /home/vakhaib/st/stm32cubeide_1.17.0/plugins/com.st.stm32cube.ide.mcu.externaltools.gnu-tools-for-stm32.13.3.rel1.linux64_1.0.0.202410170706/tools/bin/../lib/gcc/arm-none-eabi/13.3.1/thumb/v7-m/nofp/crtn.o
                0x08005240                        . = ALIGN (0x4)
                0x08005240                        _etext = .

.vfp11_veneer   0x08005240        0x0
 .vfp11_veneer  0x08005240        0x0 linker stubs

.v4_bx          0x08005240        0x0
 .v4_bx         0x08005240        0x0 linker stubs

.iplt           0x08005240        0x0
 .iplt          0x08005240        0x0 /home/vakhaib/st/stm32cubeide_1.17.0/plugins/com.st.stm32cube.ide.mcu.externaltools.gnu-tools-for-stm32.13.3.rel1.linux64_1.0.0.202410170706/tools/bin/../lib/gcc/arm-none-eabi/13.3.1/thumb/v7-m/nofp/crtbegin.o

.rodata         0x08005240      0x9a4
                0x08005240                        . = ALIGN (0x4)
 *(.rodata)
 .rodata        0x08005240      0x139 ./Core/Src/main.o
 *(.rodata*)
 *fill*         0x08005379        0x3 
 .rodata.Font   0x0800537c      0x800 ./Core/Src/ST7920_SERIAL.o
                0x0800537c                Font
 .rodata.keymap
                0x08005b7c       0x10 ./Core/Src/main.o
 .rodata.AHBPrescTable
                0x08005b8c       0x10 ./Core/Src/system_stm32f1xx.o
                0x08005b8c                AHBPrescTable
 .rodata.aPLLMULFactorTable.1
                0x08005b9c       0x10 ./Drivers/STM32F1xx_HAL_Driver/Src/stm32f1xx_hal_rcc.o
 .rodata.aPredivFactorTable.0
                0x08005bac        0x2 ./Drivers/STM32F1xx_HAL_Driver/Src/stm32f1xx_hal_rcc.o
 .rodata._svfprintf_r.str1.1
                0x08005bae       0x33 /home/vakhaib/st/stm32cubeide_1.17.0/plugins/com.st.stm32cube.ide.mcu.externaltools.gnu-tools-for-stm32.13.3.rel1.linux64_1.0.0.202410170706/tools/bin/../lib/gcc/arm-none-eabi/13.3.1/../../../../arm-none-eabi/lib/thumb/v7-m/nofp/libc_nano.a(libc_a-nano-svfprintf.o)
                                 0x11 (size before relaxing)
 .rodata._printf_i.str1.1
                0x08005be1       0x22 /home/vakhaib/st/stm32cubeide_1.17.0/plugins/com.st.stm32cube.ide.mcu.externaltools.gnu-tools-for-stm32.13.3.rel1.linux64_1.0.0.202410170706/tools/bin/../lib/gcc/arm-none-eabi/13.3.1/../../../../arm-none-eabi/lib/thumb/v7-m/nofp/libc_nano.a(libc_a-nano-vfprintf_i.o)
                0x08005c04                        . = ALIGN (0x4)
 *fill*         0x08005be1        0x3 

.ARM.extab      0x08005be4        0x0
                0x08005be4                        . = ALIGN (0x4)
 *(.ARM.extab* .gnu.linkonce.armextab.*)
                0x08005be4                        . = ALIGN (0x4)

.ARM            0x08005be4        0x0
                0x08005be4                        . = ALIGN (0x4)
                0x08005be4                        __exidx_start = .
 *(.ARM.exidx*)
                0x08005be4                        __exidx_end = .
                0x08005be4                        . = ALIGN (0x4)

.preinit_array  0x08005be4        0x0
                0x08005be4                        . = ALIGN (0x4)
                0x08005be4                        PROVIDE (__preinit_array_start = .)
 *(.preinit_array*)
                0x08005be4                        PROVIDE (__preinit_array_end = .)
                0x08005be4                        . = ALIGN (0x4)

.init_array     0x08005be4        0x4
                0x08005be4                        . = ALIGN (0x4)
                0x08005be4                        PROVIDE (__init_array_start = .)
 *(SORT_BY_NAME(.init_array.*))
 *(.init_array*)
 .init_array    0x08005be4        0x4 /home/vakhaib/st/stm32cubeide_1.17.0/plugins/com.st.stm32cube.ide.mcu.externaltools.gnu-tools-for-stm32.13.3.rel1.linux64_1.0.0.202410170706/tools/bin/../lib/gcc/arm-none-eabi/13.3.1/thumb/v7-m/nofp/crtbegin.o
                0x08005be8                        PROVIDE (__init_array_end = .)
                0x08005be8                        . = ALIGN (0x4)

.fini_array     0x08005be8        0x4
                0x08005be8                        . = ALIGN (0x4)
                [!provide]                        PROVIDE (__fini_array_start = .)
 *(SORT_BY_NAME(.fini_array.*))
 *(.fini_array*)
 .fini_array    0x08005be8        0x4 /home/vakhaib/st/stm32cubeide_1.17.0/plugins/com.st.stm32cube.ide.mcu.externaltools.gnu-tools-for-stm32.13.3.rel1.linux64_1.0.0.202410170706/tools/bin/../lib/gcc/arm-none-eabi/13.3.1/thumb/v7-m/nofp/crtbegin.o
                [!provide]                        PROVIDE (__fini_array_end = .)
                0x08005bec                        . = ALIGN (0x4)
                0x08005bec                        _sidata = LOADADDR (.data)

.rel.dyn        0x08005bec        0x0
 .rel.iplt      0x08005bec        0x0 /home/vakhaib/st/stm32cubeide_1.17.0/plugins/com.st.stm32cube.ide.mcu.externaltools.gnu-tools-for-stm32.13.3.rel1.linux64_1.0.0.202410170706/tools/bin/../lib/gcc/arm-none-eabi/13.3.1/thumb/v7-m/nofp/crtbegin.o

.data           0x20000000       0xc0 load address 0x08005bec
                0x20000000                        . = ALIGN (0x4)
                0x20000000                        _sdata = .
 *(.data)
 *(.data*)
 .data.menu     0x20000000       0x10 ./Core/Src/main.o
 .data._inMenu  0x20000010        0x1 ./Core/Src/main.o
                0x20000010                _inMenu
 *fill*         0x20000011        0x3 
 .data.rowPorts
                0x20000014       0x10 ./Core/Src/main.o
 .data.rowPins  0x20000024        0x8 ./Core/Src/main.o
 .data.colPorts
                0x2000002c       0x10 ./Core/Src/main.o
 .data.colPins  0x2000003c        0x8 ./Core/Src/main.o
 .data.rychlost
                0x20000044        0x4 ./Core/Src/main.o
                0x20000044                rychlost
 .data.smer_pohybu
                0x20000048        0x4 ./Core/Src/main.o
                0x20000048                smer_pohybu
 .data.speed    0x2000004c        0x2 ./Core/Src/main.o
                0x2000004c                speed
 *fill*         0x2000004e        0x2 
 .data.maxSpeed
                0x20000050        0x4 ./Core/Src/main.o
                0x20000050                maxSpeed
 .data.stoupaniUm
                0x20000054        0x4 ./Core/Src/main.o
                0x20000054                stoupaniUm
 .data.akcelerace
                0x20000058        0x4 ./Core/Src/main.o
                0x20000058                akcelerace
 .data.orientace
                0x2000005c        0x4 ./Core/Src/main.o
                0x2000005c                orientace
 .data.odpojeniMotoru
                0x20000060        0x4 ./Core/Src/main.o
                0x20000060                odpojeniMotoru
 .data.SystemCoreClock
                0x20000064        0x4 ./Core/Src/system_stm32f1xx.o
                0x20000064                SystemCoreClock
 .data.uwTickPrio
                0x20000068        0x4 ./Drivers/STM32F1xx_HAL_Driver/Src/stm32f1xx_hal.o
                0x20000068                uwTickPrio
 .data.uwTickFreq
                0x2000006c        0x1 ./Drivers/STM32F1xx_HAL_Driver/Src/stm32f1xx_hal.o
                0x2000006c                uwTickFreq
 *fill*         0x2000006d        0x3 
 .data._impure_ptr
                0x20000070        0x4 /home/vakhaib/st/stm32cubeide_1.17.0/plugins/com.st.stm32cube.ide.mcu.externaltools.gnu-tools-for-stm32.13.3.rel1.linux64_1.0.0.202410170706/tools/bin/../lib/gcc/arm-none-eabi/13.3.1/../../../../arm-none-eabi/lib/thumb/v7-m/nofp/libc_nano.a(libc_a-impure.o)
                0x20000070                _impure_ptr
 .data._impure_data
                0x20000074       0x4c /home/vakhaib/st/stm32cubeide_1.17.0/plugins/com.st.stm32cube.ide.mcu.externaltools.gnu-tools-for-stm32.13.3.rel1.linux64_1.0.0.202410170706/tools/bin/../lib/gcc/arm-none-eabi/13.3.1/../../../../arm-none-eabi/lib/thumb/v7-m/nofp/libc_nano.a(libc_a-impure.o)
                0x20000074                _impure_data
 *(.RamFunc)
 *(.RamFunc*)
                0x200000c0                        . = ALIGN (0x4)
                0x200000c0                        _edata = .

.igot.plt       0x200000c0        0x0 load address 0x08005cac
 .igot.plt      0x200000c0        0x0 /home/vakhaib/st/stm32cubeide_1.17.0/plugins/com.st.stm32cube.ide.mcu.externaltools.gnu-tools-for-stm32.13.3.rel1.linux64_1.0.0.202410170706/tools/bin/../lib/gcc/arm-none-eabi/13.3.1/thumb/v7-m/nofp/crtbegin.o
                0x200000c0                        . = ALIGN (0x4)

.bss            0x200000c0      0x750 load address 0x08005cac
                0x200000c0                        _sbss = .
                0x200000c0                        __bss_start__ = _sbss
 *(.bss)
 .bss           0x200000c0       0x1c /home/vakhaib/st/stm32cubeide_1.17.0/plugins/com.st.stm32cube.ide.mcu.externaltools.gnu-tools-for-stm32.13.3.rel1.linux64_1.0.0.202410170706/tools/bin/../lib/gcc/arm-none-eabi/13.3.1/thumb/v7-m/nofp/crtbegin.o
 *(.bss*)
 .bss.Graphic_Check
                0x200000dc        0x1 ./Core/Src/ST7920_SERIAL.o
                0x200000dc                Graphic_Check
 *fill*         0x200000dd        0x3 
 .bss.GLCD_Buf  0x200000e0      0x400 ./Core/Src/ST7920_SERIAL.o
                0x200000e0                GLCD_Buf
 .bss.tim1      0x200004e0       0x48 ./Core/Src/ST7920_SERIAL.o
                0x200004e0                tim1
 .bss.hadc1     0x20000528       0x30 ./Core/Src/main.o
                0x20000528                hadc1
 .bss.hadc2     0x20000558       0x30 ./Core/Src/main.o
                0x20000558                hadc2
 .bss.htim1     0x20000588       0x48 ./Core/Src/main.o
                0x20000588                htim1
 .bss.htim2     0x200005d0       0x48 ./Core/Src/main.o
                0x200005d0                htim2
 .bss.htim4     0x20000618       0x48 ./Core/Src/main.o
                0x20000618                htim4
 .bss.enc_last  0x20000660        0x2 ./Core/Src/main.o
 *fill*         0x20000662        0x2 
 .bss.selected  0x20000664        0x4 ./Core/Src/main.o
 .bss.top       0x20000668        0x4 ./Core/Src/main.o
 .bss.inside_cursor
                0x2000066c        0x4 ./Core/Src/main.o
 .bss.enc1_last
                0x20000670        0x2 ./Core/Src/main.o
 *fill*         0x20000672        0x2 
 .bss.rychlost_last
                0x20000674        0x4 ./Core/Src/main.o
                0x20000674                rychlost_last
 .bss.pozice    0x20000678        0x4 ./Core/Src/main.o
                0x20000678                pozice
 .bss.pozice_last
                0x2000067c        0x4 ./Core/Src/main.o
                0x2000067c                pozice_last
 .bss.poziceAktualni
                0x20000680        0x4 ./Core/Src/main.o
                0x20000680                poziceAktualni
 .bss.keypad_fresh
                0x20000684        0x4 ./Core/Src/main.o
 .bss.benc_event
                0x20000688        0x1 ./Core/Src/main.o
 *fill*         0x20000689        0x3 
 .bss.benc_last_ms
                0x2000068c        0x4 ./Core/Src/main.o
 .bss.edit_target
                0x20000690        0x4 ./Core/Src/main.o
                0x20000690                edit_target
 .bss.candidate.2
                0x20000694        0x1 ./Core/Src/main.o
 *fill*         0x20000695        0x3 
 .bss.cand_since.1
                0x20000698        0x4 ./Core/Src/main.o
 .bss.last_stable.0
                0x2000069c        0x1 ./Core/Src/main.o
 *fill*         0x2000069d        0x3 
 .bss.__sbrk_heap_end
                0x200006a0        0x4 ./Core/Src/sysmem.o
 .bss.uwTick    0x200006a4        0x4 ./Drivers/STM32F1xx_HAL_Driver/Src/stm32f1xx_hal.o
                0x200006a4                uwTick
 .bss.pFlash    0x200006a8       0x20 ./Drivers/STM32F1xx_HAL_Driver/Src/stm32f1xx_hal_flash.o
                0x200006a8                pFlash
 .bss.__sf      0x200006c8      0x138 /home/vakhaib/st/stm32cubeide_1.17.0/plugins/com.st.stm32cube.ide.mcu.externaltools.gnu-tools-for-stm32.13.3.rel1.linux64_1.0.0.202410170706/tools/bin/../lib/gcc/arm-none-eabi/13.3.1/../../../../arm-none-eabi/lib/thumb/v7-m/nofp/libc_nano.a(libc_a-findfp.o)
                0x200006c8                __sf
 .bss.errno     0x20000800        0x4 /home/vakhaib/st/stm32cubeide_1.17.0/plugins/com.st.stm32cube.ide.mcu.externaltools.gnu-tools-for-stm32.13.3.rel1.linux64_1.0.0.202410170706/tools/bin/../lib/gcc/arm-none-eabi/13.3.1/../../../../arm-none-eabi/lib/thumb/v7-m/nofp/libc_nano.a(libc_a-reent.o)
                0x20000800                errno
 .bss.__lock___malloc_recursive_mutex
                0x20000804        0x1 /home/vakhaib/st/stm32cubeide_1.17.0/plugins/com.st.stm32cube.ide.mcu.externaltools.gnu-tools-for-stm32.13.3.rel1.linux64_1.0.0.202410170706/tools/bin/../lib/gcc/arm-none-eabi/13.3.1/../../../../arm-none-eabi/lib/thumb/v7-m/nofp/libc_nano.a(libc_a-lock.o)
                0x20000804                __lock___malloc_recursive_mutex
 *fill*         0x20000805        0x3 
 .bss.__malloc_sbrk_start
                0x20000808        0x4 /home/vakhaib/st/stm32cubeide_1.17.0/plugins/com.st.stm32cube.ide.mcu.externaltools.gnu-tools-for-stm32.13.3.rel1.linux64_1.0.0.202410170706/tools/bin/../lib/gcc/arm-none-eabi/13.3.1/../../../../arm-none-eabi/lib/thumb/v7-m/nofp/libc_nano.a(libc_a-mallocr.o)
                0x20000808                __malloc_sbrk_start
 .bss.__malloc_free_list
                0x2000080c        0x4 /home/vakhaib/st/stm32cubeide_1.17.0/plugins/com.st.stm32cube.ide.mcu.externaltools.gnu-tools-for-stm32.13.3.rel1.linux64_1.0.0.202410170706/tools/bin/../lib/gcc/arm-none-eabi/13.3.1/../../../../arm-none-eabi/lib/thumb/v7-m/nofp/libc_nano.a(libc_a-mallocr.o)
                0x2000080c                __malloc_free_list
 *(COMMON)
                0x20000810                        . = ALIGN (0x4)
                0x20000810                        _ebss = .
                0x20000810                        __bss_end__ = _ebss

._user_heap_stack
                0x20000810      0x600 load address 0x08005cac
                0x20000810                        . = ALIGN (0x8)
                [!provide]                        PROVIDE (end = .)
                0x20000810                        PROVIDE (_end = .)
                0x20000a10                        . = (. + _Min_Heap_Size)
 *fill*         0x20000810      0x200 
                0x20000e10                        . = (. + _Min_Stack_Size)
 *fill*         0x20000a10      0x400 
                0x20000e10                        . = ALIGN (0x8)

/DISCARD/
 libc.a(*)
 libm.a(*)
 libgcc.a(*)

.ARM.attributes
                0x00000000       0x29
 *(.ARM.attributes)
 .ARM.attributes
                0x00000000       0x1d /home/vakhaib/st/stm32cubeide_1.17.0/plugins/com.st.stm32cube.ide.mcu.externaltools.gnu-tools-for-stm32.13.3.rel1.linux64_1.0.0.202410170706/tools/bin/../lib/gcc/arm-none-eabi/13.3.1/thumb/v7-m/nofp/crti.o
 .ARM.attributes
                0x0000001d       0x2d /home/vakhaib/st/stm32cubeide_1.17.0/plugins/com.st.stm32cube.ide.mcu.externaltools.gnu-tools-for-stm32.13.3.rel1.linux64_1.0.0.202410170706/tools/bin/../lib/gcc/arm-none-eabi/13.3.1/thumb/v7-m/nofp/crtbegin.o
 .ARM.attributes
                0x0000004a       0x2d ./Core/Src/ST7920_SERIAL.o
 .ARM.attributes
                0x00000077       0x2d ./Core/Src/main.o
 .ARM.attributes
                0x000000a4       0x2d ./Core/Src/stm32f1xx_hal_msp.o
 .ARM.attributes
                0x000000d1       0x2d ./Core/Src/stm32f1xx_it.o
 .ARM.attributes
                0x000000fe       0x2d ./Core/Src/sysmem.o
 .ARM.attributes
                0x0000012b       0x2d ./Core/Src/system_stm32f1xx.o
 .ARM.attributes
                0x00000158       0x21 ./Core/Startup/startup_stm32f103rbtx.o
 .ARM.attributes
                0x00000179       0x2d ./Drivers/STM32F1xx_HAL_Driver/Src/stm32f1xx_hal.o
 .ARM.attributes
                0x000001a6       0x2d ./Drivers/STM32F1xx_HAL_Driver/Src/stm32f1xx_hal_adc.o
 .ARM.attributes
                0x000001d3       0x2d ./Drivers/STM32F1xx_HAL_Driver/Src/stm32f1xx_hal_cortex.o
 .ARM.attributes
                0x00000200       0x2d ./Drivers/STM32F1xx_HAL_Driver/Src/stm32f1xx_hal_flash.o
 .ARM.attributes
                0x0000022d       0x2d ./Drivers/STM32F1xx_HAL_Driver/Src/stm32f1xx_hal_flash_ex.o
 .ARM.attributes
                0x0000025a       0x2d ./Drivers/STM32F1xx_HAL_Driver/Src/stm32f1xx_hal_gpio.o
 .ARM.attributes
                0x00000287       0x2d ./Drivers/STM32F1xx_HAL_Driver/Src/stm32f1xx_hal_rcc.o
 .ARM.attributes
                0x000002b4       0x2d ./Drivers/STM32F1xx_HAL_Driver/Src/stm32f1xx_hal_rcc_ex.o
 .ARM.attributes
                0x000002e1       0x2d ./Drivers/STM32F1xx_HAL_Driver/Src/stm32f1xx_hal_tim.o
 .ARM.attributes
                0x0000030e       0x2d ./Drivers/STM32F1xx_HAL_Driver/Src/stm32f1xx_hal_tim_ex.o
 .ARM.attributes
                0x0000033b       0x2d /home/vakhaib/st/stm32cubeide_1.17.0/plugins/com.st.stm32cube.ide.mcu.externaltools.gnu-tools-for-stm32.13.3.rel1.linux64_1.0.0.202410170706/tools/bin/../lib/gcc/arm-none-eabi/13.3.1/../../../../arm-none-eabi/lib/thumb/v7-m/nofp/libc_nano.a(libc_a-findfp.o)
 .ARM.attributes
                0x00000368       0x2d /home/vakhaib/st/stm32cubeide_1.17.0/plugins/com.st.stm32cube.ide.mcu.externaltools.gnu-tools-for-stm32.13.3.rel1.linux64_1.0.0.202410170706/tools/bin/../lib/gcc/arm-none-eabi/13.3.1/../../../../arm-none-eabi/lib/thumb/v7-m/nofp/libc_nano.a(libc_a-snprintf.o)
 .ARM.attributes
                0x00000395       0x2d /home/vakhaib/st/stm32cubeide_1.17.0/plugins/com.st.stm32cube.ide.mcu.externaltools.gnu-tools-for-stm32.13.3.rel1.linux64_1.0.0.202410170706/tools/bin/../lib/gcc/arm-none-eabi/13.3.1/../../../../arm-none-eabi/lib/thumb/v7-m/nofp/libc_nano.a(libc_a-memset.o)
 .ARM.attributes
                0x000003c2       0x2d /home/vakhaib/st/stm32cubeide_1.17.0/plugins/com.st.stm32cube.ide.mcu.externaltools.gnu-tools-for-stm32.13.3.rel1.linux64_1.0.0.202410170706/tools/bin/../lib/gcc/arm-none-eabi/13.3.1/../../../../arm-none-eabi/lib/thumb/v7-m/nofp/libc_nano.a(libc_a-reent.o)
 .ARM.attributes
                0x000003ef       0x2d /home/vakhaib/st/stm32cubeide_1.17.0/plugins/com.st.stm32cube.ide.mcu.externaltools.gnu-tools-for-stm32.13.3.rel1.linux64_1.0.0.202410170706/tools/bin/../lib/gcc/arm-none-eabi/13.3.1/../../../../arm-none-eabi/lib/thumb/v7-m/nofp/libc_nano.a(libc_a-impure.o)
 .ARM.attributes
                0x0000041c       0x2d /home/vakhaib/st/stm32cubeide_1.17.0/plugins/com.st.stm32cube.ide.mcu.externaltools.gnu-tools-for-stm32.13.3.rel1.linux64_1.0.0.202410170706/tools/bin/../lib/gcc/arm-none-eabi/13.3.1/../../../../arm-none-eabi/lib/thumb/v7-m/nofp/libc_nano.a(libc_a-errno.o)
 .ARM.attributes
                0x00000449       0x2d /home/vakhaib/st/stm32cubeide_1.17.0/plugins/com.st.stm32cube.ide.mcu.externaltools.gnu-tools-for-stm32.13.3.rel1.linux64_1.0.0.202410170706/tools/bin/../lib/gcc/arm-none-eabi/13.3.1/../../../../arm-none-eabi/lib/thumb/v7-m/nofp/libc_nano.a(libc_a-init.o)
 .ARM.attributes
                0x00000476       0x2d /home/vakhaib/st/stm32cubeide_1.17.0/plugins/com.st.stm32cube.ide.mcu.externaltools.gnu-tools-for-stm32.13.3.rel1.linux64_1.0.0.202410170706/tools/bin/../lib/gcc/arm-none-eabi/13.3.1/../../../../arm-none-eabi/lib/thumb/v7-m/nofp/libc_nano.a(libc_a-lock.o)
 .ARM.attributes
                0x000004a3       0x2d /home/vakhaib/st/stm32cubeide_1.17.0/plugins/com.st.stm32cube.ide.mcu.externaltools.gnu-tools-for-stm32.13.3.rel1.linux64_1.0.0.202410170706/tools/bin/../lib/gcc/arm-none-eabi/13.3.1/../../../../arm-none-eabi/lib/thumb/v7-m/nofp/libc_nano.a(libc_a-memcpy-stub.o)
 .ARM.attributes
                0x000004d0       0x2d /home/vakhaib/st/stm32cubeide_1.17.0/plugins/com.st.stm32cube.ide.mcu.externaltools.gnu-tools-for-stm32.13.3.rel1.linux64_1.0.0.202410170706/tools/bin/../lib/gcc/arm-none-eabi/13.3.1/../../../../arm-none-eabi/lib/thumb/v7-m/nofp/libc_nano.a(libc_a-freer.o)
 .ARM.attributes
                0x000004fd       0x2d /home/vakhaib/st/stm32cubeide_1.17.0/plugins/com.st.stm32cube.ide.mcu.externaltools.gnu-tools-for-stm32.13.3.rel1.linux64_1.0.0.202410170706/tools/bin/../lib/gcc/arm-none-eabi/13.3.1/../../../../arm-none-eabi/lib/thumb/v7-m/nofp/libc_nano.a(libc_a-mallocr.o)
 .ARM.attributes
                0x0000052a       0x2d /home/vakhaib/st/stm32cubeide_1.17.0/plugins/com.st.stm32cube.ide.mcu.externaltools.gnu-tools-for-stm32.13.3.rel1.linux64_1.0.0.202410170706/tools/bin/../lib/gcc/arm-none-eabi/13.3.1/../../../../arm-none-eabi/lib/thumb/v7-m/nofp/libc_nano.a(libc_a-mlock.o)
 .ARM.attributes
                0x00000557       0x2d /home/vakhaib/st/stm32cubeide_1.17.0/plugins/com.st.stm32cube.ide.mcu.externaltools.gnu-tools-for-stm32.13.3.rel1.linux64_1.0.0.202410170706/tools/bin/../lib/gcc/arm-none-eabi/13.3.1/../../../../arm-none-eabi/lib/thumb/v7-m/nofp/libc_nano.a(libc_a-nano-svfprintf.o)
 .ARM.attributes
                0x00000584       0x2d /home/vakhaib/st/stm32cubeide_1.17.0/plugins/com.st.stm32cube.ide.mcu.externaltools.gnu-tools-for-stm32.13.3.rel1.linux64_1.0.0.202410170706/tools/bin/../lib/gcc/arm-none-eabi/13.3.1/../../../../arm-none-eabi/lib/thumb/v7-m/nofp/libc_nano.a(libc_a-nano-vfprintf_i.o)
 .ARM.attributes
                0x000005b1       0x2d /home/vakhaib/st/stm32cubeide_1.17.0/plugins/com.st.stm32cube.ide.mcu.externaltools.gnu-tools-for-stm32.13.3.rel1.linux64_1.0.0.202410170706/tools/bin/../lib/gcc/arm-none-eabi/13.3.1/../../../../arm-none-eabi/lib/thumb/v7-m/nofp/libc_nano.a(libc_a-memmove.o)
 .ARM.attributes
                0x000005de       0x2d /home/vakhaib/st/stm32cubeide_1.17.0/plugins/com.st.stm32cube.ide.mcu.externaltools.gnu-tools-for-stm32.13.3.rel1.linux64_1.0.0.202410170706/tools/bin/../lib/gcc/arm-none-eabi/13.3.1/../../../../arm-none-eabi/lib/thumb/v7-m/nofp/libc_nano.a(libc_a-sbrkr.o)
 .ARM.attributes
                0x0000060b       0x2d /home/vakhaib/st/stm32cubeide_1.17.0/plugins/com.st.stm32cube.ide.mcu.externaltools.gnu-tools-for-stm32.13.3.rel1.linux64_1.0.0.202410170706/tools/bin/../lib/gcc/arm-none-eabi/13.3.1/../../../../arm-none-eabi/lib/thumb/v7-m/nofp/libc_nano.a(libc_a-memchr-stub.o)
 .ARM.attributes
                0x00000638       0x2d /home/vakhaib/st/stm32cubeide_1.17.0/plugins/com.st.stm32cube.ide.mcu.externaltools.gnu-tools-for-stm32.13.3.rel1.linux64_1.0.0.202410170706/tools/bin/../lib/gcc/arm-none-eabi/13.3.1/../../../../arm-none-eabi/lib/thumb/v7-m/nofp/libc_nano.a(libc_a-reallocr.o)
 .ARM.attributes
                0x00000665       0x2d /home/vakhaib/st/stm32cubeide_1.17.0/plugins/com.st.stm32cube.ide.mcu.externaltools.gnu-tools-for-stm32.13.3.rel1.linux64_1.0.0.202410170706/tools/bin/../lib/gcc/arm-none-eabi/13.3.1/../../../../arm-none-eabi/lib/thumb/v7-m/nofp/libc_nano.a(libc_a-msizer.o)
 .ARM.attributes
                0x00000692       0x1d /home/vakhaib/st/stm32cubeide_1.17.0/plugins/com.st.stm32cube.ide.mcu.externaltools.gnu-tools-for-stm32.13.3.rel1.linux64_1.0.0.202410170706/tools/bin/../lib/gcc/arm-none-eabi/13.3.1/thumb/v7-m/nofp/crtn.o
OUTPUT(Posuv.elf elf32-littlearm)
LOAD linker stubs
LOAD /home/vakhaib/st/stm32cubeide_1.17.0/plugins/com.st.stm32cube.ide.mcu.externaltools.gnu-tools-for-stm32.13.3.rel1.linux64_1.0.0.202410170706/tools/bin/../lib/gcc/arm-none-eabi/13.3.1/../../../../arm-none-eabi/lib/thumb/v7-m/nofp/libc.a
LOAD /home/vakhaib/st/stm32cubeide_1.17.0/plugins/com.st.stm32cube.ide.mcu.externaltools.gnu-tools-for-stm32.13.3.rel1.linux64_1.0.0.202410170706/tools/bin/../lib/gcc/arm-none-eabi/13.3.1/../../../../arm-none-eabi/lib/thumb/v7-m/nofp/libm.a
LOAD /home/vakhaib/st/stm32cubeide_1.17.0/plugins/com.st.stm32cube.ide.mcu.externaltools.gnu-tools-for-stm32.13.3.rel1.linux64_1.0.0.202410170706/tools/bin/../lib/gcc/arm-none-eabi/13.3.1/thumb/v7-m/nofp/libgcc.a

.debug_info     0x00000000     0xb9ff
 .debug_info    0x00000000     0x1127 ./Core/Src/ST7920_SERIAL.o
 .debug_info    0x00001127     0x1dd8 ./Core/Src/main.o
 .debug_info    0x00002eff      0xc6d ./Core/Src/stm32f1xx_hal_msp.o
 .debug_info    0x00003b6c      0x15b ./Core/Src/stm32f1xx_it.o
 .debug_info    0x00003cc7      0x168 ./Core/Src/sysmem.o
 .debug_info    0x00003e2f      0x222 ./Core/Src/system_stm32f1xx.o
 .debug_info    0x00004051       0x30 ./Core/Startup/startup_stm32f103rbtx.o
 .debug_info    0x00004081      0x704 ./Drivers/STM32F1xx_HAL_Driver/Src/stm32f1xx_hal.o
 .debug_info    0x00004785      0xc50 ./Drivers/STM32F1xx_HAL_Driver/Src/stm32f1xx_hal_adc.o
 .debug_info    0x000053d5      0xa87 ./Drivers/STM32F1xx_HAL_Driver/Src/stm32f1xx_hal_cortex.o
 .debug_info    0x00005e5c      0x4f8 ./Drivers/STM32F1xx_HAL_Driver/Src/stm32f1xx_hal_flash.o
 .debug_info    0x00006354      0x777 ./Drivers/STM32F1xx_HAL_Driver/Src/stm32f1xx_hal_flash_ex.o
 .debug_info    0x00006acb      0x5ab ./Drivers/STM32F1xx_HAL_Driver/Src/stm32f1xx_hal_gpio.o
 .debug_info    0x00007076      0x7d5 ./Drivers/STM32F1xx_HAL_Driver/Src/stm32f1xx_hal_rcc.o
 .debug_info    0x0000784b      0x3c0 ./Drivers/STM32F1xx_HAL_Driver/Src/stm32f1xx_hal_rcc_ex.o
 .debug_info    0x00007c0b     0x2959 ./Drivers/STM32F1xx_HAL_Driver/Src/stm32f1xx_hal_tim.o
 .debug_info    0x0000a564     0x149b ./Drivers/STM32F1xx_HAL_Driver/Src/stm32f1xx_hal_tim_ex.o

.debug_abbrev   0x00000000     0x223c
 .debug_abbrev  0x00000000      0x2ca ./Core/Src/ST7920_SERIAL.o
 .debug_abbrev  0x000002ca      0x3e6 ./Core/Src/main.o
 .debug_abbrev  0x000006b0      0x21a ./Core/Src/stm32f1xx_hal_msp.o
 .debug_abbrev  0x000008ca       0xa0 ./Core/Src/stm32f1xx_it.o
 .debug_abbrev  0x0000096a       0xbc ./Core/Src/sysmem.o
 .debug_abbrev  0x00000a26      0x13f ./Core/Src/system_stm32f1xx.o
 .debug_abbrev  0x00000b65       0x24 ./Core/Startup/startup_stm32f103rbtx.o
 .debug_abbrev  0x00000b89      0x201 ./Drivers/STM32F1xx_HAL_Driver/Src/stm32f1xx_hal.o
 .debug_abbrev  0x00000d8a      0x225 ./Drivers/STM32F1xx_HAL_Driver/Src/stm32f1xx_hal_adc.o
 .debug_abbrev  0x00000faf      0x2f8 ./Drivers/STM32F1xx_HAL_Driver/Src/stm32f1xx_hal_cortex.o
 .debug_abbrev  0x000012a7      0x250 ./Drivers/STM32F1xx_HAL_Driver/Src/stm32f1xx_hal_flash.o
 .debug_abbrev  0x000014f7      0x247 ./Drivers/STM32F1xx_HAL_Driver/Src/stm32f1xx_hal_flash_ex.o
 .debug_abbrev  0x0000173e      0x1ca ./Drivers/STM32F1xx_HAL_Driver/Src/stm32f1xx_hal_gpio.o
 .debug_abbrev  0x00001908      0x2b3 ./Drivers/STM32F1xx_HAL_Driver/Src/stm32f1xx_hal_rcc.o
 .debug_abbrev  0x00001bbb      0x188 ./Drivers/STM32F1xx_HAL_Driver/Src/stm32f1xx_hal_rcc_ex.o
 .debug_abbrev  0x00001d43      0x277 ./Drivers/STM32F1xx_HAL_Driver/Src/stm32f1xx_hal_tim.o
 .debug_abbrev  0x00001fba      0x282 ./Drivers/STM32F1xx_HAL_Driver/Src/stm32f1xx_hal_tim_ex.o

.debug_aranges  0x00000000      0xd68
 .debug_aranges
                0x00000000       0xf8 ./Core/Src/ST7920_SERIAL.o
 .debug_aranges
                0x000000f8      0x100 ./Core/Src/main.o
 .debug_aranges
                0x000001f8       0x50 ./Core/Src/stm32f1xx_hal_msp.o
 .debug_aranges
                0x00000248       0x70 ./Core/Src/stm32f1xx_it.o
 .debug_aranges
                0x000002b8       0x20 ./Core/Src/sysmem.o
 .debug_aranges
                0x000002d8       0x28 ./Core/Src/system_stm32f1xx.o
 .debug_aranges
                0x00000300       0x28 ./Core/Startup/startup_stm32f103rbtx.o
 .debug_aranges
                0x00000328       0xe0 ./Drivers/STM32F1xx_HAL_Driver/Src/stm32f1xx_hal.o
 .debug_aranges
                0x00000408       0xf0 ./Drivers/STM32F1xx_HAL_Driver/Src/stm32f1xx_hal_adc.o
 .debug_aranges
                0x000004f8      0x100 ./Drivers/STM32F1xx_HAL_Driver/Src/stm32f1xx_hal_cortex.o
 .debug_aranges
                0x000005f8       0x88 ./Drivers/STM32F1xx_HAL_Driver/Src/stm32f1xx_hal_flash.o
 .debug_aranges
                0x00000680       0x98 ./Drivers/STM32F1xx_HAL_Driver/Src/stm32f1xx_hal_flash_ex.o
 .debug_aranges
                0x00000718       0x58 ./Drivers/STM32F1xx_HAL_Driver/Src/stm32f1xx_hal_gpio.o
 .debug_aranges
                0x00000770       0x90 ./Drivers/STM32F1xx_HAL_Driver/Src/stm32f1xx_hal_rcc.o
 .debug_aranges
                0x00000800       0x30 ./Drivers/STM32F1xx_HAL_Driver/Src/stm32f1xx_hal_rcc_ex.o
 .debug_aranges
                0x00000830      0x3d0 ./Drivers/STM32F1xx_HAL_Driver/Src/stm32f1xx_hal_tim.o
 .debug_aranges
                0x00000c00      0x168 ./Drivers/STM32F1xx_HAL_Driver/Src/stm32f1xx_hal_tim_ex.o

.debug_rnglists
                0x00000000      0xa8c
 .debug_rnglists
                0x00000000       0xe9 ./Core/Src/ST7920_SERIAL.o
 .debug_rnglists
                0x000000e9       0xd7 ./Core/Src/main.o
 .debug_rnglists
                0x000001c0       0x39 ./Core/Src/stm32f1xx_hal_msp.o
 .debug_rnglists
                0x000001f9       0x4f ./Core/Src/stm32f1xx_it.o
 .debug_rnglists
                0x00000248       0x13 ./Core/Src/sysmem.o
 .debug_rnglists
                0x0000025b       0x1a ./Core/Src/system_stm32f1xx.o
 .debug_rnglists
                0x00000275       0x19 ./Core/Startup/startup_stm32f103rbtx.o
 .debug_rnglists
                0x0000028e       0xa3 ./Drivers/STM32F1xx_HAL_Driver/Src/stm32f1xx_hal.o
 .debug_rnglists
                0x00000331       0xbc ./Drivers/STM32F1xx_HAL_Driver/Src/stm32f1xx_hal_adc.o
 .debug_rnglists
                0x000003ed       0xbb ./Drivers/STM32F1xx_HAL_Driver/Src/stm32f1xx_hal_cortex.o
 .debug_rnglists
                0x000004a8       0x66 ./Drivers/STM32F1xx_HAL_Driver/Src/stm32f1xx_hal_flash.o
 .debug_rnglists
                0x0000050e       0x73 ./Drivers/STM32F1xx_HAL_Driver/Src/stm32f1xx_hal_flash_ex.o
 .debug_rnglists
                0x00000581       0x3f ./Drivers/STM32F1xx_HAL_Driver/Src/stm32f1xx_hal_gpio.o
 .debug_rnglists
                0x000005c0       0x6c ./Drivers/STM32F1xx_HAL_Driver/Src/stm32f1xx_hal_rcc.o
 .debug_rnglists
                0x0000062c       0x21 ./Drivers/STM32F1xx_HAL_Driver/Src/stm32f1xx_hal_rcc_ex.o
 .debug_rnglists
                0x0000064d      0x31a ./Drivers/STM32F1xx_HAL_Driver/Src/stm32f1xx_hal_tim.o
 .debug_rnglists
                0x00000967      0x125 ./Drivers/STM32F1xx_HAL_Driver/Src/stm32f1xx_hal_tim_ex.o

.debug_macro    0x00000000    0x18643
 .debug_macro   0x00000000      0x201 ./Core/Src/ST7920_SERIAL.o
 .debug_macro   0x00000201      0xacc ./Core/Src/ST7920_SERIAL.o
 .debug_macro   0x00000ccd      0x21b ./Core/Src/ST7920_SERIAL.o
 .debug_macro   0x00000ee8       0x2e ./Core/Src/ST7920_SERIAL.o
 .debug_macro   0x00000f16       0x22 ./Core/Src/ST7920_SERIAL.o
 .debug_macro   0x00000f38       0x22 ./Core/Src/ST7920_SERIAL.o
 .debug_macro   0x00000f5a       0x8e ./Core/Src/ST7920_SERIAL.o
 .debug_macro   0x00000fe8       0x51 ./Core/Src/ST7920_SERIAL.o
 .debug_macro   0x00001039      0x103 ./Core/Src/ST7920_SERIAL.o
 .debug_macro   0x0000113c       0x6a ./Core/Src/ST7920_SERIAL.o
 .debug_macro   0x000011a6      0x1df ./Core/Src/ST7920_SERIAL.o
 .debug_macro   0x00001385       0x1c ./Core/Src/ST7920_SERIAL.o
 .debug_macro   0x000013a1       0x22 ./Core/Src/ST7920_SERIAL.o
 .debug_macro   0x000013c3       0xbd ./Core/Src/ST7920_SERIAL.o
 .debug_macro   0x00001480      0xd23 ./Core/Src/ST7920_SERIAL.o
 .debug_macro   0x000021a3     0xe09e ./Core/Src/ST7920_SERIAL.o
 .debug_macro   0x00010241       0x6d ./Core/Src/ST7920_SERIAL.o
 .debug_macro   0x000102ae     0x34a2 ./Core/Src/ST7920_SERIAL.o
 .debug_macro   0x00013750      0x190 ./Core/Src/ST7920_SERIAL.o
 .debug_macro   0x000138e0       0x5c ./Core/Src/ST7920_SERIAL.o
 .debug_macro   0x0001393c      0x5bc ./Core/Src/ST7920_SERIAL.o
 .debug_macro   0x00013ef8      0x289 ./Core/Src/ST7920_SERIAL.o
 .debug_macro   0x00014181      0x1cb ./Core/Src/ST7920_SERIAL.o
 .debug_macro   0x0001434c      0x114 ./Core/Src/ST7920_SERIAL.o
 .debug_macro   0x00014460      0x1b2 ./Core/Src/ST7920_SERIAL.o
 .debug_macro   0x00014612       0x27 ./Core/Src/ST7920_SERIAL.o
 .debug_macro   0x00014639      0x136 ./Core/Src/ST7920_SERIAL.o
 .debug_macro   0x0001476f      0x1bc ./Core/Src/ST7920_SERIAL.o
 .debug_macro   0x0001492b       0x34 ./Core/Src/ST7920_SERIAL.o
 .debug_macro   0x0001495f       0x3c ./Core/Src/ST7920_SERIAL.o
 .debug_macro   0x0001499b       0x57 ./Core/Src/ST7920_SERIAL.o
 .debug_macro   0x000149f2      0x46a ./Core/Src/ST7920_SERIAL.o
 .debug_macro   0x00014e5c      0x1b5 ./Core/Src/ST7920_SERIAL.o
 .debug_macro   0x00015011       0x87 ./Core/Src/ST7920_SERIAL.o
 .debug_macro   0x00015098      0x240 ./Core/Src/ST7920_SERIAL.o
 .debug_macro   0x000152d8      0x140 ./Core/Src/ST7920_SERIAL.o
 .debug_macro   0x00015418      0x8ed ./Core/Src/ST7920_SERIAL.o
 .debug_macro   0x00015d05       0x83 ./Core/Src/ST7920_SERIAL.o
 .debug_macro   0x00015d88      0x1a3 ./Core/Src/ST7920_SERIAL.o
 .debug_macro   0x00015f2b      0x348 ./Core/Src/main.o
 .debug_macro   0x00016273       0x61 ./Core/Src/main.o
 .debug_macro   0x000162d4       0x24 ./Core/Src/main.o
 .debug_macro   0x000162f8       0x43 ./Core/Src/main.o
 .debug_macro   0x0001633b       0x34 ./Core/Src/main.o
 .debug_macro   0x0001636f       0x16 ./Core/Src/main.o
 .debug_macro   0x00016385       0x3c ./Core/Src/main.o
 .debug_macro   0x000163c1      0x370 ./Core/Src/main.o
 .debug_macro   0x00016731       0x10 ./Core/Src/main.o
 .debug_macro   0x00016741       0x16 ./Core/Src/main.o
 .debug_macro   0x00016757       0x4a ./Core/Src/main.o
 .debug_macro   0x000167a1       0x34 ./Core/Src/main.o
 .debug_macro   0x000167d5       0x10 ./Core/Src/main.o
 .debug_macro   0x000167e5       0x58 ./Core/Src/main.o
 .debug_macro   0x0001683d       0x8e ./Core/Src/main.o
 .debug_macro   0x000168cb       0x1c ./Core/Src/main.o
 .debug_macro   0x000168e7      0x185 ./Core/Src/main.o
 .debug_macro   0x00016a6c       0x16 ./Core/Src/main.o
 .debug_macro   0x00016a82       0x16 ./Core/Src/main.o
 .debug_macro   0x00016a98      0x146 ./Core/Src/main.o
 .debug_macro   0x00016bde       0x16 ./Core/Src/main.o
 .debug_macro   0x00016bf4       0x16 ./Core/Src/main.o
 .debug_macro   0x00016c0a       0x29 ./Core/Src/main.o
 .debug_macro   0x00016c33      0x1bc ./Core/Src/stm32f1xx_hal_msp.o
 .debug_macro   0x00016def      0x1c6 ./Core/Src/stm32f1xx_it.o
 .debug_macro   0x00016fb5      0x112 ./Core/Src/sysmem.o
 .debug_macro   0x000170c7      0x23c ./Core/Src/sysmem.o
 .debug_macro   0x00017303      0x1ad ./Core/Src/system_stm32f1xx.o
 .debug_macro   0x000174b0      0x1d1 ./Drivers/STM32F1xx_HAL_Driver/Src/stm32f1xx_hal.o
 .debug_macro   0x00017681      0x1ca ./Drivers/STM32F1xx_HAL_Driver/Src/stm32f1xx_hal_adc.o
 .debug_macro   0x0001784b      0x1ad ./Drivers/STM32F1xx_HAL_Driver/Src/stm32f1xx_hal_cortex.o
 .debug_macro   0x000179f8      0x1ad ./Drivers/STM32F1xx_HAL_Driver/Src/stm32f1xx_hal_flash.o
 .debug_macro   0x00017ba5      0x1bf ./Drivers/STM32F1xx_HAL_Driver/Src/stm32f1xx_hal_flash_ex.o
 .debug_macro   0x00017d64      0x218 ./Drivers/STM32F1xx_HAL_Driver/Src/stm32f1xx_hal_gpio.o
 .debug_macro   0x00017f7c      0x1bf ./Drivers/STM32F1xx_HAL_Driver/Src/stm32f1xx_hal_rcc.o
 .debug_macro   0x0001813b      0x1ad ./Drivers/STM32F1xx_HAL_Driver/Src/stm32f1xx_hal_rcc_ex.o
 .debug_macro   0x000182e8      0x1ae ./Drivers/STM32F1xx_HAL_Driver/Src/stm32f1xx_hal_tim.o
 .debug_macro   0x00018496      0x1ad ./Drivers/STM32F1xx_HAL_Driver/Src/stm32f1xx_hal_tim_ex.o

.debug_line     0x00000000     0xe6b3
 .debug_line    0x00000000     0x108b ./Core/Src/ST7920_SERIAL.o
 .debug_line    0x0000108b     0x1655 ./Core/Src/main.o
 .debug_line    0x000026e0      0x7ad ./Core/Src/stm32f1xx_hal_msp.o
 .debug_line    0x00002e8d      0x75e ./Core/Src/stm32f1xx_it.o
 .debug_line    0x000035eb      0x4ea ./Core/Src/sysmem.o
 .debug_line    0x00003ad5      0x6fd ./Core/Src/system_stm32f1xx.o
 .debug_line    0x000041d2       0x78 ./Core/Startup/startup_stm32f103rbtx.o
 .debug_line    0x0000424a      0x92e ./Drivers/STM32F1xx_HAL_Driver/Src/stm32f1xx_hal.o
 .debug_line    0x00004b78      0xf53 ./Drivers/STM32F1xx_HAL_Driver/Src/stm32f1xx_hal_adc.o
 .debug_line    0x00005acb      0xaf8 ./Drivers/STM32F1xx_HAL_Driver/Src/stm32f1xx_hal_cortex.o
 .debug_line    0x000065c3      0x9e2 ./Drivers/STM32F1xx_HAL_Driver/Src/stm32f1xx_hal_flash.o
 .debug_line    0x00006fa5      0xaf5 ./Drivers/STM32F1xx_HAL_Driver/Src/stm32f1xx_hal_flash_ex.o
 .debug_line    0x00007a9a      0x98b ./Drivers/STM32F1xx_HAL_Driver/Src/stm32f1xx_hal_gpio.o
 .debug_line    0x00008425      0xde7 ./Drivers/STM32F1xx_HAL_Driver/Src/stm32f1xx_hal_rcc.o
 .debug_line    0x0000920c      0x899 ./Drivers/STM32F1xx_HAL_Driver/Src/stm32f1xx_hal_rcc_ex.o
 .debug_line    0x00009aa5     0x341c ./Drivers/STM32F1xx_HAL_Driver/Src/stm32f1xx_hal_tim.o
 .debug_line    0x0000cec1     0x17f2 ./Drivers/STM32F1xx_HAL_Driver/Src/stm32f1xx_hal_tim_ex.o

.debug_str      0x00000000    0x8e3d6
 .debug_str     0x00000000    0x8e3d6 ./Core/Src/ST7920_SERIAL.o
                              0x87384 (size before relaxing)
 .debug_str     0x0008e3d6    0x8b81b ./Core/Src/main.o
 .debug_str     0x0008e3d6    0x87252 ./Core/Src/stm32f1xx_hal_msp.o
 .debug_str     0x0008e3d6    0x86bc6 ./Core/Src/stm32f1xx_it.o
 .debug_str     0x0008e3d6     0x772c ./Core/Src/sysmem.o
 .debug_str     0x0008e3d6    0x8655d ./Core/Src/system_stm32f1xx.o
 .debug_str     0x0008e3d6       0x86 ./Core/Startup/startup_stm32f103rbtx.o
 .debug_str     0x0008e3d6    0x86c90 ./Drivers/STM32F1xx_HAL_Driver/Src/stm32f1xx_hal.o
 .debug_str     0x0008e3d6    0x86c41 ./Drivers/STM32F1xx_HAL_Driver/Src/stm32f1xx_hal_adc.o
 .debug_str     0x0008e3d6    0x86bdc ./Drivers/STM32F1xx_HAL_Driver/Src/stm32f1xx_hal_cortex.o
 .debug_str     0x0008e3d6    0x86838 ./Drivers/STM32F1xx_HAL_Driver/Src/stm32f1xx_hal_flash.o
 .debug_str     0x0008e3d6    0x869e6 ./Drivers/STM32F1xx_HAL_Driver/Src/stm32f1xx_hal_flash_ex.o
 .debug_str     0x0008e3d6    0x868e3 ./Drivers/STM32F1xx_HAL_Driver/Src/stm32f1xx_hal_gpio.o
 .debug_str     0x0008e3d6    0x8698c ./Drivers/STM32F1xx_HAL_Driver/Src/stm32f1xx_hal_rcc.o
 .debug_str     0x0008e3d6    0x866dc ./Drivers/STM32F1xx_HAL_Driver/Src/stm32f1xx_hal_rcc_ex.o
 .debug_str     0x0008e3d6    0x8798e ./Drivers/STM32F1xx_HAL_Driver/Src/stm32f1xx_hal_tim.o
 .debug_str     0x0008e3d6    0x8719a ./Drivers/STM32F1xx_HAL_Driver/Src/stm32f1xx_hal_tim_ex.o

.comment        0x00000000       0x43
 .comment       0x00000000       0x43 ./Core/Src/ST7920_SERIAL.o
                                 0x44 (size before relaxing)
 .comment       0x00000043       0x44 ./Core/Src/main.o
 .comment       0x00000043       0x44 ./Core/Src/stm32f1xx_hal_msp.o
 .comment       0x00000043       0x44 ./Core/Src/stm32f1xx_it.o
 .comment       0x00000043       0x44 ./Core/Src/sysmem.o
 .comment       0x00000043       0x44 ./Core/Src/system_stm32f1xx.o
 .comment       0x00000043       0x44 ./Drivers/STM32F1xx_HAL_Driver/Src/stm32f1xx_hal.o
 .comment       0x00000043       0x44 ./Drivers/STM32F1xx_HAL_Driver/Src/stm32f1xx_hal_adc.o
 .comment       0x00000043       0x44 ./Drivers/STM32F1xx_HAL_Driver/Src/stm32f1xx_hal_cortex.o
 .comment       0x00000043       0x44 ./Drivers/STM32F1xx_HAL_Driver/Src/stm32f1xx_hal_flash.o
 .comment       0x00000043       0x44 ./Drivers/STM32F1xx_HAL_Driver/Src/stm32f1xx_hal_flash_ex.o
 .comment       0x00000043       0x44 ./Drivers/STM32F1xx_HAL_Driver/Src/stm32f1xx_hal_gpio.o
 .comment       0x00000043       0x44 ./Drivers/STM32F1xx_HAL_Driver/Src/stm32f1xx_hal_rcc.o
 .comment       0x00000043       0x44 ./Drivers/STM32F1xx_HAL_Driver/Src/stm32f1xx_hal_rcc_ex.o
 .comment       0x00000043       0x44 ./Drivers/STM32F1xx_HAL_Driver/Src/stm32f1xx_hal_tim.o
 .comment       0x00000043       0x44 ./Drivers/STM32F1xx_HAL_Driver/Src/stm32f1xx_hal_tim_ex.o

.debug_frame    0x00000000     0x3c94
 .debug_frame   0x00000000      0x438 ./Core/Src/ST7920_SERIAL.o
 .debug_frame   0x00000438      0x420 ./Core/Src/main.o
 .debug_frame   0x00000858      0x118 ./Core/Src/stm32f1xx_hal_msp.o
 .debug_frame   0x00000970      0x13c ./Core/Src/stm32f1xx_it.o
 .debug_frame   0x00000aac       0x34 ./Core/Src/sysmem.o
 .debug_frame   0x00000ae0       0x58 ./Core/Src/system_stm32f1xx.o
 .debug_frame   0x00000b38      0x334 ./Drivers/STM32F1xx_HAL_Driver/Src/stm32f1xx_hal.o
 .debug_frame   0x00000e6c      0x40c ./Drivers/STM32F1xx_HAL_Driver/Src/stm32f1xx_hal_adc.o
 .debug_frame   0x00001278      0x428 ./Drivers/STM32F1xx_HAL_Driver/Src/stm32f1xx_hal_cortex.o
 .debug_frame   0x000016a0      0x20c ./Drivers/STM32F1xx_HAL_Driver/Src/stm32f1xx_hal_flash.o
 .debug_frame   0x000018ac      0x258 ./Drivers/STM32F1xx_HAL_Driver/Src/stm32f1xx_hal_flash_ex.o
 .debug_frame   0x00001b04      0x14c ./Drivers/STM32F1xx_HAL_Driver/Src/stm32f1xx_hal_gpio.o
 .debug_frame   0x00001c50      0x218 ./Drivers/STM32F1xx_HAL_Driver/Src/stm32f1xx_hal_rcc.o
 .debug_frame   0x00001e68       0x80 ./Drivers/STM32F1xx_HAL_Driver/Src/stm32f1xx_hal_rcc_ex.o
 .debug_frame   0x00001ee8     0x11b8 ./Drivers/STM32F1xx_HAL_Driver/Src/stm32f1xx_hal_tim.o
 .debug_frame   0x000030a0      0x638 ./Drivers/STM32F1xx_HAL_Driver/Src/stm32f1xx_hal_tim_ex.o
 .debug_frame   0x000036d8      0x144 /home/vakhaib/st/stm32cubeide_1.17.0/plugins/com.st.stm32cube.ide.mcu.externaltools.gnu-tools-for-stm32.13.3.rel1.linux64_1.0.0.202410170706/tools/bin/../lib/gcc/arm-none-eabi/13.3.1/../../../../arm-none-eabi/lib/thumb/v7-m/nofp/libc_nano.a(libc_a-findfp.o)
 .debug_frame   0x0000381c       0x7c /home/vakhaib/st/stm32cubeide_1.17.0/plugins/com.st.stm32cube.ide.mcu.externaltools.gnu-tools-for-stm32.13.3.rel1.linux64_1.0.0.202410170706/tools/bin/../lib/gcc/arm-none-eabi/13.3.1/../../../../arm-none-eabi/lib/thumb/v7-m/nofp/libc_nano.a(libc_a-snprintf.o)
 .debug_frame   0x00003898       0x20 /home/vakhaib/st/stm32cubeide_1.17.0/plugins/com.st.stm32cube.ide.mcu.externaltools.gnu-tools-for-stm32.13.3.rel1.linux64_1.0.0.202410170706/tools/bin/../lib/gcc/arm-none-eabi/13.3.1/../../../../arm-none-eabi/lib/thumb/v7-m/nofp/libc_nano.a(libc_a-memset.o)
 .debug_frame   0x000038b8       0x38 /home/vakhaib/st/stm32cubeide_1.17.0/plugins/com.st.stm32cube.ide.mcu.externaltools.gnu-tools-for-stm32.13.3.rel1.linux64_1.0.0.202410170706/tools/bin/../lib/gcc/arm-none-eabi/13.3.1/../../../../arm-none-eabi/lib/thumb/v7-m/nofp/libc_nano.a(libc_a-reent.o)
 .debug_frame   0x000038f0       0x20 /home/vakhaib/st/stm32cubeide_1.17.0/plugins/com.st.stm32cube.ide.mcu.externaltools.gnu-tools-for-stm32.13.3.rel1.linux64_1.0.0.202410170706/tools/bin/../lib/gcc/arm-none-eabi/13.3.1/../../../../arm-none-eabi/lib/thumb/v7-m/nofp/libc_nano.a(libc_a-errno.o)
 .debug_frame   0x00003910       0x2c /home/vakhaib/st/stm32cubeide_1.17.0/plugins/com.st.stm32cube.ide.mcu.externaltools.gnu-tools-for-stm32.13.3.rel1.linux64_1.0.0.202410170706/tools/bin/../lib/gcc/arm-none-eabi/13.3.1/../../../../arm-none-eabi/lib/thumb/v7-m/nofp/libc_nano.a(libc_a-init.o)
 .debug_frame   0x0000393c       0xb0 /home/vakhaib/st/stm32cubeide_1.17.0/plugins/com.st.stm32cube.ide.mcu.externaltools.gnu-tools-for-stm32.13.3.rel1.linux64_1.0.0.202410170706/tools/bin/../lib/gcc/arm-none-eabi/13.3.1/../../../../arm-none-eabi/lib/thumb/v7-m/nofp/libc_nano.a(libc_a-lock.o)
 .debug_frame   0x000039ec       0x28 /home/vakhaib/st/stm32cubeide_1.17.0/plugins/com.st.stm32cube.ide.mcu.externaltools.gnu-tools-for-stm32.13.3.rel1.linux64_1.0.0.202410170706/tools/bin/../lib/gcc/arm-none-eabi/13.3.1/../../../../arm-none-eabi/lib/thumb/v7-m/nofp/libc_nano.a(libc_a-memcpy-stub.o)
 .debug_frame   0x00003a14       0x38 /home/vakhaib/st/stm32cubeide_1.17.0/plugins/com.st.stm32cube.ide.mcu.externaltools.gnu-tools-for-stm32.13.3.rel1.linux64_1.0.0.202410170706/tools/bin/../lib/gcc/arm-none-eabi/13.3.1/../../../../arm-none-eabi/lib/thumb/v7-m/nofp/libc_nano.a(libc_a-freer.o)
 .debug_frame   0x00003a4c       0x50 /home/vakhaib/st/stm32cubeide_1.17.0/plugins/com.st.stm32cube.ide.mcu.externaltools.gnu-tools-for-stm32.13.3.rel1.linux64_1.0.0.202410170706/tools/bin/../lib/gcc/arm-none-eabi/13.3.1/../../../../arm-none-eabi/lib/thumb/v7-m/nofp/libc_nano.a(libc_a-mallocr.o)
 .debug_frame   0x00003a9c       0x30 /home/vakhaib/st/stm32cubeide_1.17.0/plugins/com.st.stm32cube.ide.mcu.externaltools.gnu-tools-for-stm32.13.3.rel1.linux64_1.0.0.202410170706/tools/bin/../lib/gcc/arm-none-eabi/13.3.1/../../../../arm-none-eabi/lib/thumb/v7-m/nofp/libc_nano.a(libc_a-mlock.o)
 .debug_frame   0x00003acc       0x90 /home/vakhaib/st/stm32cubeide_1.17.0/plugins/com.st.stm32cube.ide.mcu.externaltools.gnu-tools-for-stm32.13.3.rel1.linux64_1.0.0.202410170706/tools/bin/../lib/gcc/arm-none-eabi/13.3.1/../../../../arm-none-eabi/lib/thumb/v7-m/nofp/libc_nano.a(libc_a-nano-svfprintf.o)
 .debug_frame   0x00003b5c       0x60 /home/vakhaib/st/stm32cubeide_1.17.0/plugins/com.st.stm32cube.ide.mcu.externaltools.gnu-tools-for-stm32.13.3.rel1.linux64_1.0.0.202410170706/tools/bin/../lib/gcc/arm-none-eabi/13.3.1/../../../../arm-none-eabi/lib/thumb/v7-m/nofp/libc_nano.a(libc_a-nano-vfprintf_i.o)
 .debug_frame   0x00003bbc       0x28 /home/vakhaib/st/stm32cubeide_1.17.0/plugins/com.st.stm32cube.ide.mcu.externaltools.gnu-tools-for-stm32.13.3.rel1.linux64_1.0.0.202410170706/tools/bin/../lib/gcc/arm-none-eabi/13.3.1/../../../../arm-none-eabi/lib/thumb/v7-m/nofp/libc_nano.a(libc_a-memmove.o)
 .debug_frame   0x00003be4       0x2c /home/vakhaib/st/stm32cubeide_1.17.0/plugins/com.st.stm32cube.ide.mcu.externaltools.gnu-tools-for-stm32.13.3.rel1.linux64_1.0.0.202410170706/tools/bin/../lib/gcc/arm-none-eabi/13.3.1/../../../../arm-none-eabi/lib/thumb/v7-m/nofp/libc_nano.a(libc_a-sbrkr.o)
 .debug_frame   0x00003c10       0x28 /home/vakhaib/st/stm32cubeide_1.17.0/plugins/com.st.stm32cube.ide.mcu.externaltools.gnu-tools-for-stm32.13.3.rel1.linux64_1.0.0.202410170706/tools/bin/../lib/gcc/arm-none-eabi/13.3.1/../../../../arm-none-eabi/lib/thumb/v7-m/nofp/libc_nano.a(libc_a-memchr-stub.o)
 .debug_frame   0x00003c38       0x3c /home/vakhaib/st/stm32cubeide_1.17.0/plugins/com.st.stm32cube.ide.mcu.externaltools.gnu-tools-for-stm32.13.3.rel1.linux64_1.0.0.202410170706/tools/bin/../lib/gcc/arm-none-eabi/13.3.1/../../../../arm-none-eabi/lib/thumb/v7-m/nofp/libc_nano.a(libc_a-reallocr.o)
 .debug_frame   0x00003c74       0x20 /home/vakhaib/st/stm32cubeide_1.17.0/plugins/com.st.stm32cube.ide.mcu.externaltools.gnu-tools-for-stm32.13.3.rel1.linux64_1.0.0.202410170706/tools/bin/../lib/gcc/arm-none-eabi/13.3.1/../../../../arm-none-eabi/lib/thumb/v7-m/nofp/libc_nano.a(libc_a-msizer.o)

.debug_line_str
                0x00000000       0x6a
 .debug_line_str
                0x00000000       0x6a ./Core/Startup/startup_stm32f103rbtx.o
