../Core/Src/main.c:117:23:Encoder_GetSteps	4	static
../Core/Src/main.c:121:13:PrintLineSel	40	static
../Core/Src/main.c:194:13:Edit_Binding	24	static
../Core/Src/main.c:207:29:DirApply	24	static
../Core/Src/main.c:229:17:Settings_Checksum	32	static
../Core/Src/main.c:238:13:Settings_Load	24	static
../Core/Src/main.c:259:13:Settings_Save	80	static
../Core/Src/main.c:299:5:main	64	static
../Core/Src/main.c:562:6:SystemClock_Config	88	static
../Core/Src/main.c:609:13:MX_ADC1_Init	24	static
../Core/Src/main.c:656:13:MX_ADC2_Init	24	static
../Core/Src/main.c:703:13:MX_TIM1_Init	32	static
../Core/Src/main.c:749:13:MX_TIM2_Init	56	static
../Core/Src/main.c:798:13:MX_TIM4_Init	32	static
../Core/Src/main.c:843:13:MX_GPIO_Init	40	static
../Core/Src/main.c:941:13:Confirm_Action	32	static
../Core/Src/main.c:1005:13:Keypad_Task	48	static
../Core/Src/main.c:1056:6:HAL_GPIO_EXTI_Callback	24	static
../Core/Src/main.c:1068:6:delay_us_motor	16	static
../Core/Src/main.c:1074:13:Menu_KeepVisible	4	static
../Core/Src/main.c:1084:13:Menu_Draw	40	static
../Core/Src/main.c:1104:12:Inside_CursorCount	16	static
../Core/Src/main.c:1114:13:Inside_Draw	64	static
../Core/Src/main.c:1224:6:Menu_Init	8	static
../Core/Src/main.c:1233:6:Menu_Inside_Init	8	static
../Core/Src/main.c:1242:6:Menu_Task	16	static
../Core/Src/main.c:1270:6:Menu_Inside	16	static
../Core/Src/main.c:1293:13:Keypad_ScanRaw	24	static,ignoring_inline_asm
../Core/Src/main.c:1323:6:Error_Handler	4	static,ignoring_inline_asm
