../Core/Src/main.c:117:23:Encoder_GetSteps	1
../Core/Src/main.c:121:13:PrintLineSel	2
../Core/Src/main.c:194:13:Edit_Binding	6
../Core/Src/main.c:207:29:DirApply	2
../Core/Src/main.c:229:17:Settings_Checksum	2
../Core/Src/main.c:238:13:Settings_Load	10
../Core/Src/main.c:259:13:Settings_Save	10
../Core/Src/main.c:299:5:main	41
../Core/Src/main.c:562:6:SystemClock_Config	4
../Core/Src/main.c:609:13:MX_ADC1_Init	3
../Core/Src/main.c:656:13:MX_ADC2_Init	3
../Core/Src/main.c:703:13:MX_TIM1_Init	4
../Core/Src/main.c:749:13:MX_TIM2_Init	3
../Core/Src/main.c:798:13:MX_TIM4_Init	4
../Core/Src/main.c:843:13:MX_GPIO_Init	1
../Core/Src/main.c:941:13:Confirm_Action	27
../Core/Src/main.c:1005:13:Keypad_Task	14
../Core/Src/main.c:1056:6:HAL_GPIO_EXTI_Callback	3
../Core/Src/main.c:1068:6:delay_us_motor	2
../Core/Src/main.c:1074:13:Menu_KeepVisible	6
../Core/Src/main.c:1084:13:Menu_Draw	4
../Core/Src/main.c:1104:12:Inside_CursorCount	5
../Core/Src/main.c:1114:13:Inside_Draw	16
../Core/Src/main.c:1224:6:Menu_Init	1
../Core/Src/main.c:1233:6:Menu_Inside_Init	1
../Core/Src/main.c:1242:6:Menu_Task	9
../Core/Src/main.c:1270:6:Menu_Inside	7
../Core/Src/main.c:1293:13:Keypad_ScanRaw	6
../Core/Src/main.c:1323:6:Error_Handler	1
