../Core/Src/main.c:118:23:Encoder_GetSteps	1
../Core/Src/main.c:124:13:PrintLineSel	2
../Core/Src/main.c:220:12:IsRelativeDegreeUnit	1
../Core/Src/main.c:228:13:LengthUnitRatio	1
../Core/Src/main.c:235:12:TimeUnitSeconds	2
../Core/Src/main.c:240:20:LengthUnitText	5
../Core/Src/main.c:252:20:LengthUnitShortText	5
../Core/Src/main.c:262:20:PitchUnitText	5
../Core/Src/main.c:272:20:TimeUnitText	2
../Core/Src/main.c:277:13:FormatHundredths	2
../Core/Src/main.c:284:16:DivRoundSigned	2
../Core/Src/main.c:291:12:ConvertLengthValue	1
../Core/Src/main.c:301:12:ConvertSpeedValue	1
../Core/Src/main.c:314:16:StepsForDistance	1
../Core/Src/main.c:325:17:StepHalfTicks	4
../Core/Src/main.c:341:12:PhysicalSpeedCapHundredths	3
../Core/Src/main.c:354:12:PhysicalJogSpeedCapHundredths	3
../Core/Src/main.c:365:17:JogTargetStepRate	3
../Core/Src/main.c:379:12:MaxRychlostPerSecond	1
../Core/Src/main.c:386:12:RychlostEditMax	4
../Core/Src/main.c:396:13:ClampSpeedValues	5
../Core/Src/main.c:406:13:ClampJogValues	7
../Core/Src/main.c:420:23:LimitHit	1
../Core/Src/main.c:427:17:Isqrt64	4
../Core/Src/main.c:440:16:AccelerationA2	2
../Core/Src/main.c:450:16:RampA2	1
../Core/Src/main.c:458:17:RampHalfTicks	4
../Core/Src/main.c:475:16:MotorMove	7
../Core/Src/main.c:520:13:NormalizePositionValue	5
../Core/Src/main.c:532:16:AbsolutePositionDeltaSteps	9
../Core/Src/main.c:556:13:ConvertUnitDependentValues	4
../Core/Src/main.c:581:13:Edit_Binding	12
../Core/Src/main.c:604:29:DirApply	2
../Core/Src/main.c:611:12:ReadDirectionSwitch	3
../Core/Src/main.c:620:13:JogMove	10
../Core/Src/main.c:681:17:Settings_Checksum	2
../Core/Src/main.c:690:13:Settings_Load	10
../Core/Src/main.c:720:13:Settings_Save	14
../Core/Src/main.c:771:5:main	60
../Core/Src/main.c:1068:6:SystemClock_Config	4
../Core/Src/main.c:1115:13:MX_ADC1_Init	3
../Core/Src/main.c:1162:13:MX_ADC2_Init	3
../Core/Src/main.c:1209:13:MX_TIM1_Init	4
../Core/Src/main.c:1255:13:MX_TIM2_Init	3
../Core/Src/main.c:1304:13:MX_TIM4_Init	4
../Core/Src/main.c:1349:13:MX_GPIO_Init	1
../Core/Src/main.c:1447:13:Confirm_Action	39
../Core/Src/main.c:1537:13:Keypad_Task	18
../Core/Src/main.c:1595:6:HAL_GPIO_EXTI_Callback	9
../Core/Src/main.c:1625:6:delay_us_motor	3
../Core/Src/main.c:1631:13:Menu_KeepVisible	6
../Core/Src/main.c:1641:13:Menu_Draw	4
../Core/Src/main.c:1664:12:Inside_CursorCount	5
../Core/Src/main.c:1675:13:Inside_KeepVisible	6
../Core/Src/main.c:1688:13:Inside_Draw	30
../Core/Src/main.c:1840:6:Menu_Init	1
../Core/Src/main.c:1849:6:Menu_Inside_Init	1
../Core/Src/main.c:1859:6:Menu_Task	9
../Core/Src/main.c:1887:6:Menu_Inside	7
../Core/Src/main.c:1911:13:Keypad_ScanRaw	6
../Core/Src/main.c:1941:6:Error_Handler	1
