../Core/Src/ST7920_SERIAL.c:34:6:delay_us	16	static
../Core/Src/ST7920_SERIAL.c:42:6:SendByteSPI	24	static
../Core/Src/ST7920_SERIAL.c:60:6:ST7920_SendCmd	16	static
../Core/Src/ST7920_SERIAL.c:74:6:ST7920_SendData	16	static
../Core/Src/ST7920_SERIAL.c:86:6:ST7920_SendString	24	static
../Core/Src/ST7920_SERIAL.c:116:6:ST7920_GraphicMode	16	static
../Core/Src/ST7920_SERIAL.c:137:6:ST7920_DrawBitmap	24	static
../Core/Src/ST7920_SERIAL.c:188:6:GLCD_Buf_Clear	16	static
../Core/Src/ST7920_SERIAL.c:195:6:ST7920_Update	8	static
../Core/Src/ST7920_SERIAL.c:200:6:ST7920_Clear	16	static
../Core/Src/ST7920_SERIAL.c:233:6:ST7920_Init	16	static
../Core/Src/ST7920_SERIAL.c:267:6:SetPixel	16	static
../Core/Src/ST7920_SERIAL.c:282:6:ClearPixel	16	static
../Core/Src/ST7920_SERIAL.c:297:6:TogglePixel	16	static
../Core/Src/ST7920_SERIAL.c:311:6:DrawLine	48	static
../Core/Src/ST7920_SERIAL.c:342:6:DrawRectangle	24	static
../Core/Src/ST7920_SERIAL.c:373:6:DrawFilledRectangle	32	static
../Core/Src/ST7920_SERIAL.c:405:6:DrawCircle	40	static
../Core/Src/ST7920_SERIAL.c:442:6:DrawFilledCircle	40	static
../Core/Src/ST7920_SERIAL.c:475:6:ClearFilledCircle	40	static
../Core/Src/ST7920_SERIAL.c:508:6:DrawTriangle	24	static
../Core/Src/ST7920_SERIAL.c:517:6:DrawFilledTriangle	56	static
../Core/Src/ST7920_SERIAL.c:578:6:ClearLine	48	static
../Core/Src/ST7920_SERIAL.c:605:6:ToggleLine	48	static
../Core/Src/ST7920_SERIAL.c:632:6:GLCD_Font_Print	24	static
../Core/Src/ST7920_SERIAL.c:650:6:GLCD_ICON_Print	24	static
../Core/Src/ST7920_SERIAL.c:662:6:ToggleRectangle	32	static
../Core/Src/ST7920_SERIAL.c:691:6:GLCD_Test	4	static
