22:14:27 **** Incremental Build of configuration Debug for project Posuv ****
make -j16 all 
arm-none-eabi-gcc "../Core/Src/main.c" -mcpu=cortex-m3 -std=gnu11 -g3 -DDEBUG -DUSE_HAL_DRIVER -DSTM32F103xB -c -I../Core/Inc -I../Drivers/STM32F1xx_HAL_Driver/Inc/Legacy -I../Drivers/STM32F1xx_HAL_Driver/Inc -I../Drivers/CMSIS/Device/ST/STM32F1xx/Include -I../Drivers/CMSIS/Include -O0 -ffunction-sections -fdata-sections -Wall -fstack-usage -fcyclomatic-complexity -MMD -MP -MF"Core/Src/main.d" -MT"Core/Src/main.o" --specs=nano.specs -mfloat-abi=soft -mthumb -o "Core/Src/main.o"
../Core/Src/main.c: In function 'main':
../Core/Src/main.c:180:51: warning: format '%d' expects argument of type 'int', but argument 3 has type 'uint32_t' {aka 'long unsigned int'} [-Wformat=]
  180 |                   sprintf(message, "Hello World! %d", ((TIM2->CNT))>>2);
      |                                                  ~^   ~~~~~~~~~~~~~~~~
      |                                                   |                |
      |                                                   int              uint32_t {aka long unsigned int}
      |                                                  %ld
arm-none-eabi-gcc -o "Posuv.elf" @"objects.list"   -mcpu=cortex-m3 -T"/home/vakhaib/Desktop/aplikace/Strojni_posuv/Firmware/Posuv/STM32F103RBTX_FLASH.ld" --specs=nosys.specs -Wl,-Map="Posuv.map" -Wl,--gc-sections -static --specs=nano.specs -mfloat-abi=soft -mthumb -Wl,--start-group -lc -lm -Wl,--end-group
Finished building target: Posuv.elf
 
arm-none-eabi-size  Posuv.elf 
arm-none-eabi-objdump -h -S Posuv.elf  > "Posuv.list"
   text	   data	    bss	    dec	    hex	filename
  16512	    192	   3320	  20024	   4e38	Posuv.elf
Finished building: default.size.stdout
 
Finished building: Posuv.list
 
22:15:37 **** Incremental Build of configuration Debug for project Posuv ****
make -j16 all 
arm-none-eabi-size  Posuv.elf 
   text	   data	    bss	    dec	    hex	filename
  16512	    192	   3320	  20024	   4e38	Posuv.elf
Finished building: default.size.stdout
 
22:16:44 **** Incremental Build of configuration Debug for project Posuv ****
make -j16 all 
arm-none-eabi-gcc "../Core/Src/main.c" -mcpu=cortex-m3 -std=gnu11 -g3 -DDEBUG -DUSE_HAL_DRIVER -DSTM32F103xB -c -I../Core/Inc -I../Drivers/STM32F1xx_HAL_Driver/Inc/Legacy -I../Drivers/STM32F1xx_HAL_Driver/Inc -I../Drivers/CMSIS/Device/ST/STM32F1xx/Include -I../Drivers/CMSIS/Include -O0 -ffunction-sections -fdata-sections -Wall -fstack-usage -fcyclomatic-complexity -MMD -MP -MF"Core/Src/main.d" -MT"Core/Src/main.o" --specs=nano.specs -mfloat-abi=soft -mthumb -o "Core/Src/main.o"
../Core/Src/main.c: In function 'main':
../Core/Src/main.c:179:51: warning: format '%d' expects argument of type 'int', but argument 3 has type 'uint32_t' {aka 'long unsigned int'} [-Wformat=]
  179 |                   sprintf(message, "Hello World! %d", ((TIM2->CNT))>>2);
      |                                                  ~^   ~~~~~~~~~~~~~~~~
      |                                                   |                |
      |                                                   int              uint32_t {aka long unsigned int}
      |                                                  %ld
arm-none-eabi-gcc -o "Posuv.elf" @"objects.list"   -mcpu=cortex-m3 -T"/home/vakhaib/Desktop/aplikace/Strojni_posuv/Firmware/Posuv/STM32F103RBTX_FLASH.ld" --specs=nosys.specs -Wl,-Map="Posuv.map" -Wl,--gc-sections -static --specs=nano.specs -mfloat-abi=soft -mthumb -Wl,--start-group -lc -lm -Wl,--end-group
Finished building target: Posuv.elf
 
arm-none-eabi-size  Posuv.elf 
arm-none-eabi-objdump -h -S Posuv.elf  > "Posuv.list"
   text	   data	    bss	    dec	    hex	filename
  16504	    192	   3320	  20016	   4e30	Posuv.elf
Finished building: default.size.stdout
 
Finished building: Posuv.list
 
22:17:19 **** Incremental Build of configuration Debug for project Posuv ****
make -j16 all 
arm-none-eabi-gcc "../Core/Src/main.c" -mcpu=cortex-m3 -std=gnu11 -g3 -DDEBUG -DUSE_HAL_DRIVER -DSTM32F103xB -c -I../Core/Inc -I../Drivers/STM32F1xx_HAL_Driver/Inc/Legacy -I../Drivers/STM32F1xx_HAL_Driver/Inc -I../Drivers/CMSIS/Device/ST/STM32F1xx/Include -I../Drivers/CMSIS/Include -O0 -ffunction-sections -fdata-sections -Wall -fstack-usage -fcyclomatic-complexity -MMD -MP -MF"Core/Src/main.d" -MT"Core/Src/main.o" --specs=nano.specs -mfloat-abi=soft -mthumb -o "Core/Src/main.o"
../Core/Src/main.c: In function 'main':
../Core/Src/main.c:179:51: warning: format '%d' expects argument of type 'int', but argument 3 has type 'uint32_t' {aka 'long unsigned int'} [-Wformat=]
  179 |                   sprintf(message, "Hello World! %d", ((TIM2->CNT))>>2);
      |                                                  ~^   ~~~~~~~~~~~~~~~~
      |                                                   |                |
      |                                                   int              uint32_t {aka long unsigned int}
      |                                                  %ld
arm-none-eabi-gcc -o "Posuv.elf" @"objects.list"   -mcpu=cortex-m3 -T"/home/vakhaib/Desktop/aplikace/Strojni_posuv/Firmware/Posuv/STM32F103RBTX_FLASH.ld" --specs=nosys.specs -Wl,-Map="Posuv.map" -Wl,--gc-sections -static --specs=nano.specs -mfloat-abi=soft -mthumb -Wl,--start-group -lc -lm -Wl,--end-group
Finished building target: Posuv.elf
 
arm-none-eabi-size  Posuv.elf 
arm-none-eabi-objdump -h -S Posuv.elf  > "Posuv.list"
   text	   data	    bss	    dec	    hex	filename
  16504	    192	   3320	  20016	   4e30	Posuv.elf
Finished building: default.size.stdout
 
Finished building: Posuv.list
 
22:17:43 **** Incremental Build of configuration Debug for project Posuv ****
make -j16 all 
arm-none-eabi-gcc "../Core/Src/main.c" -mcpu=cortex-m3 -std=gnu11 -g3 -DDEBUG -DUSE_HAL_DRIVER -DSTM32F103xB -c -I../Core/Inc -I../Drivers/STM32F1xx_HAL_Driver/Inc/Legacy -I../Drivers/STM32F1xx_HAL_Driver/Inc -I../Drivers/CMSIS/Device/ST/STM32F1xx/Include -I../Drivers/CMSIS/Include -O0 -ffunction-sections -fdata-sections -Wall -fstack-usage -fcyclomatic-complexity -MMD -MP -MF"Core/Src/main.d" -MT"Core/Src/main.o" --specs=nano.specs -mfloat-abi=soft -mthumb -o "Core/Src/main.o"
../Core/Src/main.c: In function 'main':
../Core/Src/main.c:179:51: warning: format '%d' expects argument of type 'int', but argument 3 has type 'uint32_t' {aka 'long unsigned int'} [-Wformat=]
  179 |                   sprintf(message, "Hello World! %d", ((TIM2->CNT))>>2);
      |                                                  ~^   ~~~~~~~~~~~~~~~~
      |                                                   |                |
      |                                                   int              uint32_t {aka long unsigned int}
      |                                                  %ld
arm-none-eabi-gcc -o "Posuv.elf" @"objects.list"   -mcpu=cortex-m3 -T"/home/vakhaib/Desktop/aplikace/Strojni_posuv/Firmware/Posuv/STM32F103RBTX_FLASH.ld" --specs=nosys.specs -Wl,-Map="Posuv.map" -Wl,--gc-sections -static --specs=nano.specs -mfloat-abi=soft -mthumb -Wl,--start-group -lc -lm -Wl,--end-group
Finished building target: Posuv.elf
 
arm-none-eabi-size  Posuv.elf 
arm-none-eabi-objdump -h -S Posuv.elf  > "Posuv.list"
   text	   data	    bss	    dec	    hex	filename
  16504	    192	   3320	  20016	   4e30	Posuv.elf
Finished building: default.size.stdout
 
Finished building: Posuv.list
 
22:18:04 **** Incremental Build of configuration Debug for project Posuv ****
make -j16 all 
arm-none-eabi-gcc "../Core/Src/main.c" -mcpu=cortex-m3 -std=gnu11 -g3 -DDEBUG -DUSE_HAL_DRIVER -DSTM32F103xB -c -I../Core/Inc -I../Drivers/STM32F1xx_HAL_Driver/Inc/Legacy -I../Drivers/STM32F1xx_HAL_Driver/Inc -I../Drivers/CMSIS/Device/ST/STM32F1xx/Include -I../Drivers/CMSIS/Include -O0 -ffunction-sections -fdata-sections -Wall -fstack-usage -fcyclomatic-complexity -MMD -MP -MF"Core/Src/main.d" -MT"Core/Src/main.o" --specs=nano.specs -mfloat-abi=soft -mthumb -o "Core/Src/main.o"
../Core/Src/main.c: In function 'main':
../Core/Src/main.c:179:51: warning: format '%d' expects argument of type 'int', but argument 3 has type 'uint32_t' {aka 'long unsigned int'} [-Wformat=]
  179 |                   sprintf(message, "Hello World! %d", ((TIM2->CNT))>>2);
      |                                                  ~^   ~~~~~~~~~~~~~~~~
      |                                                   |                |
      |                                                   int              uint32_t {aka long unsigned int}
      |                                                  %ld
arm-none-eabi-gcc -o "Posuv.elf" @"objects.list"   -mcpu=cortex-m3 -T"/home/vakhaib/Desktop/aplikace/Strojni_posuv/Firmware/Posuv/STM32F103RBTX_FLASH.ld" --specs=nosys.specs -Wl,-Map="Posuv.map" -Wl,--gc-sections -static --specs=nano.specs -mfloat-abi=soft -mthumb -Wl,--start-group -lc -lm -Wl,--end-group
Finished building target: Posuv.elf
 
arm-none-eabi-size  Posuv.elf 
arm-none-eabi-objdump -h -S Posuv.elf  > "Posuv.list"
   text	   data	    bss	    dec	    hex	filename
  16504	    192	   3320	  20016	   4e30	Posuv.elf
Finished building: default.size.stdout
 
Finished building: Posuv.list
 
22:18:31 **** Incremental Build of configuration Debug for project Posuv ****
make -j16 all 
arm-none-eabi-gcc "../Core/Src/main.c" -mcpu=cortex-m3 -std=gnu11 -g3 -DDEBUG -DUSE_HAL_DRIVER -DSTM32F103xB -c -I../Core/Inc -I../Drivers/STM32F1xx_HAL_Driver/Inc/Legacy -I../Drivers/STM32F1xx_HAL_Driver/Inc -I../Drivers/CMSIS/Device/ST/STM32F1xx/Include -I../Drivers/CMSIS/Include -O0 -ffunction-sections -fdata-sections -Wall -fstack-usage -fcyclomatic-complexity -MMD -MP -MF"Core/Src/main.d" -MT"Core/Src/main.o" --specs=nano.specs -mfloat-abi=soft -mthumb -o "Core/Src/main.o"
../Core/Src/main.c: In function 'main':
../Core/Src/main.c:179:51: warning: format '%d' expects argument of type 'int', but argument 3 has type 'uint32_t' {aka 'long unsigned int'} [-Wformat=]
  179 |                   sprintf(message, "Hello World! %d", ((TIM2->CNT))>>2);
      |                                                  ~^   ~~~~~~~~~~~~~~~~
      |                                                   |                |
      |                                                   int              uint32_t {aka long unsigned int}
      |                                                  %ld
arm-none-eabi-gcc -o "Posuv.elf" @"objects.list"   -mcpu=cortex-m3 -T"/home/vakhaib/Desktop/aplikace/Strojni_posuv/Firmware/Posuv/STM32F103RBTX_FLASH.ld" --specs=nosys.specs -Wl,-Map="Posuv.map" -Wl,--gc-sections -static --specs=nano.specs -mfloat-abi=soft -mthumb -Wl,--start-group -lc -lm -Wl,--end-group
Finished building target: Posuv.elf
 
arm-none-eabi-size  Posuv.elf 
arm-none-eabi-objdump -h -S Posuv.elf  > "Posuv.list"
   text	   data	    bss	    dec	    hex	filename
  16504	    192	   3320	  20016	   4e30	Posuv.elf
Finished building: default.size.stdout
 
Finished building: Posuv.list
 
22:20:47 **** Incremental Build of configuration Debug for project Posuv ****
make -j16 all 
arm-none-eabi-gcc "../Drivers/STM32F1xx_HAL_Driver/Src/stm32f1xx_hal.c" -mcpu=cortex-m3 -std=gnu11 -g3 -DDEBUG -DUSE_HAL_DRIVER -DSTM32F103xB -c -I../Core/Inc -I../Drivers/STM32F1xx_HAL_Driver/Inc/Legacy -I../Drivers/STM32F1xx_HAL_Driver/Inc -I../Drivers/CMSIS/Device/ST/STM32F1xx/Include -I../Drivers/CMSIS/Include -O0 -ffunction-sections -fdata-sections -Wall -fstack-usage -fcyclomatic-complexity -MMD -MP -MF"Drivers/STM32F1xx_HAL_Driver/Src/stm32f1xx_hal.d" -MT"Drivers/STM32F1xx_HAL_Driver/Src/stm32f1xx_hal.o" --specs=nano.specs -mfloat-abi=soft -mthumb -o "Drivers/STM32F1xx_HAL_Driver/Src/stm32f1xx_hal.o"
arm-none-eabi-gcc "../Drivers/STM32F1xx_HAL_Driver/Src/stm32f1xx_hal_adc.c" -mcpu=cortex-m3 -std=gnu11 -g3 -DDEBUG -DUSE_HAL_DRIVER -DSTM32F103xB -c -I../Core/Inc -I../Drivers/STM32F1xx_HAL_Driver/Inc/Legacy -I../Drivers/STM32F1xx_HAL_Driver/Inc -I../Drivers/CMSIS/Device/ST/STM32F1xx/Include -I../Drivers/CMSIS/Include -O0 -ffunction-sections -fdata-sections -Wall -fstack-usage -fcyclomatic-complexity -MMD -MP -MF"Drivers/STM32F1xx_HAL_Driver/Src/stm32f1xx_hal_adc.d" -MT"Drivers/STM32F1xx_HAL_Driver/Src/stm32f1xx_hal_adc.o" --specs=nano.specs -mfloat-abi=soft -mthumb -o "Drivers/STM32F1xx_HAL_Driver/Src/stm32f1xx_hal_adc.o"
arm-none-eabi-gcc "../Drivers/STM32F1xx_HAL_Driver/Src/stm32f1xx_hal_adc_ex.c" -mcpu=cortex-m3 -std=gnu11 -g3 -DDEBUG -DUSE_HAL_DRIVER -DSTM32F103xB -c -I../Core/Inc -I../Drivers/STM32F1xx_HAL_Driver/Inc/Legacy -I../Drivers/STM32F1xx_HAL_Driver/Inc -I../Drivers/CMSIS/Device/ST/STM32F1xx/Include -I../Drivers/CMSIS/Include -O0 -ffunction-sections -fdata-sections -Wall -fstack-usage -fcyclomatic-complexity -MMD -MP -MF"Drivers/STM32F1xx_HAL_Driver/Src/stm32f1xx_hal_adc_ex.d" -MT"Drivers/STM32F1xx_HAL_Driver/Src/stm32f1xx_hal_adc_ex.o" --specs=nano.specs -mfloat-abi=soft -mthumb -o "Drivers/STM32F1xx_HAL_Driver/Src/stm32f1xx_hal_adc_ex.o"
arm-none-eabi-gcc "../Drivers/STM32F1xx_HAL_Driver/Src/stm32f1xx_hal_cortex.c" -mcpu=cortex-m3 -std=gnu11 -g3 -DDEBUG -DUSE_HAL_DRIVER -DSTM32F103xB -c -I../Core/Inc -I../Drivers/STM32F1xx_HAL_Driver/Inc/Legacy -I../Drivers/STM32F1xx_HAL_Driver/Inc -I../Drivers/CMSIS/Device/ST/STM32F1xx/Include -I../Drivers/CMSIS/Include -O0 -ffunction-sections -fdata-sections -Wall -fstack-usage -fcyclomatic-complexity -MMD -MP -MF"Drivers/STM32F1xx_HAL_Driver/Src/stm32f1xx_hal_cortex.d" -MT"Drivers/STM32F1xx_HAL_Driver/Src/stm32f1xx_hal_cortex.o" --specs=nano.specs -mfloat-abi=soft -mthumb -o "Drivers/STM32F1xx_HAL_Driver/Src/stm32f1xx_hal_cortex.o"
arm-none-eabi-gcc "../Drivers/STM32F1xx_HAL_Driver/Src/stm32f1xx_hal_dma.c" -mcpu=cortex-m3 -std=gnu11 -g3 -DDEBUG -DUSE_HAL_DRIVER -DSTM32F103xB -c -I../Core/Inc -I../Drivers/STM32F1xx_HAL_Driver/Inc/Legacy -I../Drivers/STM32F1xx_HAL_Driver/Inc -I../Drivers/CMSIS/Device/ST/STM32F1xx/Include -I../Drivers/CMSIS/Include -O0 -ffunction-sections -fdata-sections -Wall -fstack-usage -fcyclomatic-complexity -MMD -MP -MF"Drivers/STM32F1xx_HAL_Driver/Src/stm32f1xx_hal_dma.d" -MT"Drivers/STM32F1xx_HAL_Driver/Src/stm32f1xx_hal_dma.o" --specs=nano.specs -mfloat-abi=soft -mthumb -o "Drivers/STM32F1xx_HAL_Driver/Src/stm32f1xx_hal_dma.o"
arm-none-eabi-gcc "../Drivers/STM32F1xx_HAL_Driver/Src/stm32f1xx_hal_exti.c" -mcpu=cortex-m3 -std=gnu11 -g3 -DDEBUG -DUSE_HAL_DRIVER -DSTM32F103xB -c -I../Core/Inc -I../Drivers/STM32F1xx_HAL_Driver/Inc/Legacy -I../Drivers/STM32F1xx_HAL_Driver/Inc -I../Drivers/CMSIS/Device/ST/STM32F1xx/Include -I../Drivers/CMSIS/Include -O0 -ffunction-sections -fdata-sections -Wall -fstack-usage -fcyclomatic-complexity -MMD -MP -MF"Drivers/STM32F1xx_HAL_Driver/Src/stm32f1xx_hal_exti.d" -MT"Drivers/STM32F1xx_HAL_Driver/Src/stm32f1xx_hal_exti.o" --specs=nano.specs -mfloat-abi=soft -mthumb -o "Drivers/STM32F1xx_HAL_Driver/Src/stm32f1xx_hal_exti.o"
arm-none-eabi-gcc "../Drivers/STM32F1xx_HAL_Driver/Src/stm32f1xx_hal_flash.c" -mcpu=cortex-m3 -std=gnu11 -g3 -DDEBUG -DUSE_HAL_DRIVER -DSTM32F103xB -c -I../Core/Inc -I../Drivers/STM32F1xx_HAL_Driver/Inc/Legacy -I../Drivers/STM32F1xx_HAL_Driver/Inc -I../Drivers/CMSIS/Device/ST/STM32F1xx/Include -I../Drivers/CMSIS/Include -O0 -ffunction-sections -fdata-sections -Wall -fstack-usage -fcyclomatic-complexity -MMD -MP -MF"Drivers/STM32F1xx_HAL_Driver/Src/stm32f1xx_hal_flash.d" -MT"Drivers/STM32F1xx_HAL_Driver/Src/stm32f1xx_hal_flash.o" --specs=nano.specs -mfloat-abi=soft -mthumb -o "Drivers/STM32F1xx_HAL_Driver/Src/stm32f1xx_hal_flash.o"
arm-none-eabi-gcc "../Drivers/STM32F1xx_HAL_Driver/Src/stm32f1xx_hal_flash_ex.c" -mcpu=cortex-m3 -std=gnu11 -g3 -DDEBUG -DUSE_HAL_DRIVER -DSTM32F103xB -c -I../Core/Inc -I../Drivers/STM32F1xx_HAL_Driver/Inc/Legacy -I../Drivers/STM32F1xx_HAL_Driver/Inc -I../Drivers/CMSIS/Device/ST/STM32F1xx/Include -I../Drivers/CMSIS/Include -O0 -ffunction-sections -fdata-sections -Wall -fstack-usage -fcyclomatic-complexity -MMD -MP -MF"Drivers/STM32F1xx_HAL_Driver/Src/stm32f1xx_hal_flash_ex.d" -MT"Drivers/STM32F1xx_HAL_Driver/Src/stm32f1xx_hal_flash_ex.o" --specs=nano.specs -mfloat-abi=soft -mthumb -o "Drivers/STM32F1xx_HAL_Driver/Src/stm32f1xx_hal_flash_ex.o"
arm-none-eabi-gcc "../Drivers/STM32F1xx_HAL_Driver/Src/stm32f1xx_hal_gpio.c" -mcpu=cortex-m3 -std=gnu11 -g3 -DDEBUG -DUSE_HAL_DRIVER -DSTM32F103xB -c -I../Core/Inc -I../Drivers/STM32F1xx_HAL_Driver/Inc/Legacy -I../Drivers/STM32F1xx_HAL_Driver/Inc -I../Drivers/CMSIS/Device/ST/STM32F1xx/Include -I../Drivers/CMSIS/Include -O0 -ffunction-sections -fdata-sections -Wall -fstack-usage -fcyclomatic-complexity -MMD -MP -MF"Drivers/STM32F1xx_HAL_Driver/Src/stm32f1xx_hal_gpio.d" -MT"Drivers/STM32F1xx_HAL_Driver/Src/stm32f1xx_hal_gpio.o" --specs=nano.specs -mfloat-abi=soft -mthumb -o "Drivers/STM32F1xx_HAL_Driver/Src/stm32f1xx_hal_gpio.o"
arm-none-eabi-gcc "../Drivers/STM32F1xx_HAL_Driver/Src/stm32f1xx_hal_gpio_ex.c" -mcpu=cortex-m3 -std=gnu11 -g3 -DDEBUG -DUSE_HAL_DRIVER -DSTM32F103xB -c -I../Core/Inc -I../Drivers/STM32F1xx_HAL_Driver/Inc/Legacy -I../Drivers/STM32F1xx_HAL_Driver/Inc -I../Drivers/CMSIS/Device/ST/STM32F1xx/Include -I../Drivers/CMSIS/Include -O0 -ffunction-sections -fdata-sections -Wall -fstack-usage -fcyclomatic-complexity -MMD -MP -MF"Drivers/STM32F1xx_HAL_Driver/Src/stm32f1xx_hal_gpio_ex.d" -MT"Drivers/STM32F1xx_HAL_Driver/Src/stm32f1xx_hal_gpio_ex.o" --specs=nano.specs -mfloat-abi=soft -mthumb -o "Drivers/STM32F1xx_HAL_Driver/Src/stm32f1xx_hal_gpio_ex.o"
arm-none-eabi-gcc "../Drivers/STM32F1xx_HAL_Driver/Src/stm32f1xx_hal_pwr.c" -mcpu=cortex-m3 -std=gnu11 -g3 -DDEBUG -DUSE_HAL_DRIVER -DSTM32F103xB -c -I../Core/Inc -I../Drivers/STM32F1xx_HAL_Driver/Inc/Legacy -I../Drivers/STM32F1xx_HAL_Driver/Inc -I../Drivers/CMSIS/Device/ST/STM32F1xx/Include -I../Drivers/CMSIS/Include -O0 -ffunction-sections -fdata-sections -Wall -fstack-usage -fcyclomatic-complexity -MMD -MP -MF"Drivers/STM32F1xx_HAL_Driver/Src/stm32f1xx_hal_pwr.d" -MT"Drivers/STM32F1xx_HAL_Driver/Src/stm32f1xx_hal_pwr.o" --specs=nano.specs -mfloat-abi=soft -mthumb -o "Drivers/STM32F1xx_HAL_Driver/Src/stm32f1xx_hal_pwr.o"
arm-none-eabi-gcc "../Drivers/STM32F1xx_HAL_Driver/Src/stm32f1xx_hal_rcc.c" -mcpu=cortex-m3 -std=gnu11 -g3 -DDEBUG -DUSE_HAL_DRIVER -DSTM32F103xB -c -I../Core/Inc -I../Drivers/STM32F1xx_HAL_Driver/Inc/Legacy -I../Drivers/STM32F1xx_HAL_Driver/Inc -I../Drivers/CMSIS/Device/ST/STM32F1xx/Include -I../Drivers/CMSIS/Include -O0 -ffunction-sections -fdata-sections -Wall -fstack-usage -fcyclomatic-complexity -MMD -MP -MF"Drivers/STM32F1xx_HAL_Driver/Src/stm32f1xx_hal_rcc.d" -MT"Drivers/STM32F1xx_HAL_Driver/Src/stm32f1xx_hal_rcc.o" --specs=nano.specs -mfloat-abi=soft -mthumb -o "Drivers/STM32F1xx_HAL_Driver/Src/stm32f1xx_hal_rcc.o"
arm-none-eabi-gcc "../Drivers/STM32F1xx_HAL_Driver/Src/stm32f1xx_hal_rcc_ex.c" -mcpu=cortex-m3 -std=gnu11 -g3 -DDEBUG -DUSE_HAL_DRIVER -DSTM32F103xB -c -I../Core/Inc -I../Drivers/STM32F1xx_HAL_Driver/Inc/Legacy -I../Drivers/STM32F1xx_HAL_Driver/Inc -I../Drivers/CMSIS/Device/ST/STM32F1xx/Include -I../Drivers/CMSIS/Include -O0 -ffunction-sections -fdata-sections -Wall -fstack-usage -fcyclomatic-complexity -MMD -MP -MF"Drivers/STM32F1xx_HAL_Driver/Src/stm32f1xx_hal_rcc_ex.d" -MT"Drivers/STM32F1xx_HAL_Driver/Src/stm32f1xx_hal_rcc_ex.o" --specs=nano.specs -mfloat-abi=soft -mthumb -o "Drivers/STM32F1xx_HAL_Driver/Src/stm32f1xx_hal_rcc_ex.o"
arm-none-eabi-gcc "../Drivers/STM32F1xx_HAL_Driver/Src/stm32f1xx_hal_tim.c" -mcpu=cortex-m3 -std=gnu11 -g3 -DDEBUG -DUSE_HAL_DRIVER -DSTM32F103xB -c -I../Core/Inc -I../Drivers/STM32F1xx_HAL_Driver/Inc/Legacy -I../Drivers/STM32F1xx_HAL_Driver/Inc -I../Drivers/CMSIS/Device/ST/STM32F1xx/Include -I../Drivers/CMSIS/Include -O0 -ffunction-sections -fdata-sections -Wall -fstack-usage -fcyclomatic-complexity -MMD -MP -MF"Drivers/STM32F1xx_HAL_Driver/Src/stm32f1xx_hal_tim.d" -MT"Drivers/STM32F1xx_HAL_Driver/Src/stm32f1xx_hal_tim.o" --specs=nano.specs -mfloat-abi=soft -mthumb -o "Drivers/STM32F1xx_HAL_Driver/Src/stm32f1xx_hal_tim.o"
arm-none-eabi-gcc "../Drivers/STM32F1xx_HAL_Driver/Src/stm32f1xx_hal_tim_ex.c" -mcpu=cortex-m3 -std=gnu11 -g3 -DDEBUG -DUSE_HAL_DRIVER -DSTM32F103xB -c -I../Core/Inc -I../Drivers/STM32F1xx_HAL_Driver/Inc/Legacy -I../Drivers/STM32F1xx_HAL_Driver/Inc -I../Drivers/CMSIS/Device/ST/STM32F1xx/Include -I../Drivers/CMSIS/Include -O0 -ffunction-sections -fdata-sections -Wall -fstack-usage -fcyclomatic-complexity -MMD -MP -MF"Drivers/STM32F1xx_HAL_Driver/Src/stm32f1xx_hal_tim_ex.d" -MT"Drivers/STM32F1xx_HAL_Driver/Src/stm32f1xx_hal_tim_ex.o" --specs=nano.specs -mfloat-abi=soft -mthumb -o "Drivers/STM32F1xx_HAL_Driver/Src/stm32f1xx_hal_tim_ex.o"
arm-none-eabi-gcc "../Core/Src/ST7920_SERIAL.c" -mcpu=cortex-m3 -std=gnu11 -g3 -DDEBUG -DUSE_HAL_DRIVER -DSTM32F103xB -c -I../Core/Inc -I../Drivers/STM32F1xx_HAL_Driver/Inc/Legacy -I../Drivers/STM32F1xx_HAL_Driver/Inc -I../Drivers/CMSIS/Device/ST/STM32F1xx/Include -I../Drivers/CMSIS/Include -O0 -ffunction-sections -fdata-sections -Wall -fstack-usage -fcyclomatic-complexity -MMD -MP -MF"Core/Src/ST7920_SERIAL.d" -MT"Core/Src/ST7920_SERIAL.o" --specs=nano.specs -mfloat-abi=soft -mthumb -o "Core/Src/ST7920_SERIAL.o"
../Core/Src/ST7920_SERIAL.c: In function 'ST7920_DrawBitmap':
../Core/Src/ST7920_SERIAL.c:156:56: warning: suggest parentheses around arithmetic in operand of '|' [-Wparentheses]
  156 |                                 ST7920_SendCmd(0x80 | y-32);//Y(0-31)
      |                                                       ~^~~
arm-none-eabi-gcc "../Core/Src/main.c" -mcpu=cortex-m3 -std=gnu11 -g3 -DDEBUG -DUSE_HAL_DRIVER -DSTM32F103xB -c -I../Core/Inc -I../Drivers/STM32F1xx_HAL_Driver/Inc/Legacy -I../Drivers/STM32F1xx_HAL_Driver/Inc -I../Drivers/CMSIS/Device/ST/STM32F1xx/Include -I../Drivers/CMSIS/Include -O0 -ffunction-sections -fdata-sections -Wall -fstack-usage -fcyclomatic-complexity -MMD -MP -MF"Core/Src/main.d" -MT"Core/Src/main.o" --specs=nano.specs -mfloat-abi=soft -mthumb -o "Core/Src/main.o"
arm-none-eabi-gcc "../Core/Src/stm32f1xx_hal_msp.c" -mcpu=cortex-m3 -std=gnu11 -g3 -DDEBUG -DUSE_HAL_DRIVER -DSTM32F103xB -c -I../Core/Inc -I../Drivers/STM32F1xx_HAL_Driver/Inc/Legacy -I../Drivers/STM32F1xx_HAL_Driver/Inc -I../Drivers/CMSIS/Device/ST/STM32F1xx/Include -I../Drivers/CMSIS/Include -O0 -ffunction-sections -fdata-sections -Wall -fstack-usage -fcyclomatic-complexity -MMD -MP -MF"Core/Src/stm32f1xx_hal_msp.d" -MT"Core/Src/stm32f1xx_hal_msp.o" --specs=nano.specs -mfloat-abi=soft -mthumb -o "Core/Src/stm32f1xx_hal_msp.o"
arm-none-eabi-gcc "../Core/Src/stm32f1xx_it.c" -mcpu=cortex-m3 -std=gnu11 -g3 -DDEBUG -DUSE_HAL_DRIVER -DSTM32F103xB -c -I../Core/Inc -I../Drivers/STM32F1xx_HAL_Driver/Inc/Legacy -I../Drivers/STM32F1xx_HAL_Driver/Inc -I../Drivers/CMSIS/Device/ST/STM32F1xx/Include -I../Drivers/CMSIS/Include -O0 -ffunction-sections -fdata-sections -Wall -fstack-usage -fcyclomatic-complexity -MMD -MP -MF"Core/Src/stm32f1xx_it.d" -MT"Core/Src/stm32f1xx_it.o" --specs=nano.specs -mfloat-abi=soft -mthumb -o "Core/Src/stm32f1xx_it.o"
arm-none-eabi-gcc "../Core/Src/system_stm32f1xx.c" -mcpu=cortex-m3 -std=gnu11 -g3 -DDEBUG -DUSE_HAL_DRIVER -DSTM32F103xB -c -I../Core/Inc -I../Drivers/STM32F1xx_HAL_Driver/Inc/Legacy -I../Drivers/STM32F1xx_HAL_Driver/Inc -I../Drivers/CMSIS/Device/ST/STM32F1xx/Include -I../Drivers/CMSIS/Include -O0 -ffunction-sections -fdata-sections -Wall -fstack-usage -fcyclomatic-complexity -MMD -MP -MF"Core/Src/system_stm32f1xx.d" -MT"Core/Src/system_stm32f1xx.o" --specs=nano.specs -mfloat-abi=soft -mthumb -o "Core/Src/system_stm32f1xx.o"
../Core/Src/main.c: In function 'main':
../Core/Src/main.c:182:51: warning: format '%d' expects argument of type 'int', but argument 3 has type 'uint32_t' {aka 'long unsigned int'} [-Wformat=]
  182 |                   sprintf(message, "Hello World! %d", ((TIM2->CNT))>>2);
      |                                                  ~^   ~~~~~~~~~~~~~~~~
      |                                                   |                |
      |                                                   int              uint32_t {aka long unsigned int}
      |                                                  %ld
arm-none-eabi-gcc -o "Posuv.elf" @"objects.list"   -mcpu=cortex-m3 -T"/home/vakhaib/Desktop/aplikace/Strojni_posuv/Firmware/Posuv/STM32F103RBTX_FLASH.ld" --specs=nosys.specs -Wl,-Map="Posuv.map" -Wl,--gc-sections -static --specs=nano.specs -mfloat-abi=soft -mthumb -Wl,--start-group -lc -lm -Wl,--end-group
Finished building target: Posuv.elf
 
arm-none-eabi-size  Posuv.elf 
arm-none-eabi-objdump -h -S Posuv.elf  > "Posuv.list"
   text	   data	    bss	    dec	    hex	filename
  16540	    192	   3320	  20052	   4e54	Posuv.elf
Finished building: default.size.stdout
 
Finished building: Posuv.list
 
22:21:11 **** Incremental Build of configuration Debug for project Posuv ****
make -j16 all 
arm-none-eabi-gcc "../Core/Src/main.c" -mcpu=cortex-m3 -std=gnu11 -g3 -DDEBUG -DUSE_HAL_DRIVER -DSTM32F103xB -c -I../Core/Inc -I../Drivers/STM32F1xx_HAL_Driver/Inc/Legacy -I../Drivers/STM32F1xx_HAL_Driver/Inc -I../Drivers/CMSIS/Device/ST/STM32F1xx/Include -I../Drivers/CMSIS/Include -O0 -ffunction-sections -fdata-sections -Wall -fstack-usage -fcyclomatic-complexity -MMD -MP -MF"Core/Src/main.d" -MT"Core/Src/main.o" --specs=nano.specs -mfloat-abi=soft -mthumb -o "Core/Src/main.o"
../Core/Src/main.c: In function 'main':
../Core/Src/main.c:182:51: warning: format '%d' expects argument of type 'int', but argument 3 has type 'uint32_t' {aka 'long unsigned int'} [-Wformat=]
  182 |                   sprintf(message, "Hello World! %d", ((TIM2->CNT))>>2);
      |                                                  ~^   ~~~~~~~~~~~~~~~~
      |                                                   |                |
      |                                                   int              uint32_t {aka long unsigned int}
      |                                                  %ld
arm-none-eabi-gcc -o "Posuv.elf" @"objects.list"   -mcpu=cortex-m3 -T"/home/vakhaib/Desktop/aplikace/Strojni_posuv/Firmware/Posuv/STM32F103RBTX_FLASH.ld" --specs=nosys.specs -Wl,-Map="Posuv.map" -Wl,--gc-sections -static --specs=nano.specs -mfloat-abi=soft -mthumb -Wl,--start-group -lc -lm -Wl,--end-group
Finished building target: Posuv.elf
 
arm-none-eabi-size  Posuv.elf 
arm-none-eabi-objdump -h -S Posuv.elf  > "Posuv.list"
   text	   data	    bss	    dec	    hex	filename
  16540	    192	   3320	  20052	   4e54	Posuv.elf
Finished building: default.size.stdout
 
Finished building: Posuv.list
 
22:21:40 **** Incremental Build of configuration Debug for project Posuv ****
make -j16 all 
arm-none-eabi-gcc "../Core/Src/main.c" -mcpu=cortex-m3 -std=gnu11 -g3 -DDEBUG -DUSE_HAL_DRIVER -DSTM32F103xB -c -I../Core/Inc -I../Drivers/STM32F1xx_HAL_Driver/Inc/Legacy -I../Drivers/STM32F1xx_HAL_Driver/Inc -I../Drivers/CMSIS/Device/ST/STM32F1xx/Include -I../Drivers/CMSIS/Include -O0 -ffunction-sections -fdata-sections -Wall -fstack-usage -fcyclomatic-complexity -MMD -MP -MF"Core/Src/main.d" -MT"Core/Src/main.o" --specs=nano.specs -mfloat-abi=soft -mthumb -o "Core/Src/main.o"
../Core/Src/main.c: In function 'main':
../Core/Src/main.c:182:51: warning: format '%d' expects argument of type 'int', but argument 3 has type 'uint32_t' {aka 'long unsigned int'} [-Wformat=]
  182 |                   sprintf(message, "Hello World! %d", ((TIM2->CNT))>>2);
      |                                                  ~^   ~~~~~~~~~~~~~~~~
      |                                                   |                |
      |                                                   int              uint32_t {aka long unsigned int}
      |                                                  %ld
arm-none-eabi-gcc -o "Posuv.elf" @"objects.list"   -mcpu=cortex-m3 -T"/home/vakhaib/Desktop/aplikace/Strojni_posuv/Firmware/Posuv/STM32F103RBTX_FLASH.ld" --specs=nosys.specs -Wl,-Map="Posuv.map" -Wl,--gc-sections -static --specs=nano.specs -mfloat-abi=soft -mthumb -Wl,--start-group -lc -lm -Wl,--end-group
Finished building target: Posuv.elf
 
arm-none-eabi-size  Posuv.elf 
arm-none-eabi-objdump -h -S Posuv.elf  > "Posuv.list"
   text	   data	    bss	    dec	    hex	filename
  16540	    192	   3320	  20052	   4e54	Posuv.elf
Finished building: default.size.stdout
 
Finished building: Posuv.list
 
22:22:24 **** Incremental Build of configuration Debug for project Posuv ****
make -j16 all 
arm-none-eabi-gcc "../Core/Src/main.c" -mcpu=cortex-m3 -std=gnu11 -g3 -DDEBUG -DUSE_HAL_DRIVER -DSTM32F103xB -c -I../Core/Inc -I../Drivers/STM32F1xx_HAL_Driver/Inc/Legacy -I../Drivers/STM32F1xx_HAL_Driver/Inc -I../Drivers/CMSIS/Device/ST/STM32F1xx/Include -I../Drivers/CMSIS/Include -O0 -ffunction-sections -fdata-sections -Wall -fstack-usage -fcyclomatic-complexity -MMD -MP -MF"Core/Src/main.d" -MT"Core/Src/main.o" --specs=nano.specs -mfloat-abi=soft -mthumb -o "Core/Src/main.o"
../Core/Src/main.c: In function 'main':
../Core/Src/main.c:127:3: warning: "/*" within comment [-Wcomment]
  127 |   /* USER CODE END 2 */
      |    
../Core/Src/main.c:183:51: warning: format '%d' expects argument of type 'int', but argument 3 has type 'uint32_t' {aka 'long unsigned int'} [-Wformat=]
  183 |                   sprintf(message, "Hello World! %d", ((TIM2->CNT))>>2);
      |                                                  ~^   ~~~~~~~~~~~~~~~~
      |                                                   |                |
      |                                                   int              uint32_t {aka long unsigned int}
      |                                                  %ld
arm-none-eabi-gcc -o "Posuv.elf" @"objects.list"   -mcpu=cortex-m3 -T"/home/vakhaib/Desktop/aplikace/Strojni_posuv/Firmware/Posuv/STM32F103RBTX_FLASH.ld" --specs=nosys.specs -Wl,-Map="Posuv.map" -Wl,--gc-sections -static --specs=nano.specs -mfloat-abi=soft -mthumb -Wl,--start-group -lc -lm -Wl,--end-group
Finished building target: Posuv.elf
 
arm-none-eabi-size  Posuv.elf 
arm-none-eabi-objdump -h -S Posuv.elf  > "Posuv.list"
   text	   data	    bss	    dec	    hex	filename
  16504	    192	   3320	  20016	   4e30	Posuv.elf
Finished building: default.size.stdout
 
Finished building: Posuv.list
 
22:25:05 **** Incremental Build of configuration Debug for project Posuv ****
make -j16 all 
arm-none-eabi-gcc "../Drivers/STM32F1xx_HAL_Driver/Src/stm32f1xx_hal.c" -mcpu=cortex-m3 -std=gnu11 -g3 -DDEBUG -DUSE_HAL_DRIVER -DSTM32F103xB -c -I../Core/Inc -I../Drivers/STM32F1xx_HAL_Driver/Inc/Legacy -I../Drivers/STM32F1xx_HAL_Driver/Inc -I../Drivers/CMSIS/Device/ST/STM32F1xx/Include -I../Drivers/CMSIS/Include -O0 -ffunction-sections -fdata-sections -Wall -fstack-usage -fcyclomatic-complexity -MMD -MP -MF"Drivers/STM32F1xx_HAL_Driver/Src/stm32f1xx_hal.d" -MT"Drivers/STM32F1xx_HAL_Driver/Src/stm32f1xx_hal.o" --specs=nano.specs -mfloat-abi=soft -mthumb -o "Drivers/STM32F1xx_HAL_Driver/Src/stm32f1xx_hal.o"
arm-none-eabi-gcc "../Drivers/STM32F1xx_HAL_Driver/Src/stm32f1xx_hal_adc.c" -mcpu=cortex-m3 -std=gnu11 -g3 -DDEBUG -DUSE_HAL_DRIVER -DSTM32F103xB -c -I../Core/Inc -I../Drivers/STM32F1xx_HAL_Driver/Inc/Legacy -I../Drivers/STM32F1xx_HAL_Driver/Inc -I../Drivers/CMSIS/Device/ST/STM32F1xx/Include -I../Drivers/CMSIS/Include -O0 -ffunction-sections -fdata-sections -Wall -fstack-usage -fcyclomatic-complexity -MMD -MP -MF"Drivers/STM32F1xx_HAL_Driver/Src/stm32f1xx_hal_adc.d" -MT"Drivers/STM32F1xx_HAL_Driver/Src/stm32f1xx_hal_adc.o" --specs=nano.specs -mfloat-abi=soft -mthumb -o "Drivers/STM32F1xx_HAL_Driver/Src/stm32f1xx_hal_adc.o"
arm-none-eabi-gcc "../Drivers/STM32F1xx_HAL_Driver/Src/stm32f1xx_hal_adc_ex.c" -mcpu=cortex-m3 -std=gnu11 -g3 -DDEBUG -DUSE_HAL_DRIVER -DSTM32F103xB -c -I../Core/Inc -I../Drivers/STM32F1xx_HAL_Driver/Inc/Legacy -I../Drivers/STM32F1xx_HAL_Driver/Inc -I../Drivers/CMSIS/Device/ST/STM32F1xx/Include -I../Drivers/CMSIS/Include -O0 -ffunction-sections -fdata-sections -Wall -fstack-usage -fcyclomatic-complexity -MMD -MP -MF"Drivers/STM32F1xx_HAL_Driver/Src/stm32f1xx_hal_adc_ex.d" -MT"Drivers/STM32F1xx_HAL_Driver/Src/stm32f1xx_hal_adc_ex.o" --specs=nano.specs -mfloat-abi=soft -mthumb -o "Drivers/STM32F1xx_HAL_Driver/Src/stm32f1xx_hal_adc_ex.o"
arm-none-eabi-gcc "../Drivers/STM32F1xx_HAL_Driver/Src/stm32f1xx_hal_cortex.c" -mcpu=cortex-m3 -std=gnu11 -g3 -DDEBUG -DUSE_HAL_DRIVER -DSTM32F103xB -c -I../Core/Inc -I../Drivers/STM32F1xx_HAL_Driver/Inc/Legacy -I../Drivers/STM32F1xx_HAL_Driver/Inc -I../Drivers/CMSIS/Device/ST/STM32F1xx/Include -I../Drivers/CMSIS/Include -O0 -ffunction-sections -fdata-sections -Wall -fstack-usage -fcyclomatic-complexity -MMD -MP -MF"Drivers/STM32F1xx_HAL_Driver/Src/stm32f1xx_hal_cortex.d" -MT"Drivers/STM32F1xx_HAL_Driver/Src/stm32f1xx_hal_cortex.o" --specs=nano.specs -mfloat-abi=soft -mthumb -o "Drivers/STM32F1xx_HAL_Driver/Src/stm32f1xx_hal_cortex.o"
arm-none-eabi-gcc "../Drivers/STM32F1xx_HAL_Driver/Src/stm32f1xx_hal_dma.c" -mcpu=cortex-m3 -std=gnu11 -g3 -DDEBUG -DUSE_HAL_DRIVER -DSTM32F103xB -c -I../Core/Inc -I../Drivers/STM32F1xx_HAL_Driver/Inc/Legacy -I../Drivers/STM32F1xx_HAL_Driver/Inc -I../Drivers/CMSIS/Device/ST/STM32F1xx/Include -I../Drivers/CMSIS/Include -O0 -ffunction-sections -fdata-sections -Wall -fstack-usage -fcyclomatic-complexity -MMD -MP -MF"Drivers/STM32F1xx_HAL_Driver/Src/stm32f1xx_hal_dma.d" -MT"Drivers/STM32F1xx_HAL_Driver/Src/stm32f1xx_hal_dma.o" --specs=nano.specs -mfloat-abi=soft -mthumb -o "Drivers/STM32F1xx_HAL_Driver/Src/stm32f1xx_hal_dma.o"
arm-none-eabi-gcc "../Drivers/STM32F1xx_HAL_Driver/Src/stm32f1xx_hal_exti.c" -mcpu=cortex-m3 -std=gnu11 -g3 -DDEBUG -DUSE_HAL_DRIVER -DSTM32F103xB -c -I../Core/Inc -I../Drivers/STM32F1xx_HAL_Driver/Inc/Legacy -I../Drivers/STM32F1xx_HAL_Driver/Inc -I../Drivers/CMSIS/Device/ST/STM32F1xx/Include -I../Drivers/CMSIS/Include -O0 -ffunction-sections -fdata-sections -Wall -fstack-usage -fcyclomatic-complexity -MMD -MP -MF"Drivers/STM32F1xx_HAL_Driver/Src/stm32f1xx_hal_exti.d" -MT"Drivers/STM32F1xx_HAL_Driver/Src/stm32f1xx_hal_exti.o" --specs=nano.specs -mfloat-abi=soft -mthumb -o "Drivers/STM32F1xx_HAL_Driver/Src/stm32f1xx_hal_exti.o"
arm-none-eabi-gcc "../Drivers/STM32F1xx_HAL_Driver/Src/stm32f1xx_hal_flash.c" -mcpu=cortex-m3 -std=gnu11 -g3 -DDEBUG -DUSE_HAL_DRIVER -DSTM32F103xB -c -I../Core/Inc -I../Drivers/STM32F1xx_HAL_Driver/Inc/Legacy -I../Drivers/STM32F1xx_HAL_Driver/Inc -I../Drivers/CMSIS/Device/ST/STM32F1xx/Include -I../Drivers/CMSIS/Include -O0 -ffunction-sections -fdata-sections -Wall -fstack-usage -fcyclomatic-complexity -MMD -MP -MF"Drivers/STM32F1xx_HAL_Driver/Src/stm32f1xx_hal_flash.d" -MT"Drivers/STM32F1xx_HAL_Driver/Src/stm32f1xx_hal_flash.o" --specs=nano.specs -mfloat-abi=soft -mthumb -o "Drivers/STM32F1xx_HAL_Driver/Src/stm32f1xx_hal_flash.o"
arm-none-eabi-gcc "../Drivers/STM32F1xx_HAL_Driver/Src/stm32f1xx_hal_flash_ex.c" -mcpu=cortex-m3 -std=gnu11 -g3 -DDEBUG -DUSE_HAL_DRIVER -DSTM32F103xB -c -I../Core/Inc -I../Drivers/STM32F1xx_HAL_Driver/Inc/Legacy -I../Drivers/STM32F1xx_HAL_Driver/Inc -I../Drivers/CMSIS/Device/ST/STM32F1xx/Include -I../Drivers/CMSIS/Include -O0 -ffunction-sections -fdata-sections -Wall -fstack-usage -fcyclomatic-complexity -MMD -MP -MF"Drivers/STM32F1xx_HAL_Driver/Src/stm32f1xx_hal_flash_ex.d" -MT"Drivers/STM32F1xx_HAL_Driver/Src/stm32f1xx_hal_flash_ex.o" --specs=nano.specs -mfloat-abi=soft -mthumb -o "Drivers/STM32F1xx_HAL_Driver/Src/stm32f1xx_hal_flash_ex.o"
arm-none-eabi-gcc "../Drivers/STM32F1xx_HAL_Driver/Src/stm32f1xx_hal_gpio.c" -mcpu=cortex-m3 -std=gnu11 -g3 -DDEBUG -DUSE_HAL_DRIVER -DSTM32F103xB -c -I../Core/Inc -I../Drivers/STM32F1xx_HAL_Driver/Inc/Legacy -I../Drivers/STM32F1xx_HAL_Driver/Inc -I../Drivers/CMSIS/Device/ST/STM32F1xx/Include -I../Drivers/CMSIS/Include -O0 -ffunction-sections -fdata-sections -Wall -fstack-usage -fcyclomatic-complexity -MMD -MP -MF"Drivers/STM32F1xx_HAL_Driver/Src/stm32f1xx_hal_gpio.d" -MT"Drivers/STM32F1xx_HAL_Driver/Src/stm32f1xx_hal_gpio.o" --specs=nano.specs -mfloat-abi=soft -mthumb -o "Drivers/STM32F1xx_HAL_Driver/Src/stm32f1xx_hal_gpio.o"
arm-none-eabi-gcc "../Drivers/STM32F1xx_HAL_Driver/Src/stm32f1xx_hal_gpio_ex.c" -mcpu=cortex-m3 -std=gnu11 -g3 -DDEBUG -DUSE_HAL_DRIVER -DSTM32F103xB -c -I../Core/Inc -I../Drivers/STM32F1xx_HAL_Driver/Inc/Legacy -I../Drivers/STM32F1xx_HAL_Driver/Inc -I../Drivers/CMSIS/Device/ST/STM32F1xx/Include -I../Drivers/CMSIS/Include -O0 -ffunction-sections -fdata-sections -Wall -fstack-usage -fcyclomatic-complexity -MMD -MP -MF"Drivers/STM32F1xx_HAL_Driver/Src/stm32f1xx_hal_gpio_ex.d" -MT"Drivers/STM32F1xx_HAL_Driver/Src/stm32f1xx_hal_gpio_ex.o" --specs=nano.specs -mfloat-abi=soft -mthumb -o "Drivers/STM32F1xx_HAL_Driver/Src/stm32f1xx_hal_gpio_ex.o"
arm-none-eabi-gcc "../Drivers/STM32F1xx_HAL_Driver/Src/stm32f1xx_hal_pwr.c" -mcpu=cortex-m3 -std=gnu11 -g3 -DDEBUG -DUSE_HAL_DRIVER -DSTM32F103xB -c -I../Core/Inc -I../Drivers/STM32F1xx_HAL_Driver/Inc/Legacy -I../Drivers/STM32F1xx_HAL_Driver/Inc -I../Drivers/CMSIS/Device/ST/STM32F1xx/Include -I../Drivers/CMSIS/Include -O0 -ffunction-sections -fdata-sections -Wall -fstack-usage -fcyclomatic-complexity -MMD -MP -MF"Drivers/STM32F1xx_HAL_Driver/Src/stm32f1xx_hal_pwr.d" -MT"Drivers/STM32F1xx_HAL_Driver/Src/stm32f1xx_hal_pwr.o" --specs=nano.specs -mfloat-abi=soft -mthumb -o "Drivers/STM32F1xx_HAL_Driver/Src/stm32f1xx_hal_pwr.o"
arm-none-eabi-gcc "../Drivers/STM32F1xx_HAL_Driver/Src/stm32f1xx_hal_rcc.c" -mcpu=cortex-m3 -std=gnu11 -g3 -DDEBUG -DUSE_HAL_DRIVER -DSTM32F103xB -c -I../Core/Inc -I../Drivers/STM32F1xx_HAL_Driver/Inc/Legacy -I../Drivers/STM32F1xx_HAL_Driver/Inc -I../Drivers/CMSIS/Device/ST/STM32F1xx/Include -I../Drivers/CMSIS/Include -O0 -ffunction-sections -fdata-sections -Wall -fstack-usage -fcyclomatic-complexity -MMD -MP -MF"Drivers/STM32F1xx_HAL_Driver/Src/stm32f1xx_hal_rcc.d" -MT"Drivers/STM32F1xx_HAL_Driver/Src/stm32f1xx_hal_rcc.o" --specs=nano.specs -mfloat-abi=soft -mthumb -o "Drivers/STM32F1xx_HAL_Driver/Src/stm32f1xx_hal_rcc.o"
arm-none-eabi-gcc "../Drivers/STM32F1xx_HAL_Driver/Src/stm32f1xx_hal_rcc_ex.c" -mcpu=cortex-m3 -std=gnu11 -g3 -DDEBUG -DUSE_HAL_DRIVER -DSTM32F103xB -c -I../Core/Inc -I../Drivers/STM32F1xx_HAL_Driver/Inc/Legacy -I../Drivers/STM32F1xx_HAL_Driver/Inc -I../Drivers/CMSIS/Device/ST/STM32F1xx/Include -I../Drivers/CMSIS/Include -O0 -ffunction-sections -fdata-sections -Wall -fstack-usage -fcyclomatic-complexity -MMD -MP -MF"Drivers/STM32F1xx_HAL_Driver/Src/stm32f1xx_hal_rcc_ex.d" -MT"Drivers/STM32F1xx_HAL_Driver/Src/stm32f1xx_hal_rcc_ex.o" --specs=nano.specs -mfloat-abi=soft -mthumb -o "Drivers/STM32F1xx_HAL_Driver/Src/stm32f1xx_hal_rcc_ex.o"
arm-none-eabi-gcc "../Drivers/STM32F1xx_HAL_Driver/Src/stm32f1xx_hal_tim.c" -mcpu=cortex-m3 -std=gnu11 -g3 -DDEBUG -DUSE_HAL_DRIVER -DSTM32F103xB -c -I../Core/Inc -I../Drivers/STM32F1xx_HAL_Driver/Inc/Legacy -I../Drivers/STM32F1xx_HAL_Driver/Inc -I../Drivers/CMSIS/Device/ST/STM32F1xx/Include -I../Drivers/CMSIS/Include -O0 -ffunction-sections -fdata-sections -Wall -fstack-usage -fcyclomatic-complexity -MMD -MP -MF"Drivers/STM32F1xx_HAL_Driver/Src/stm32f1xx_hal_tim.d" -MT"Drivers/STM32F1xx_HAL_Driver/Src/stm32f1xx_hal_tim.o" --specs=nano.specs -mfloat-abi=soft -mthumb -o "Drivers/STM32F1xx_HAL_Driver/Src/stm32f1xx_hal_tim.o"
arm-none-eabi-gcc "../Drivers/STM32F1xx_HAL_Driver/Src/stm32f1xx_hal_tim_ex.c" -mcpu=cortex-m3 -std=gnu11 -g3 -DDEBUG -DUSE_HAL_DRIVER -DSTM32F103xB -c -I../Core/Inc -I../Drivers/STM32F1xx_HAL_Driver/Inc/Legacy -I../Drivers/STM32F1xx_HAL_Driver/Inc -I../Drivers/CMSIS/Device/ST/STM32F1xx/Include -I../Drivers/CMSIS/Include -O0 -ffunction-sections -fdata-sections -Wall -fstack-usage -fcyclomatic-complexity -MMD -MP -MF"Drivers/STM32F1xx_HAL_Driver/Src/stm32f1xx_hal_tim_ex.d" -MT"Drivers/STM32F1xx_HAL_Driver/Src/stm32f1xx_hal_tim_ex.o" --specs=nano.specs -mfloat-abi=soft -mthumb -o "Drivers/STM32F1xx_HAL_Driver/Src/stm32f1xx_hal_tim_ex.o"
arm-none-eabi-gcc "../Core/Src/ST7920_SERIAL.c" -mcpu=cortex-m3 -std=gnu11 -g3 -DDEBUG -DUSE_HAL_DRIVER -DSTM32F103xB -c -I../Core/Inc -I../Drivers/STM32F1xx_HAL_Driver/Inc/Legacy -I../Drivers/STM32F1xx_HAL_Driver/Inc -I../Drivers/CMSIS/Device/ST/STM32F1xx/Include -I../Drivers/CMSIS/Include -O0 -ffunction-sections -fdata-sections -Wall -fstack-usage -fcyclomatic-complexity -MMD -MP -MF"Core/Src/ST7920_SERIAL.d" -MT"Core/Src/ST7920_SERIAL.o" --specs=nano.specs -mfloat-abi=soft -mthumb -o "Core/Src/ST7920_SERIAL.o"
../Core/Src/ST7920_SERIAL.c: In function 'ST7920_DrawBitmap':
../Core/Src/ST7920_SERIAL.c:156:56: warning: suggest parentheses around arithmetic in operand of '|' [-Wparentheses]
  156 |                                 ST7920_SendCmd(0x80 | y-32);//Y(0-31)
      |                                                       ~^~~
arm-none-eabi-gcc "../Core/Src/main.c" -mcpu=cortex-m3 -std=gnu11 -g3 -DDEBUG -DUSE_HAL_DRIVER -DSTM32F103xB -c -I../Core/Inc -I../Drivers/STM32F1xx_HAL_Driver/Inc/Legacy -I../Drivers/STM32F1xx_HAL_Driver/Inc -I../Drivers/CMSIS/Device/ST/STM32F1xx/Include -I../Drivers/CMSIS/Include -O0 -ffunction-sections -fdata-sections -Wall -fstack-usage -fcyclomatic-complexity -MMD -MP -MF"Core/Src/main.d" -MT"Core/Src/main.o" --specs=nano.specs -mfloat-abi=soft -mthumb -o "Core/Src/main.o"
arm-none-eabi-gcc "../Core/Src/stm32f1xx_hal_msp.c" -mcpu=cortex-m3 -std=gnu11 -g3 -DDEBUG -DUSE_HAL_DRIVER -DSTM32F103xB -c -I../Core/Inc -I../Drivers/STM32F1xx_HAL_Driver/Inc/Legacy -I../Drivers/STM32F1xx_HAL_Driver/Inc -I../Drivers/CMSIS/Device/ST/STM32F1xx/Include -I../Drivers/CMSIS/Include -O0 -ffunction-sections -fdata-sections -Wall -fstack-usage -fcyclomatic-complexity -MMD -MP -MF"Core/Src/stm32f1xx_hal_msp.d" -MT"Core/Src/stm32f1xx_hal_msp.o" --specs=nano.specs -mfloat-abi=soft -mthumb -o "Core/Src/stm32f1xx_hal_msp.o"
arm-none-eabi-gcc "../Core/Src/stm32f1xx_it.c" -mcpu=cortex-m3 -std=gnu11 -g3 -DDEBUG -DUSE_HAL_DRIVER -DSTM32F103xB -c -I../Core/Inc -I../Drivers/STM32F1xx_HAL_Driver/Inc/Legacy -I../Drivers/STM32F1xx_HAL_Driver/Inc -I../Drivers/CMSIS/Device/ST/STM32F1xx/Include -I../Drivers/CMSIS/Include -O0 -ffunction-sections -fdata-sections -Wall -fstack-usage -fcyclomatic-complexity -MMD -MP -MF"Core/Src/stm32f1xx_it.d" -MT"Core/Src/stm32f1xx_it.o" --specs=nano.specs -mfloat-abi=soft -mthumb -o "Core/Src/stm32f1xx_it.o"
arm-none-eabi-gcc "../Core/Src/system_stm32f1xx.c" -mcpu=cortex-m3 -std=gnu11 -g3 -DDEBUG -DUSE_HAL_DRIVER -DSTM32F103xB -c -I../Core/Inc -I../Drivers/STM32F1xx_HAL_Driver/Inc/Legacy -I../Drivers/STM32F1xx_HAL_Driver/Inc -I../Drivers/CMSIS/Device/ST/STM32F1xx/Include -I../Drivers/CMSIS/Include -O0 -ffunction-sections -fdata-sections -Wall -fstack-usage -fcyclomatic-complexity -MMD -MP -MF"Core/Src/system_stm32f1xx.d" -MT"Core/Src/system_stm32f1xx.o" --specs=nano.specs -mfloat-abi=soft -mthumb -o "Core/Src/system_stm32f1xx.o"
../Core/Src/main.c: In function 'main':
../Core/Src/main.c:183:51: warning: format '%d' expects argument of type 'int', but argument 3 has type 'uint32_t' {aka 'long unsigned int'} [-Wformat=]
  183 |                   sprintf(message, "Hello World! %d", ((TIM2->CNT))>>2);
      |                                                  ~^   ~~~~~~~~~~~~~~~~
      |                                                   |                |
      |                                                   int              uint32_t {aka long unsigned int}
      |                                                  %ld
arm-none-eabi-gcc -o "Posuv.elf" @"objects.list"   -mcpu=cortex-m3 -T"/home/vakhaib/Desktop/aplikace/Strojni_posuv/Firmware/Posuv/STM32F103RBTX_FLASH.ld" --specs=nosys.specs -Wl,-Map="Posuv.map" -Wl,--gc-sections -static --specs=nano.specs -mfloat-abi=soft -mthumb -Wl,--start-group -lc -lm -Wl,--end-group
Finished building target: Posuv.elf
 
arm-none-eabi-size  Posuv.elf 
arm-none-eabi-objdump -h -S Posuv.elf  > "Posuv.list"
   text	   data	    bss	    dec	    hex	filename
  16548	    192	   3320	  20060	   4e5c	Posuv.elf
Finished building: default.size.stdout
 
Finished building: Posuv.list
 
22:26:20 **** Incremental Build of configuration Debug for project Posuv ****
make -j16 all 
arm-none-eabi-gcc "../Core/Src/main.c" -mcpu=cortex-m3 -std=gnu11 -g3 -DDEBUG -DUSE_HAL_DRIVER -DSTM32F103xB -c -I../Core/Inc -I../Drivers/STM32F1xx_HAL_Driver/Inc/Legacy -I../Drivers/STM32F1xx_HAL_Driver/Inc -I../Drivers/CMSIS/Device/ST/STM32F1xx/Include -I../Drivers/CMSIS/Include -O0 -ffunction-sections -fdata-sections -Wall -fstack-usage -fcyclomatic-complexity -MMD -MP -MF"Core/Src/main.d" -MT"Core/Src/main.o" --specs=nano.specs -mfloat-abi=soft -mthumb -o "Core/Src/main.o"
../Core/Src/main.c: In function 'main':
../Core/Src/main.c:128:3: warning: "/*" within comment [-Wcomment]
  128 |   /* USER CODE END 2 */
      |    
../Core/Src/main.c:184:51: warning: format '%d' expects argument of type 'int', but argument 3 has type 'uint32_t' {aka 'long unsigned int'} [-Wformat=]
  184 |                   sprintf(message, "Hello World! %d", ((TIM2->CNT))>>2);
      |                                                  ~^   ~~~~~~~~~~~~~~~~
      |                                                   |                |
      |                                                   int              uint32_t {aka long unsigned int}
      |                                                  %ld
arm-none-eabi-gcc -o "Posuv.elf" @"objects.list"   -mcpu=cortex-m3 -T"/home/vakhaib/Desktop/aplikace/Strojni_posuv/Firmware/Posuv/STM32F103RBTX_FLASH.ld" --specs=nosys.specs -Wl,-Map="Posuv.map" -Wl,--gc-sections -static --specs=nano.specs -mfloat-abi=soft -mthumb -Wl,--start-group -lc -lm -Wl,--end-group
Finished building target: Posuv.elf
 
arm-none-eabi-size  Posuv.elf 
arm-none-eabi-objdump -h -S Posuv.elf  > "Posuv.list"
   text	   data	    bss	    dec	    hex	filename
  16500	    192	   3320	  20012	   4e2c	Posuv.elf
Finished building: default.size.stdout
 
Finished building: Posuv.list
 
22:26:36 **** Incremental Build of configuration Debug for project Posuv ****
make -j16 all 
arm-none-eabi-gcc "../Core/Src/main.c" -mcpu=cortex-m3 -std=gnu11 -g3 -DDEBUG -DUSE_HAL_DRIVER -DSTM32F103xB -c -I../Core/Inc -I../Drivers/STM32F1xx_HAL_Driver/Inc/Legacy -I../Drivers/STM32F1xx_HAL_Driver/Inc -I../Drivers/CMSIS/Device/ST/STM32F1xx/Include -I../Drivers/CMSIS/Include -O0 -ffunction-sections -fdata-sections -Wall -fstack-usage -fcyclomatic-complexity -MMD -MP -MF"Core/Src/main.d" -MT"Core/Src/main.o" --specs=nano.specs -mfloat-abi=soft -mthumb -o "Core/Src/main.o"
../Core/Src/main.c: In function 'main':
../Core/Src/main.c:184:51: warning: format '%d' expects argument of type 'int', but argument 3 has type 'uint32_t' {aka 'long unsigned int'} [-Wformat=]
  184 |                   sprintf(message, "Hello World! %d", ((TIM2->CNT))>>2);
      |                                                  ~^   ~~~~~~~~~~~~~~~~
      |                                                   |                |
      |                                                   int              uint32_t {aka long unsigned int}
      |                                                  %ld
arm-none-eabi-gcc -o "Posuv.elf" @"objects.list"   -mcpu=cortex-m3 -T"/home/vakhaib/Desktop/aplikace/Strojni_posuv/Firmware/Posuv/STM32F103RBTX_FLASH.ld" --specs=nosys.specs -Wl,-Map="Posuv.map" -Wl,--gc-sections -static --specs=nano.specs -mfloat-abi=soft -mthumb -Wl,--start-group -lc -lm -Wl,--end-group
Finished building target: Posuv.elf
 
arm-none-eabi-size  Posuv.elf 
arm-none-eabi-objdump -h -S Posuv.elf  > "Posuv.list"
   text	   data	    bss	    dec	    hex	filename
  16548	    192	   3320	  20060	   4e5c	Posuv.elf
Finished building: default.size.stdout
 
Finished building: Posuv.list
 
21:10:09 **** Incremental Build of configuration Debug for project Posuv ****
make -j16 all 
arm-none-eabi-gcc "../Core/Src/main.c" -mcpu=cortex-m3 -std=gnu11 -g3 -DDEBUG -DUSE_HAL_DRIVER -DSTM32F103xB -c -I../Core/Inc -I../Drivers/STM32F1xx_HAL_Driver/Inc/Legacy -I../Drivers/STM32F1xx_HAL_Driver/Inc -I../Drivers/CMSIS/Device/ST/STM32F1xx/Include -I../Drivers/CMSIS/Include -O0 -ffunction-sections -fdata-sections -Wall -fstack-usage -fcyclomatic-complexity -MMD -MP -MF"Core/Src/main.d" -MT"Core/Src/main.o" --specs=nano.specs -mfloat-abi=soft -mthumb -o "Core/Src/main.o"
../Core/Src/main.c: In function 'main':
../Core/Src/main.c:184:51: warning: format '%d' expects argument of type 'int', but argument 3 has type 'uint32_t' {aka 'long unsigned int'} [-Wformat=]
  184 |                   sprintf(message, "Hello World! %d", ((TIM2->CNT))>>2);
      |                                                  ~^   ~~~~~~~~~~~~~~~~
      |                                                   |                |
      |                                                   int              uint32_t {aka long unsigned int}
      |                                                  %ld
arm-none-eabi-gcc -o "Posuv.elf" @"objects.list"   -mcpu=cortex-m3 -T"/home/vakhaib/Desktop/aplikace/Strojni_posuv/Firmware/Posuv/STM32F103RBTX_FLASH.ld" --specs=nosys.specs -Wl,-Map="Posuv.map" -Wl,--gc-sections -static --specs=nano.specs -mfloat-abi=soft -mthumb -Wl,--start-group -lc -lm -Wl,--end-group
Finished building target: Posuv.elf
 
arm-none-eabi-size  Posuv.elf 
arm-none-eabi-objdump -h -S Posuv.elf  > "Posuv.list"
   text	   data	    bss	    dec	    hex	filename
  16548	    192	   3320	  20060	   4e5c	Posuv.elf
Finished building: default.size.stdout
 
Finished building: Posuv.list
 
15:06:48 **** Build of configuration Debug for project Posuv ****
make -j16 all 
arm-none-eabi-gcc "../Core/Src/main.c" -mcpu=cortex-m3 -std=gnu11 -g3 -DDEBUG -DUSE_HAL_DRIVER -DSTM32F103xB -c -I../Core/Inc -I../Drivers/STM32F1xx_HAL_Driver/Inc/Legacy -I../Drivers/STM32F1xx_HAL_Driver/Inc -I../Drivers/CMSIS/Device/ST/STM32F1xx/Include -I../Drivers/CMSIS/Include -O0 -ffunction-sections -fdata-sections -Wall -fstack-usage -fcyclomatic-complexity -MMD -MP -MF"Core/Src/main.d" -MT"Core/Src/main.o" --specs=nano.specs -mfloat-abi=soft -mthumb -o "Core/Src/main.o"
../Core/Src/main.c: In function 'main':
../Core/Src/main.c:184:51: warning: format '%d' expects argument of type 'int', but argument 3 has type 'uint32_t' {aka 'long unsigned int'} [-Wformat=]
  184 |                   sprintf(message, "Hello World! %d", ((TIM2->CNT))>>2);
      |                                                  ~^   ~~~~~~~~~~~~~~~~
      |                                                   |                |
      |                                                   int              uint32_t {aka long unsigned int}
      |                                                  %ld
arm-none-eabi-gcc -o "Posuv.elf" @"objects.list"   -mcpu=cortex-m3 -T"/home/vakhaib/Desktop/aplikace/Strojni_posuv/Firmware/Posuv/STM32F103RBTX_FLASH.ld" --specs=nosys.specs -Wl,-Map="Posuv.map" -Wl,--gc-sections -static --specs=nano.specs -mfloat-abi=soft -mthumb -Wl,--start-group -lc -lm -Wl,--end-group
Finished building target: Posuv.elf
 
arm-none-eabi-size  Posuv.elf 
arm-none-eabi-objdump -h -S Posuv.elf  > "Posuv.list"
   text	   data	    bss	    dec	    hex	filename
  16556	    192	   3320	  20068	   4e64	Posuv.elf
Finished building: default.size.stdout
 
Finished building: Posuv.list
 
15:07:07 **** Incremental Build of configuration Debug for project Posuv ****
make -j16 all 
arm-none-eabi-size  Posuv.elf 
   text	   data	    bss	    dec	    hex	filename
  16556	    192	   3320	  20068	   4e64	Posuv.elf
Finished building: default.size.stdout
 
15:07:25 **** Incremental Build of configuration Debug for project Posuv ****
make -j16 all 
arm-none-eabi-size  Posuv.elf 
   text	   data	    bss	    dec	    hex	filename
  16556	    192	   3320	  20068	   4e64	Posuv.elf
Finished building: default.size.stdout
 
15:07:59 **** Incremental Build of configuration Debug for project Posuv ****
make -j16 all 
arm-none-eabi-gcc "../Core/Src/main.c" -mcpu=cortex-m3 -std=gnu11 -g3 -DDEBUG -DUSE_HAL_DRIVER -DSTM32F103xB -c -I../Core/Inc -I../Drivers/STM32F1xx_HAL_Driver/Inc/Legacy -I../Drivers/STM32F1xx_HAL_Driver/Inc -I../Drivers/CMSIS/Device/ST/STM32F1xx/Include -I../Drivers/CMSIS/Include -O0 -ffunction-sections -fdata-sections -Wall -fstack-usage -fcyclomatic-complexity -MMD -MP -MF"Core/Src/main.d" -MT"Core/Src/main.o" --specs=nano.specs -mfloat-abi=soft -mthumb -o "Core/Src/main.o"
../Core/Src/main.c: In function 'main':
../Core/Src/main.c:184:51: warning: format '%d' expects argument of type 'int', but argument 3 has type 'uint32_t' {aka 'long unsigned int'} [-Wformat=]
  184 |                   sprintf(message, "Hello World! %d", ((TIM2->CNT))>>2);
      |                                                  ~^   ~~~~~~~~~~~~~~~~
      |                                                   |                |
      |                                                   int              uint32_t {aka long unsigned int}
      |                                                  %ld
arm-none-eabi-gcc -o "Posuv.elf" @"objects.list"   -mcpu=cortex-m3 -T"/home/vakhaib/Desktop/aplikace/Strojni_posuv/Firmware/Posuv/STM32F103RBTX_FLASH.ld" --specs=nosys.specs -Wl,-Map="Posuv.map" -Wl,--gc-sections -static --specs=nano.specs -mfloat-abi=soft -mthumb -Wl,--start-group -lc -lm -Wl,--end-group
Finished building target: Posuv.elf
 
arm-none-eabi-size  Posuv.elf 
arm-none-eabi-objdump -h -S Posuv.elf  > "Posuv.list"
   text	   data	    bss	    dec	    hex	filename
  16556	    192	   3320	  20068	   4e64	Posuv.elf
Finished building: default.size.stdout
 
Finished building: Posuv.list
 
15:08:29 **** Incremental Build of configuration Debug for project Posuv ****
make -j16 all 
arm-none-eabi-gcc "../Core/Src/main.c" -mcpu=cortex-m3 -std=gnu11 -g3 -DDEBUG -DUSE_HAL_DRIVER -DSTM32F103xB -c -I../Core/Inc -I../Drivers/STM32F1xx_HAL_Driver/Inc/Legacy -I../Drivers/STM32F1xx_HAL_Driver/Inc -I../Drivers/CMSIS/Device/ST/STM32F1xx/Include -I../Drivers/CMSIS/Include -O0 -ffunction-sections -fdata-sections -Wall -fstack-usage -fcyclomatic-complexity -MMD -MP -MF"Core/Src/main.d" -MT"Core/Src/main.o" --specs=nano.specs -mfloat-abi=soft -mthumb -o "Core/Src/main.o"
../Core/Src/main.c: In function 'main':
../Core/Src/main.c:184:51: warning: format '%d' expects argument of type 'int', but argument 3 has type 'uint32_t' {aka 'long unsigned int'} [-Wformat=]
  184 |                   sprintf(message, "Hello World! %d", ((TIM2->CNT))>>2);
      |                                                  ~^   ~~~~~~~~~~~~~~~~
      |                                                   |                |
      |                                                   int              uint32_t {aka long unsigned int}
      |                                                  %ld
arm-none-eabi-gcc -o "Posuv.elf" @"objects.list"   -mcpu=cortex-m3 -T"/home/vakhaib/Desktop/aplikace/Strojni_posuv/Firmware/Posuv/STM32F103RBTX_FLASH.ld" --specs=nosys.specs -Wl,-Map="Posuv.map" -Wl,--gc-sections -static --specs=nano.specs -mfloat-abi=soft -mthumb -Wl,--start-group -lc -lm -Wl,--end-group
Finished building target: Posuv.elf
 
arm-none-eabi-size  Posuv.elf 
arm-none-eabi-objdump -h -S Posuv.elf  > "Posuv.list"
   text	   data	    bss	    dec	    hex	filename
  16548	    192	   3320	  20060	   4e5c	Posuv.elf
Finished building: default.size.stdout
 
Finished building: Posuv.list
 
15:09:13 **** Incremental Build of configuration Debug for project Posuv ****
make -j16 all 
arm-none-eabi-gcc "../Core/Src/main.c" -mcpu=cortex-m3 -std=gnu11 -g3 -DDEBUG -DUSE_HAL_DRIVER -DSTM32F103xB -c -I../Core/Inc -I../Drivers/STM32F1xx_HAL_Driver/Inc/Legacy -I../Drivers/STM32F1xx_HAL_Driver/Inc -I../Drivers/CMSIS/Device/ST/STM32F1xx/Include -I../Drivers/CMSIS/Include -O0 -ffunction-sections -fdata-sections -Wall -fstack-usage -fcyclomatic-complexity -MMD -MP -MF"Core/Src/main.d" -MT"Core/Src/main.o" --specs=nano.specs -mfloat-abi=soft -mthumb -o "Core/Src/main.o"
../Core/Src/main.c: In function 'main':
../Core/Src/main.c:184:51: warning: format '%d' expects argument of type 'int', but argument 3 has type 'uint32_t' {aka 'long unsigned int'} [-Wformat=]
  184 |                   sprintf(message, "Hello World! %d", ((TIM2->CNT))>>2);
      |                                                  ~^   ~~~~~~~~~~~~~~~~
      |                                                   |                |
      |                                                   int              uint32_t {aka long unsigned int}
      |                                                  %ld
arm-none-eabi-gcc -o "Posuv.elf" @"objects.list"   -mcpu=cortex-m3 -T"/home/vakhaib/Desktop/aplikace/Strojni_posuv/Firmware/Posuv/STM32F103RBTX_FLASH.ld" --specs=nosys.specs -Wl,-Map="Posuv.map" -Wl,--gc-sections -static --specs=nano.specs -mfloat-abi=soft -mthumb -Wl,--start-group -lc -lm -Wl,--end-group
Finished building target: Posuv.elf
 
arm-none-eabi-size  Posuv.elf 
arm-none-eabi-objdump -h -S Posuv.elf  > "Posuv.list"
   text	   data	    bss	    dec	    hex	filename
  16548	    192	   3320	  20060	   4e5c	Posuv.elf
Finished building: default.size.stdout
 
Finished building: Posuv.list
 
17:02:09 **** Build of configuration Debug for project Posuv ****
make -j16 all 
arm-none-eabi-gcc "../Core/Src/main.c" -mcpu=cortex-m3 -std=gnu11 -g3 -DDEBUG -DUSE_HAL_DRIVER -DSTM32F103xB -c -I../Core/Inc -I../Drivers/STM32F1xx_HAL_Driver/Inc/Legacy -I../Drivers/STM32F1xx_HAL_Driver/Inc -I../Drivers/CMSIS/Device/ST/STM32F1xx/Include -I../Drivers/CMSIS/Include -O0 -ffunction-sections -fdata-sections -Wall -fstack-usage -fcyclomatic-complexity -MMD -MP -MF"Core/Src/main.d" -MT"Core/Src/main.o" --specs=nano.specs -mfloat-abi=soft -mthumb -o "Core/Src/main.o"
../Core/Src/main.c: In function 'main':
../Core/Src/main.c:184:51: warning: format '%d' expects argument of type 'int', but argument 3 has type 'uint32_t' {aka 'long unsigned int'} [-Wformat=]
  184 |                   sprintf(message, "Hello World! %d", ((TIM2->CNT))>>2);
      |                                                  ~^   ~~~~~~~~~~~~~~~~
      |                                                   |                |
      |                                                   int              uint32_t {aka long unsigned int}
      |                                                  %ld
arm-none-eabi-gcc -o "Posuv.elf" @"objects.list"   -mcpu=cortex-m3 -T"/home/vakhaib/Desktop/aplikace/Strojni_posuv/Firmware/Posuv/STM32F103RBTX_FLASH.ld" --specs=nosys.specs -Wl,-Map="Posuv.map" -Wl,--gc-sections -static --specs=nano.specs -mfloat-abi=soft -mthumb -Wl,--start-group -lc -lm -Wl,--end-group
Finished building target: Posuv.elf
 
arm-none-eabi-size  Posuv.elf 
arm-none-eabi-objdump -h -S Posuv.elf  > "Posuv.list"
   text	   data	    bss	    dec	    hex	filename
  16548	    192	   3320	  20060	   4e5c	Posuv.elf
Finished building: default.size.stdout
 
Finished building: Posuv.list
 
17:02:53 **** Incremental Build of configuration Debug for project Posuv ****
make -j16 all 
arm-none-eabi-gcc "../Core/Src/main.c" -mcpu=cortex-m3 -std=gnu11 -g3 -DDEBUG -DUSE_HAL_DRIVER -DSTM32F103xB -c -I../Core/Inc -I../Drivers/STM32F1xx_HAL_Driver/Inc/Legacy -I../Drivers/STM32F1xx_HAL_Driver/Inc -I../Drivers/CMSIS/Device/ST/STM32F1xx/Include -I../Drivers/CMSIS/Include -O0 -ffunction-sections -fdata-sections -Wall -fstack-usage -fcyclomatic-complexity -MMD -MP -MF"Core/Src/main.d" -MT"Core/Src/main.o" --specs=nano.specs -mfloat-abi=soft -mthumb -o "Core/Src/main.o"
../Core/Src/main.c: In function 'main':
../Core/Src/main.c:184:51: warning: format '%d' expects argument of type 'int', but argument 3 has type 'uint32_t' {aka 'long unsigned int'} [-Wformat=]
  184 |                   sprintf(message, "Hello World! %d", ((TIM2->CNT))>>2);
      |                                                  ~^   ~~~~~~~~~~~~~~~~
      |                                                   |                |
      |                                                   int              uint32_t {aka long unsigned int}
      |                                                  %ld
arm-none-eabi-gcc -o "Posuv.elf" @"objects.list"   -mcpu=cortex-m3 -T"/home/vakhaib/Desktop/aplikace/Strojni_posuv/Firmware/Posuv/STM32F103RBTX_FLASH.ld" --specs=nosys.specs -Wl,-Map="Posuv.map" -Wl,--gc-sections -static --specs=nano.specs -mfloat-abi=soft -mthumb -Wl,--start-group -lc -lm -Wl,--end-group
Finished building target: Posuv.elf
 
arm-none-eabi-size  Posuv.elf 
arm-none-eabi-objdump -h -S Posuv.elf  > "Posuv.list"
   text	   data	    bss	    dec	    hex	filename
  16548	    192	   3320	  20060	   4e5c	Posuv.elf
Finished building: default.size.stdout
 
Finished building: Posuv.list
 
17:03:16 **** Incremental Build of configuration Debug for project Posuv ****
make -j16 all 
arm-none-eabi-gcc "../Core/Src/main.c" -mcpu=cortex-m3 -std=gnu11 -g3 -DDEBUG -DUSE_HAL_DRIVER -DSTM32F103xB -c -I../Core/Inc -I../Drivers/STM32F1xx_HAL_Driver/Inc/Legacy -I../Drivers/STM32F1xx_HAL_Driver/Inc -I../Drivers/CMSIS/Device/ST/STM32F1xx/Include -I../Drivers/CMSIS/Include -O0 -ffunction-sections -fdata-sections -Wall -fstack-usage -fcyclomatic-complexity -MMD -MP -MF"Core/Src/main.d" -MT"Core/Src/main.o" --specs=nano.specs -mfloat-abi=soft -mthumb -o "Core/Src/main.o"
../Core/Src/main.c: In function 'main':
../Core/Src/main.c:184:51: warning: format '%d' expects argument of type 'int', but argument 3 has type 'uint32_t' {aka 'long unsigned int'} [-Wformat=]
  184 |                   sprintf(message, "Hello World! %d", ((TIM2->CNT))>>2);
      |                                                  ~^   ~~~~~~~~~~~~~~~~
      |                                                   |                |
      |                                                   int              uint32_t {aka long unsigned int}
      |                                                  %ld
arm-none-eabi-gcc -o "Posuv.elf" @"objects.list"   -mcpu=cortex-m3 -T"/home/vakhaib/Desktop/aplikace/Strojni_posuv/Firmware/Posuv/STM32F103RBTX_FLASH.ld" --specs=nosys.specs -Wl,-Map="Posuv.map" -Wl,--gc-sections -static --specs=nano.specs -mfloat-abi=soft -mthumb -Wl,--start-group -lc -lm -Wl,--end-group
Finished building target: Posuv.elf
 
arm-none-eabi-size  Posuv.elf 
arm-none-eabi-objdump -h -S Posuv.elf  > "Posuv.list"
   text	   data	    bss	    dec	    hex	filename
  16548	    192	   3320	  20060	   4e5c	Posuv.elf
Finished building: default.size.stdout
 
Finished building: Posuv.list
 
17:03:51 **** Incremental Build of configuration Debug for project Posuv ****
make -j16 all 
arm-none-eabi-gcc "../Core/Src/main.c" -mcpu=cortex-m3 -std=gnu11 -g3 -DDEBUG -DUSE_HAL_DRIVER -DSTM32F103xB -c -I../Core/Inc -I../Drivers/STM32F1xx_HAL_Driver/Inc/Legacy -I../Drivers/STM32F1xx_HAL_Driver/Inc -I../Drivers/CMSIS/Device/ST/STM32F1xx/Include -I../Drivers/CMSIS/Include -O0 -ffunction-sections -fdata-sections -Wall -fstack-usage -fcyclomatic-complexity -MMD -MP -MF"Core/Src/main.d" -MT"Core/Src/main.o" --specs=nano.specs -mfloat-abi=soft -mthumb -o "Core/Src/main.o"
../Core/Src/main.c: In function 'main':
../Core/Src/main.c:185:51: warning: format '%d' expects argument of type 'int', but argument 3 has type 'uint32_t' {aka 'long unsigned int'} [-Wformat=]
  185 |                   sprintf(message, "Hello World! %d", ((TIM2->CNT))>>2);
      |                                                  ~^   ~~~~~~~~~~~~~~~~
      |                                                   |                |
      |                                                   int              uint32_t {aka long unsigned int}
      |                                                  %ld
arm-none-eabi-gcc -o "Posuv.elf" @"objects.list"   -mcpu=cortex-m3 -T"/home/vakhaib/Desktop/aplikace/Strojni_posuv/Firmware/Posuv/STM32F103RBTX_FLASH.ld" --specs=nosys.specs -Wl,-Map="Posuv.map" -Wl,--gc-sections -static --specs=nano.specs -mfloat-abi=soft -mthumb -Wl,--start-group -lc -lm -Wl,--end-group
Finished building target: Posuv.elf
 
arm-none-eabi-size  Posuv.elf 
arm-none-eabi-objdump -h -S Posuv.elf  > "Posuv.list"
   text	   data	    bss	    dec	    hex	filename
  16200	    192	   3320	  19712	   4d00	Posuv.elf
Finished building: default.size.stdout
 
Finished building: Posuv.list
 
17:05:22 **** Incremental Build of configuration Debug for project Posuv ****
make -j16 all 
arm-none-eabi-gcc "../Core/Src/main.c" -mcpu=cortex-m3 -std=gnu11 -g3 -DDEBUG -DUSE_HAL_DRIVER -DSTM32F103xB -c -I../Core/Inc -I../Drivers/STM32F1xx_HAL_Driver/Inc/Legacy -I../Drivers/STM32F1xx_HAL_Driver/Inc -I../Drivers/CMSIS/Device/ST/STM32F1xx/Include -I../Drivers/CMSIS/Include -O0 -ffunction-sections -fdata-sections -Wall -fstack-usage -fcyclomatic-complexity -MMD -MP -MF"Core/Src/main.d" -MT"Core/Src/main.o" --specs=nano.specs -mfloat-abi=soft -mthumb -o "Core/Src/main.o"
../Core/Src/main.c: In function 'main':
../Core/Src/main.c:185:51: warning: format '%d' expects argument of type 'int', but argument 3 has type 'uint32_t' {aka 'long unsigned int'} [-Wformat=]
  185 |                   sprintf(message, "Hello World! %d", ((TIM2->CNT))>>2);
      |                                                  ~^   ~~~~~~~~~~~~~~~~
      |                                                   |                |
      |                                                   int              uint32_t {aka long unsigned int}
      |                                                  %ld
arm-none-eabi-gcc -o "Posuv.elf" @"objects.list"   -mcpu=cortex-m3 -T"/home/vakhaib/Desktop/aplikace/Strojni_posuv/Firmware/Posuv/STM32F103RBTX_FLASH.ld" --specs=nosys.specs -Wl,-Map="Posuv.map" -Wl,--gc-sections -static --specs=nano.specs -mfloat-abi=soft -mthumb -Wl,--start-group -lc -lm -Wl,--end-group
Finished building target: Posuv.elf
 
arm-none-eabi-size  Posuv.elf 
arm-none-eabi-objdump -h -S Posuv.elf  > "Posuv.list"
   text	   data	    bss	    dec	    hex	filename
  16200	    192	   3320	  19712	   4d00	Posuv.elf
Finished building: default.size.stdout
 
Finished building: Posuv.list
 
17:05:45 **** Incremental Build of configuration Debug for project Posuv ****
make -j16 all 
arm-none-eabi-gcc "../Core/Src/main.c" -mcpu=cortex-m3 -std=gnu11 -g3 -DDEBUG -DUSE_HAL_DRIVER -DSTM32F103xB -c -I../Core/Inc -I../Drivers/STM32F1xx_HAL_Driver/Inc/Legacy -I../Drivers/STM32F1xx_HAL_Driver/Inc -I../Drivers/CMSIS/Device/ST/STM32F1xx/Include -I../Drivers/CMSIS/Include -O0 -ffunction-sections -fdata-sections -Wall -fstack-usage -fcyclomatic-complexity -MMD -MP -MF"Core/Src/main.d" -MT"Core/Src/main.o" --specs=nano.specs -mfloat-abi=soft -mthumb -o "Core/Src/main.o"
../Core/Src/main.c: In function 'main':
../Core/Src/main.c:185:51: warning: format '%d' expects argument of type 'int', but argument 3 has type 'uint32_t' {aka 'long unsigned int'} [-Wformat=]
  185 |                   sprintf(message, "Hello World! %d", ((TIM2->CNT))>>2);
      |                                                  ~^   ~~~~~~~~~~~~~~~~
      |                                                   |                |
      |                                                   int              uint32_t {aka long unsigned int}
      |                                                  %ld
arm-none-eabi-gcc -o "Posuv.elf" @"objects.list"   -mcpu=cortex-m3 -T"/home/vakhaib/Desktop/aplikace/Strojni_posuv/Firmware/Posuv/STM32F103RBTX_FLASH.ld" --specs=nosys.specs -Wl,-Map="Posuv.map" -Wl,--gc-sections -static --specs=nano.specs -mfloat-abi=soft -mthumb -Wl,--start-group -lc -lm -Wl,--end-group
Finished building target: Posuv.elf
 
arm-none-eabi-size  Posuv.elf 
arm-none-eabi-objdump -h -S Posuv.elf  > "Posuv.list"
   text	   data	    bss	    dec	    hex	filename
  16200	    192	   3320	  19712	   4d00	Posuv.elf
Finished building: default.size.stdout
 
Finished building: Posuv.list
 
17:06:19 **** Incremental Build of configuration Debug for project Posuv ****
make -j16 all 
arm-none-eabi-gcc "../Core/Src/main.c" -mcpu=cortex-m3 -std=gnu11 -g3 -DDEBUG -DUSE_HAL_DRIVER -DSTM32F103xB -c -I../Core/Inc -I../Drivers/STM32F1xx_HAL_Driver/Inc/Legacy -I../Drivers/STM32F1xx_HAL_Driver/Inc -I../Drivers/CMSIS/Device/ST/STM32F1xx/Include -I../Drivers/CMSIS/Include -O0 -ffunction-sections -fdata-sections -Wall -fstack-usage -fcyclomatic-complexity -MMD -MP -MF"Core/Src/main.d" -MT"Core/Src/main.o" --specs=nano.specs -mfloat-abi=soft -mthumb -o "Core/Src/main.o"
../Core/Src/main.c: In function 'main':
../Core/Src/main.c:185:51: warning: format '%d' expects argument of type 'int', but argument 3 has type 'uint32_t' {aka 'long unsigned int'} [-Wformat=]
  185 |                   sprintf(message, "Hello World! %d", ((TIM2->CNT))>>2);
      |                                                  ~^   ~~~~~~~~~~~~~~~~
      |                                                   |                |
      |                                                   int              uint32_t {aka long unsigned int}
      |                                                  %ld
arm-none-eabi-gcc -o "Posuv.elf" @"objects.list"   -mcpu=cortex-m3 -T"/home/vakhaib/Desktop/aplikace/Strojni_posuv/Firmware/Posuv/STM32F103RBTX_FLASH.ld" --specs=nosys.specs -Wl,-Map="Posuv.map" -Wl,--gc-sections -static --specs=nano.specs -mfloat-abi=soft -mthumb -Wl,--start-group -lc -lm -Wl,--end-group
Finished building target: Posuv.elf
 
arm-none-eabi-size  Posuv.elf 
arm-none-eabi-objdump -h -S Posuv.elf  > "Posuv.list"
   text	   data	    bss	    dec	    hex	filename
  16208	    192	   3320	  19720	   4d08	Posuv.elf
Finished building: default.size.stdout
 
Finished building: Posuv.list
 
17:07:07 **** Incremental Build of configuration Debug for project Posuv ****
make -j16 all 
arm-none-eabi-gcc "../Core/Src/main.c" -mcpu=cortex-m3 -std=gnu11 -g3 -DDEBUG -DUSE_HAL_DRIVER -DSTM32F103xB -c -I../Core/Inc -I../Drivers/STM32F1xx_HAL_Driver/Inc/Legacy -I../Drivers/STM32F1xx_HAL_Driver/Inc -I../Drivers/CMSIS/Device/ST/STM32F1xx/Include -I../Drivers/CMSIS/Include -O0 -ffunction-sections -fdata-sections -Wall -fstack-usage -fcyclomatic-complexity -MMD -MP -MF"Core/Src/main.d" -MT"Core/Src/main.o" --specs=nano.specs -mfloat-abi=soft -mthumb -o "Core/Src/main.o"
../Core/Src/main.c: In function 'main':
../Core/Src/main.c:185:51: warning: format '%d' expects argument of type 'int', but argument 3 has type 'uint32_t' {aka 'long unsigned int'} [-Wformat=]
  185 |                   sprintf(message, "Hello World! %d", ((TIM2->CNT))>>2);
      |                                                  ~^   ~~~~~~~~~~~~~~~~
      |                                                   |                |
      |                                                   int              uint32_t {aka long unsigned int}
      |                                                  %ld
arm-none-eabi-gcc -o "Posuv.elf" @"objects.list"   -mcpu=cortex-m3 -T"/home/vakhaib/Desktop/aplikace/Strojni_posuv/Firmware/Posuv/STM32F103RBTX_FLASH.ld" --specs=nosys.specs -Wl,-Map="Posuv.map" -Wl,--gc-sections -static --specs=nano.specs -mfloat-abi=soft -mthumb -Wl,--start-group -lc -lm -Wl,--end-group
Finished building target: Posuv.elf
 
arm-none-eabi-size  Posuv.elf 
arm-none-eabi-objdump -h -S Posuv.elf  > "Posuv.list"
   text	   data	    bss	    dec	    hex	filename
  16208	    192	   3320	  19720	   4d08	Posuv.elf
Finished building: default.size.stdout
 
Finished building: Posuv.list
 
17:07:40 **** Incremental Build of configuration Debug for project Posuv ****
make -j16 all 
arm-none-eabi-gcc "../Core/Src/main.c" -mcpu=cortex-m3 -std=gnu11 -g3 -DDEBUG -DUSE_HAL_DRIVER -DSTM32F103xB -c -I../Core/Inc -I../Drivers/STM32F1xx_HAL_Driver/Inc/Legacy -I../Drivers/STM32F1xx_HAL_Driver/Inc -I../Drivers/CMSIS/Device/ST/STM32F1xx/Include -I../Drivers/CMSIS/Include -O0 -ffunction-sections -fdata-sections -Wall -fstack-usage -fcyclomatic-complexity -MMD -MP -MF"Core/Src/main.d" -MT"Core/Src/main.o" --specs=nano.specs -mfloat-abi=soft -mthumb -o "Core/Src/main.o"
../Core/Src/main.c: In function 'main':
../Core/Src/main.c:185:51: warning: format '%d' expects argument of type 'int', but argument 3 has type 'uint32_t' {aka 'long unsigned int'} [-Wformat=]
  185 |                   sprintf(message, "Hello World! %d", ((TIM2->CNT))>>2);
      |                                                  ~^   ~~~~~~~~~~~~~~~~
      |                                                   |                |
      |                                                   int              uint32_t {aka long unsigned int}
      |                                                  %ld
arm-none-eabi-gcc -o "Posuv.elf" @"objects.list"   -mcpu=cortex-m3 -T"/home/vakhaib/Desktop/aplikace/Strojni_posuv/Firmware/Posuv/STM32F103RBTX_FLASH.ld" --specs=nosys.specs -Wl,-Map="Posuv.map" -Wl,--gc-sections -static --specs=nano.specs -mfloat-abi=soft -mthumb -Wl,--start-group -lc -lm -Wl,--end-group
Finished building target: Posuv.elf
 
arm-none-eabi-size  Posuv.elf 
arm-none-eabi-objdump -h -S Posuv.elf  > "Posuv.list"
   text	   data	    bss	    dec	    hex	filename
  16208	    192	   3320	  19720	   4d08	Posuv.elf
Finished building: default.size.stdout
 
Finished building: Posuv.list
 
17:07:57 **** Build of configuration Debug for project Posuv ****
make -j16 all 
arm-none-eabi-size  Posuv.elf 
   text	   data	    bss	    dec	    hex	filename
  16208	    192	   3320	  19720	   4d08	Posuv.elf
Finished building: default.size.stdout
 
17:08:06 **** Incremental Build of configuration Debug for project Posuv ****
make -j16 all 
arm-none-eabi-size  Posuv.elf 
   text	   data	    bss	    dec	    hex	filename
  16208	    192	   3320	  19720	   4d08	Posuv.elf
Finished building: default.size.stdout
 
17:08:48 **** Incremental Build of configuration Debug for project Posuv ****
make -j16 all 
arm-none-eabi-size  Posuv.elf 
   text	   data	    bss	    dec	    hex	filename
  16208	    192	   3320	  19720	   4d08	Posuv.elf
Finished building: default.size.stdout
 
17:08:57 **** Incremental Build of configuration Debug for project Posuv ****
make -j16 all 
arm-none-eabi-size  Posuv.elf 
   text	   data	    bss	    dec	    hex	filename
  16208	    192	   3320	  19720	   4d08	Posuv.elf
Finished building: default.size.stdout
 
17:09:29 **** Incremental Build of configuration Debug for project Posuv ****
make -j16 all 
arm-none-eabi-size  Posuv.elf 
   text	   data	    bss	    dec	    hex	filename
  16208	    192	   3320	  19720	   4d08	Posuv.elf
Finished building: default.size.stdout
 
17:09:48 **** Incremental Build of configuration Debug for project Posuv ****
make -j16 all 
arm-none-eabi-size  Posuv.elf 
   text	   data	    bss	    dec	    hex	filename
  16208	    192	   3320	  19720	   4d08	Posuv.elf
Finished building: default.size.stdout
 
17:10:18 **** Incremental Build of configuration Debug for project Posuv ****
make -j16 all 
arm-none-eabi-size  Posuv.elf 
   text	   data	    bss	    dec	    hex	filename
  16208	    192	   3320	  19720	   4d08	Posuv.elf
Finished building: default.size.stdout
 
17:10:48 **** Incremental Build of configuration Debug for project Posuv ****
make -j16 all 
arm-none-eabi-size  Posuv.elf 
   text	   data	    bss	    dec	    hex	filename
  16208	    192	   3320	  19720	   4d08	Posuv.elf
Finished building: default.size.stdout
 
17:12:48 **** Incremental Build of configuration Debug for project Posuv ****
make -j16 all 
arm-none-eabi-size  Posuv.elf 
   text	   data	    bss	    dec	    hex	filename
  16208	    192	   3320	  19720	   4d08	Posuv.elf
Finished building: default.size.stdout
 
17:14:08 **** Incremental Build of configuration Debug for project Posuv ****
make -j16 all 
arm-none-eabi-size  Posuv.elf 
   text	   data	    bss	    dec	    hex	filename
  16208	    192	   3320	  19720	   4d08	Posuv.elf
Finished building: default.size.stdout
 
17:14:33 **** Incremental Build of configuration Debug for project Posuv ****
make -j16 all 
arm-none-eabi-gcc "../Core/Src/main.c" -mcpu=cortex-m3 -std=gnu11 -g3 -DDEBUG -DUSE_HAL_DRIVER -DSTM32F103xB -c -I../Core/Inc -I../Drivers/STM32F1xx_HAL_Driver/Inc/Legacy -I../Drivers/STM32F1xx_HAL_Driver/Inc -I../Drivers/CMSIS/Device/ST/STM32F1xx/Include -I../Drivers/CMSIS/Include -O0 -ffunction-sections -fdata-sections -Wall -fstack-usage -fcyclomatic-complexity -MMD -MP -MF"Core/Src/main.d" -MT"Core/Src/main.o" --specs=nano.specs -mfloat-abi=soft -mthumb -o "Core/Src/main.o"
../Core/Src/main.c: In function 'main':
../Core/Src/main.c:185:51: warning: format '%d' expects argument of type 'int', but argument 3 has type 'uint32_t' {aka 'long unsigned int'} [-Wformat=]
  185 |                   sprintf(message, "Hello World! %d", ((TIM2->CNT))>>2);
      |                                                  ~^   ~~~~~~~~~~~~~~~~
      |                                                   |                |
      |                                                   int              uint32_t {aka long unsigned int}
      |                                                  %ld
arm-none-eabi-gcc -o "Posuv.elf" @"objects.list"   -mcpu=cortex-m3 -T"/home/vakhaib/Desktop/aplikace/Strojni_posuv/Firmware/Posuv/STM32F103RBTX_FLASH.ld" --specs=nosys.specs -Wl,-Map="Posuv.map" -Wl,--gc-sections -static --specs=nano.specs -mfloat-abi=soft -mthumb -Wl,--start-group -lc -lm -Wl,--end-group
Finished building target: Posuv.elf
 
arm-none-eabi-size  Posuv.elf 
arm-none-eabi-objdump -h -S Posuv.elf  > "Posuv.list"
   text	   data	    bss	    dec	    hex	filename
  16200	    192	   3320	  19712	   4d00	Posuv.elf
Finished building: default.size.stdout
 
Finished building: Posuv.list
 
17:17:51 **** Incremental Build of configuration Debug for project Posuv ****
make -j16 all 
arm-none-eabi-gcc "../Core/Src/main.c" -mcpu=cortex-m3 -std=gnu11 -g3 -DDEBUG -DUSE_HAL_DRIVER -DSTM32F103xB -c -I../Core/Inc -I../Drivers/STM32F1xx_HAL_Driver/Inc/Legacy -I../Drivers/STM32F1xx_HAL_Driver/Inc -I../Drivers/CMSIS/Device/ST/STM32F1xx/Include -I../Drivers/CMSIS/Include -O0 -ffunction-sections -fdata-sections -Wall -fstack-usage -fcyclomatic-complexity -MMD -MP -MF"Core/Src/main.d" -MT"Core/Src/main.o" --specs=nano.specs -mfloat-abi=soft -mthumb -o "Core/Src/main.o"
../Core/Src/main.c: In function 'main':
../Core/Src/main.c:185:51: warning: format '%d' expects argument of type 'int', but argument 3 has type 'uint32_t' {aka 'long unsigned int'} [-Wformat=]
  185 |                   sprintf(message, "Hello World! %d", ((TIM2->CNT))>>2);
      |                                                  ~^   ~~~~~~~~~~~~~~~~
      |                                                   |                |
      |                                                   int              uint32_t {aka long unsigned int}
      |                                                  %ld
arm-none-eabi-gcc -o "Posuv.elf" @"objects.list"   -mcpu=cortex-m3 -T"/home/vakhaib/Desktop/aplikace/Strojni_posuv/Firmware/Posuv/STM32F103RBTX_FLASH.ld" --specs=nosys.specs -Wl,-Map="Posuv.map" -Wl,--gc-sections -static --specs=nano.specs -mfloat-abi=soft -mthumb -Wl,--start-group -lc -lm -Wl,--end-group
Finished building target: Posuv.elf
 
arm-none-eabi-size  Posuv.elf 
arm-none-eabi-objdump -h -S Posuv.elf  > "Posuv.list"
   text	   data	    bss	    dec	    hex	filename
  16200	    192	   3320	  19712	   4d00	Posuv.elf
Finished building: default.size.stdout
 
Finished building: Posuv.list
 
17:19:50 **** Incremental Build of configuration Debug for project Posuv ****
make -j16 all 
arm-none-eabi-gcc "../Core/Src/main.c" -mcpu=cortex-m3 -std=gnu11 -g3 -DDEBUG -DUSE_HAL_DRIVER -DSTM32F103xB -c -I../Core/Inc -I../Drivers/STM32F1xx_HAL_Driver/Inc/Legacy -I../Drivers/STM32F1xx_HAL_Driver/Inc -I../Drivers/CMSIS/Device/ST/STM32F1xx/Include -I../Drivers/CMSIS/Include -O0 -ffunction-sections -fdata-sections -Wall -fstack-usage -fcyclomatic-complexity -MMD -MP -MF"Core/Src/main.d" -MT"Core/Src/main.o" --specs=nano.specs -mfloat-abi=soft -mthumb -o "Core/Src/main.o"
../Core/Src/main.c: In function 'main':
../Core/Src/main.c:185:51: warning: format '%d' expects argument of type 'int', but argument 3 has type 'uint32_t' {aka 'long unsigned int'} [-Wformat=]
  185 |                   sprintf(message, "Hello World! %d", ((TIM2->CNT))>>2);
[...]
Finished building: default.size.stdout
 
Finished building: Posuv.list
 
18:19:54 **** Incremental Build of configuration Debug for project Posuv ****
make -j16 all 
arm-none-eabi-gcc "../Core/Src/main.c" -mcpu=cortex-m3 -std=gnu11 -g3 -DDEBUG -DUSE_HAL_DRIVER -DSTM32F103xB -c -I../Core/Inc -I../Drivers/STM32F1xx_HAL_Driver/Inc/Legacy -I../Drivers/STM32F1xx_HAL_Driver/Inc -I../Drivers/CMSIS/Device/ST/STM32F1xx/Include -I../Drivers/CMSIS/Include -O0 -ffunction-sections -fdata-sections -Wall -fstack-usage -fcyclomatic-complexity -MMD -MP -MF"Core/Src/main.d" -MT"Core/Src/main.o" --specs=nano.specs -mfloat-abi=soft -mthumb -o "Core/Src/main.o"
arm-none-eabi-gcc -o "Posuv.elf" @"objects.list"   -mcpu=cortex-m3 -T"/home/vakhaib/Desktop/aplikace/Strojni_posuv/Firmware/Posuv/STM32F103RBTX_FLASH.ld" --specs=nosys.specs -Wl,-Map="Posuv.map" -Wl,--gc-sections -static --specs=nano.specs -mfloat-abi=soft -mthumb -Wl,--start-group -lc -lm -Wl,--end-group
Finished building target: Posuv.elf
 
arm-none-eabi-size  Posuv.elf 
arm-none-eabi-objdump -h -S Posuv.elf  > "Posuv.list"
   text	   data	    bss	    dec	    hex	filename
   9440	     12	   1884	  11336	   2c48	Posuv.elf
Finished building: default.size.stdout
 
Finished building: Posuv.list
 
21:41:03 **** Incremental Build of configuration Debug for project Posuv ****
make -j16 all 
arm-none-eabi-gcc "../Core/Src/main.c" -mcpu=cortex-m3 -std=gnu11 -g3 -DDEBUG -DUSE_HAL_DRIVER -DSTM32F103xB -c -I../Core/Inc -I../Drivers/STM32F1xx_HAL_Driver/Inc/Legacy -I../Drivers/STM32F1xx_HAL_Driver/Inc -I../Drivers/CMSIS/Device/ST/STM32F1xx/Include -I../Drivers/CMSIS/Include -O0 -ffunction-sections -fdata-sections -Wall -fstack-usage -fcyclomatic-complexity -MMD -MP -MF"Core/Src/main.d" -MT"Core/Src/main.o" --specs=nano.specs -mfloat-abi=soft -mthumb -o "Core/Src/main.o"
arm-none-eabi-gcc -o "Posuv.elf" @"objects.list"   -mcpu=cortex-m3 -T"/home/vakhaib/Desktop/aplikace/Strojni_posuv/Firmware/Posuv/STM32F103RBTX_FLASH.ld" --specs=nosys.specs -Wl,-Map="Posuv.map" -Wl,--gc-sections -static --specs=nano.specs -mfloat-abi=soft -mthumb -Wl,--start-group -lc -lm -Wl,--end-group
Finished building target: Posuv.elf
 
arm-none-eabi-size  Posuv.elf 
arm-none-eabi-objdump -h -S Posuv.elf  > "Posuv.list"
   text	   data	    bss	    dec	    hex	filename
   9440	     12	   1884	  11336	   2c48	Posuv.elf
Finished building: default.size.stdout
 
Finished building: Posuv.list
 
21:42:05 **** Incremental Build of configuration Debug for project Posuv ****
make -j16 all 
arm-none-eabi-gcc "../Core/Src/main.c" -mcpu=cortex-m3 -std=gnu11 -g3 -DDEBUG -DUSE_HAL_DRIVER -DSTM32F103xB -c -I../Core/Inc -I../Drivers/STM32F1xx_HAL_Driver/Inc/Legacy -I../Drivers/STM32F1xx_HAL_Driver/Inc -I../Drivers/CMSIS/Device/ST/STM32F1xx/Include -I../Drivers/CMSIS/Include -O0 -ffunction-sections -fdata-sections -Wall -fstack-usage -fcyclomatic-complexity -MMD -MP -MF"Core/Src/main.d" -MT"Core/Src/main.o" --specs=nano.specs -mfloat-abi=soft -mthumb -o "Core/Src/main.o"
arm-none-eabi-gcc -o "Posuv.elf" @"objects.list"   -mcpu=cortex-m3 -T"/home/vakhaib/Desktop/aplikace/Strojni_posuv/Firmware/Posuv/STM32F103RBTX_FLASH.ld" --specs=nosys.specs -Wl,-Map="Posuv.map" -Wl,--gc-sections -static --specs=nano.specs -mfloat-abi=soft -mthumb -Wl,--start-group -lc -lm -Wl,--end-group
Finished building target: Posuv.elf
 
arm-none-eabi-size  Posuv.elf 
arm-none-eabi-objdump -h -S Posuv.elf  > "Posuv.list"
   text	   data	    bss	    dec	    hex	filename
   9440	     12	   1884	  11336	   2c48	Posuv.elf
Finished building: default.size.stdout
 
Finished building: Posuv.list
 
21:43:14 **** Incremental Build of configuration Debug for project Posuv ****
make -j16 all 
arm-none-eabi-gcc "../Core/Src/main.c" -mcpu=cortex-m3 -std=gnu11 -g3 -DDEBUG -DUSE_HAL_DRIVER -DSTM32F103xB -c -I../Core/Inc -I../Drivers/STM32F1xx_HAL_Driver/Inc/Legacy -I../Drivers/STM32F1xx_HAL_Driver/Inc -I../Drivers/CMSIS/Device/ST/STM32F1xx/Include -I../Drivers/CMSIS/Include -O0 -ffunction-sections -fdata-sections -Wall -fstack-usage -fcyclomatic-complexity -MMD -MP -MF"Core/Src/main.d" -MT"Core/Src/main.o" --specs=nano.specs -mfloat-abi=soft -mthumb -o "Core/Src/main.o"
arm-none-eabi-gcc -o "Posuv.elf" @"objects.list"   -mcpu=cortex-m3 -T"/home/vakhaib/Desktop/aplikace/Strojni_posuv/Firmware/Posuv/STM32F103RBTX_FLASH.ld" --specs=nosys.specs -Wl,-Map="Posuv.map" -Wl,--gc-sections -static --specs=nano.specs -mfloat-abi=soft -mthumb -Wl,--start-group -lc -lm -Wl,--end-group
Finished building target: Posuv.elf
 
arm-none-eabi-size  Posuv.elf 
arm-none-eabi-objdump -h -S Posuv.elf  > "Posuv.list"
   text	   data	    bss	    dec	    hex	filename
   9488	     12	   1884	  11384	   2c78	Posuv.elf
Finished building: default.size.stdout
 
Finished building: Posuv.list
 
21:44:39 **** Incremental Build of configuration Debug for project Posuv ****
make -j16 all 
arm-none-eabi-gcc "../Core/Src/main.c" -mcpu=cortex-m3 -std=gnu11 -g3 -DDEBUG -DUSE_HAL_DRIVER -DSTM32F103xB -c -I../Core/Inc -I../Drivers/STM32F1xx_HAL_Driver/Inc/Legacy -I../Drivers/STM32F1xx_HAL_Driver/Inc -I../Drivers/CMSIS/Device/ST/STM32F1xx/Include -I../Drivers/CMSIS/Include -O0 -ffunction-sections -fdata-sections -Wall -fstack-usage -fcyclomatic-complexity -MMD -MP -MF"Core/Src/main.d" -MT"Core/Src/main.o" --specs=nano.specs -mfloat-abi=soft -mthumb -o "Core/Src/main.o"
arm-none-eabi-gcc -o "Posuv.elf" @"objects.list"   -mcpu=cortex-m3 -T"/home/vakhaib/Desktop/aplikace/Strojni_posuv/Firmware/Posuv/STM32F103RBTX_FLASH.ld" --specs=nosys.specs -Wl,-Map="Posuv.map" -Wl,--gc-sections -static --specs=nano.specs -mfloat-abi=soft -mthumb -Wl,--start-group -lc -lm -Wl,--end-group
Finished building target: Posuv.elf
 
arm-none-eabi-size  Posuv.elf 
arm-none-eabi-objdump -h -S Posuv.elf  > "Posuv.list"
   text	   data	    bss	    dec	    hex	filename
   9592	     12	   1884	  11488	   2ce0	Posuv.elf
Finished building: default.size.stdout
 
Finished building: Posuv.list
 
21:45:08 **** Incremental Build of configuration Debug for project Posuv ****
make -j16 all 
arm-none-eabi-gcc "../Core/Src/main.c" -mcpu=cortex-m3 -std=gnu11 -g3 -DDEBUG -DUSE_HAL_DRIVER -DSTM32F103xB -c -I../Core/Inc -I../Drivers/STM32F1xx_HAL_Driver/Inc/Legacy -I../Drivers/STM32F1xx_HAL_Driver/Inc -I../Drivers/CMSIS/Device/ST/STM32F1xx/Include -I../Drivers/CMSIS/Include -O0 -ffunction-sections -fdata-sections -Wall -fstack-usage -fcyclomatic-complexity -MMD -MP -MF"Core/Src/main.d" -MT"Core/Src/main.o" --specs=nano.specs -mfloat-abi=soft -mthumb -o "Core/Src/main.o"
arm-none-eabi-gcc -o "Posuv.elf" @"objects.list"   -mcpu=cortex-m3 -T"/home/vakhaib/Desktop/aplikace/Strojni_posuv/Firmware/Posuv/STM32F103RBTX_FLASH.ld" --specs=nosys.specs -Wl,-Map="Posuv.map" -Wl,--gc-sections -static --specs=nano.specs -mfloat-abi=soft -mthumb -Wl,--start-group -lc -lm -Wl,--end-group
Finished building target: Posuv.elf
 
arm-none-eabi-size  Posuv.elf 
arm-none-eabi-objdump -h -S Posuv.elf  > "Posuv.list"
   text	   data	    bss	    dec	    hex	filename
   9600	     12	   1884	  11496	   2ce8	Posuv.elf
Finished building: default.size.stdout
 
Finished building: Posuv.list
 
21:45:47 **** Incremental Build of configuration Debug for project Posuv ****
make -j16 all 
arm-none-eabi-gcc "../Core/Src/main.c" -mcpu=cortex-m3 -std=gnu11 -g3 -DDEBUG -DUSE_HAL_DRIVER -DSTM32F103xB -c -I../Core/Inc -I../Drivers/STM32F1xx_HAL_Driver/Inc/Legacy -I../Drivers/STM32F1xx_HAL_Driver/Inc -I../Drivers/CMSIS/Device/ST/STM32F1xx/Include -I../Drivers/CMSIS/Include -O0 -ffunction-sections -fdata-sections -Wall -fstack-usage -fcyclomatic-complexity -MMD -MP -MF"Core/Src/main.d" -MT"Core/Src/main.o" --specs=nano.specs -mfloat-abi=soft -mthumb -o "Core/Src/main.o"
arm-none-eabi-gcc -o "Posuv.elf" @"objects.list"   -mcpu=cortex-m3 -T"/home/vakhaib/Desktop/aplikace/Strojni_posuv/Firmware/Posuv/STM32F103RBTX_FLASH.ld" --specs=nosys.specs -Wl,-Map="Posuv.map" -Wl,--gc-sections -static --specs=nano.specs -mfloat-abi=soft -mthumb -Wl,--start-group -lc -lm -Wl,--end-group
Finished building target: Posuv.elf
 
arm-none-eabi-size  Posuv.elf 
arm-none-eabi-objdump -h -S Posuv.elf  > "Posuv.list"
   text	   data	    bss	    dec	    hex	filename
   9600	     12	   1884	  11496	   2ce8	Posuv.elf
Finished building: default.size.stdout
 
Finished building: Posuv.list
 
21:46:23 **** Incremental Build of configuration Debug for project Posuv ****
make -j16 all 
arm-none-eabi-gcc "../Core/Src/main.c" -mcpu=cortex-m3 -std=gnu11 -g3 -DDEBUG -DUSE_HAL_DRIVER -DSTM32F103xB -c -I../Core/Inc -I../Drivers/STM32F1xx_HAL_Driver/Inc/Legacy -I../Drivers/STM32F1xx_HAL_Driver/Inc -I../Drivers/CMSIS/Device/ST/STM32F1xx/Include -I../Drivers/CMSIS/Include -O0 -ffunction-sections -fdata-sections -Wall -fstack-usage -fcyclomatic-complexity -MMD -MP -MF"Core/Src/main.d" -MT"Core/Src/main.o" --specs=nano.specs -mfloat-abi=soft -mthumb -o "Core/Src/main.o"
arm-none-eabi-gcc -o "Posuv.elf" @"objects.list"   -mcpu=cortex-m3 -T"/home/vakhaib/Desktop/aplikace/Strojni_posuv/Firmware/Posuv/STM32F103RBTX_FLASH.ld" --specs=nosys.specs -Wl,-Map="Posuv.map" -Wl,--gc-sections -static --specs=nano.specs -mfloat-abi=soft -mthumb -Wl,--start-group -lc -lm -Wl,--end-group
Finished building target: Posuv.elf
 
arm-none-eabi-size  Posuv.elf 
arm-none-eabi-objdump -h -S Posuv.elf  > "Posuv.list"
   text	   data	    bss	    dec	    hex	filename
   9596	     12	   1884	  11492	   2ce4	Posuv.elf
Finished building: default.size.stdout
 
Finished building: Posuv.list
 
21:46:54 **** Incremental Build of configuration Debug for project Posuv ****
make -j16 all 
arm-none-eabi-gcc "../Core/Src/main.c" -mcpu=cortex-m3 -std=gnu11 -g3 -DDEBUG -DUSE_HAL_DRIVER -DSTM32F103xB -c -I../Core/Inc -I../Drivers/STM32F1xx_HAL_Driver/Inc/Legacy -I../Drivers/STM32F1xx_HAL_Driver/Inc -I../Drivers/CMSIS/Device/ST/STM32F1xx/Include -I../Drivers/CMSIS/Include -O0 -ffunction-sections -fdata-sections -Wall -fstack-usage -fcyclomatic-complexity -MMD -MP -MF"Core/Src/main.d" -MT"Core/Src/main.o" --specs=nano.specs -mfloat-abi=soft -mthumb -o "Core/Src/main.o"
arm-none-eabi-gcc -o "Posuv.elf" @"objects.list"   -mcpu=cortex-m3 -T"/home/vakhaib/Desktop/aplikace/Strojni_posuv/Firmware/Posuv/STM32F103RBTX_FLASH.ld" --specs=nosys.specs -Wl,-Map="Posuv.map" -Wl,--gc-sections -static --specs=nano.specs -mfloat-abi=soft -mthumb -Wl,--start-group -lc -lm -Wl,--end-group
Finished building target: Posuv.elf
 
arm-none-eabi-size  Posuv.elf 
arm-none-eabi-objdump -h -S Posuv.elf  > "Posuv.list"
   text	   data	    bss	    dec	    hex	filename
   9596	     12	   1884	  11492	   2ce4	Posuv.elf
Finished building: default.size.stdout
 
Finished building: Posuv.list
 
21:47:15 **** Incremental Build of configuration Debug for project Posuv ****
make -j16 all 
arm-none-eabi-gcc "../Core/Src/main.c" -mcpu=cortex-m3 -std=gnu11 -g3 -DDEBUG -DUSE_HAL_DRIVER -DSTM32F103xB -c -I../Core/Inc -I../Drivers/STM32F1xx_HAL_Driver/Inc/Legacy -I../Drivers/STM32F1xx_HAL_Driver/Inc -I../Drivers/CMSIS/Device/ST/STM32F1xx/Include -I../Drivers/CMSIS/Include -O0 -ffunction-sections -fdata-sections -Wall -fstack-usage -fcyclomatic-complexity -MMD -MP -MF"Core/Src/main.d" -MT"Core/Src/main.o" --specs=nano.specs -mfloat-abi=soft -mthumb -o "Core/Src/main.o"
arm-none-eabi-gcc -o "Posuv.elf" @"objects.list"   -mcpu=cortex-m3 -T"/home/vakhaib/Desktop/aplikace/Strojni_posuv/Firmware/Posuv/STM32F103RBTX_FLASH.ld" --specs=nosys.specs -Wl,-Map="Posuv.map" -Wl,--gc-sections -static --specs=nano.specs -mfloat-abi=soft -mthumb -Wl,--start-group -lc -lm -Wl,--end-group
Finished building target: Posuv.elf
 
arm-none-eabi-size  Posuv.elf 
arm-none-eabi-objdump -h -S Posuv.elf  > "Posuv.list"
   text	   data	    bss	    dec	    hex	filename
   9596	     12	   1884	  11492	   2ce4	Posuv.elf
Finished building: default.size.stdout
 
Finished building: Posuv.list
 
21:47:40 **** Incremental Build of configuration Debug for project Posuv ****
make -j16 all 
arm-none-eabi-gcc "../Core/Src/main.c" -mcpu=cortex-m3 -std=gnu11 -g3 -DDEBUG -DUSE_HAL_DRIVER -DSTM32F103xB -c -I../Core/Inc -I../Drivers/STM32F1xx_HAL_Driver/Inc/Legacy -I../Drivers/STM32F1xx_HAL_Driver/Inc -I../Drivers/CMSIS/Device/ST/STM32F1xx/Include -I../Drivers/CMSIS/Include -O0 -ffunction-sections -fdata-sections -Wall -fstack-usage -fcyclomatic-complexity -MMD -MP -MF"Core/Src/main.d" -MT"Core/Src/main.o" --specs=nano.specs -mfloat-abi=soft -mthumb -o "Core/Src/main.o"
arm-none-eabi-gcc -o "Posuv.elf" @"objects.list"   -mcpu=cortex-m3 -T"/home/vakhaib/Desktop/aplikace/Strojni_posuv/Firmware/Posuv/STM32F103RBTX_FLASH.ld" --specs=nosys.specs -Wl,-Map="Posuv.map" -Wl,--gc-sections -static --specs=nano.specs -mfloat-abi=soft -mthumb -Wl,--start-group -lc -lm -Wl,--end-group
Finished building target: Posuv.elf
 
arm-none-eabi-size  Posuv.elf 
arm-none-eabi-objdump -h -S Posuv.elf  > "Posuv.list"
   text	   data	    bss	    dec	    hex	filename
   9572	     12	   1884	  11468	   2ccc	Posuv.elf
Finished building: default.size.stdout
 
Finished building: Posuv.list
 
14:34:05 **** Incremental Build of configuration Debug for project Posuv ****
make -j16 all 
arm-none-eabi-gcc "../Core/Src/main.c" -mcpu=cortex-m3 -std=gnu11 -g3 -DDEBUG -DUSE_HAL_DRIVER -DSTM32F103xB -c -I../Core/Inc -I../Drivers/STM32F1xx_HAL_Driver/Inc/Legacy -I../Drivers/STM32F1xx_HAL_Driver/Inc -I../Drivers/CMSIS/Device/ST/STM32F1xx/Include -I../Drivers/CMSIS/Include -O0 -ffunction-sections -fdata-sections -Wall -fstack-usage -fcyclomatic-complexity -MMD -MP -MF"Core/Src/main.d" -MT"Core/Src/main.o" --specs=nano.specs -mfloat-abi=soft -mthumb -o "Core/Src/main.o"
arm-none-eabi-gcc -o "Posuv.elf" @"objects.list"   -mcpu=cortex-m3 -T"/home/vakhaib/Desktop/aplikace/Strojni_posuv/Firmware/Posuv/STM32F103RBTX_FLASH.ld" --specs=nosys.specs -Wl,-Map="Posuv.map" -Wl,--gc-sections -static --specs=nano.specs -mfloat-abi=soft -mthumb -Wl,--start-group -lc -lm -Wl,--end-group
Finished building target: Posuv.elf
 
arm-none-eabi-size  Posuv.elf 
arm-none-eabi-objdump -h -S Posuv.elf  > "Posuv.list"
   text	   data	    bss	    dec	    hex	filename
   9592	     12	   1884	  11488	   2ce0	Posuv.elf
Finished building: default.size.stdout
 
Finished building: Posuv.list
 
14:34:37 **** Incremental Build of configuration Debug for project Posuv ****
make -j16 all 
arm-none-eabi-size  Posuv.elf 
   text	   data	    bss	    dec	    hex	filename
   9592	     12	   1884	  11488	   2ce0	Posuv.elf
Finished building: default.size.stdout
 
14:36:06 **** Incremental Build of configuration Debug for project Posuv ****
make -j16 all 
arm-none-eabi-size  Posuv.elf 
   text	   data	    bss	    dec	    hex	filename
   9592	     12	   1884	  11488	   2ce0	Posuv.elf
Finished building: default.size.stdout
 
14:37:06 **** Incremental Build of configuration Debug for project Posuv ****
make -j16 all 
arm-none-eabi-size  Posuv.elf 
   text	   data	    bss	    dec	    hex	filename
   9592	     12	   1884	  11488	   2ce0	Posuv.elf
Finished building: default.size.stdout
 
14:37:23 **** Incremental Build of configuration Debug for project Posuv ****
make -j16 all 
arm-none-eabi-size  Posuv.elf 
   text	   data	    bss	    dec	    hex	filename
   9592	     12	   1884	  11488	   2ce0	Posuv.elf
Finished building: default.size.stdout
 
14:38:05 **** Incremental Build of configuration Debug for project Posuv ****
make -j16 all 
arm-none-eabi-gcc "../Core/Src/main.c" -mcpu=cortex-m3 -std=gnu11 -g3 -DDEBUG -DUSE_HAL_DRIVER -DSTM32F103xB -c -I../Core/Inc -I../Drivers/STM32F1xx_HAL_Driver/Inc/Legacy -I../Drivers/STM32F1xx_HAL_Driver/Inc -I../Drivers/CMSIS/Device/ST/STM32F1xx/Include -I../Drivers/CMSIS/Include -O0 -ffunction-sections -fdata-sections -Wall -fstack-usage -fcyclomatic-complexity -MMD -MP -MF"Core/Src/main.d" -MT"Core/Src/main.o" --specs=nano.specs -mfloat-abi=soft -mthumb -o "Core/Src/main.o"
arm-none-eabi-gcc -o "Posuv.elf" @"objects.list"   -mcpu=cortex-m3 -T"/home/vakhaib/Desktop/aplikace/Strojni_posuv/Firmware/Posuv/STM32F103RBTX_FLASH.ld" --specs=nosys.specs -Wl,-Map="Posuv.map" -Wl,--gc-sections -static --specs=nano.specs -mfloat-abi=soft -mthumb -Wl,--start-group -lc -lm -Wl,--end-group
Finished building target: Posuv.elf
 
arm-none-eabi-size  Posuv.elf 
arm-none-eabi-objdump -h -S Posuv.elf  > "Posuv.list"
   text	   data	    bss	    dec	    hex	filename
   9592	     12	   1884	  11488	   2ce0	Posuv.elf
Finished building: default.size.stdout
 
Finished building: Posuv.list
 
14:38:48 **** Incremental Build of configuration Debug for project Posuv ****
make -j16 all 
arm-none-eabi-gcc "../Core/Src/main.c" -mcpu=cortex-m3 -std=gnu11 -g3 -DDEBUG -DUSE_HAL_DRIVER -DSTM32F103xB -c -I../Core/Inc -I../Drivers/STM32F1xx_HAL_Driver/Inc/Legacy -I../Drivers/STM32F1xx_HAL_Driver/Inc -I../Drivers/CMSIS/Device/ST/STM32F1xx/Include -I../Drivers/CMSIS/Include -O0 -ffunction-sections -fdata-sections -Wall -fstack-usage -fcyclomatic-complexity -MMD -MP -MF"Core/Src/main.d" -MT"Core/Src/main.o" --specs=nano.specs -mfloat-abi=soft -mthumb -o "Core/Src/main.o"
arm-none-eabi-gcc -o "Posuv.elf" @"objects.list"   -mcpu=cortex-m3 -T"/home/vakhaib/Desktop/aplikace/Strojni_posuv/Firmware/Posuv/STM32F103RBTX_FLASH.ld" --specs=nosys.specs -Wl,-Map="Posuv.map" -Wl,--gc-sections -static --specs=nano.specs -mfloat-abi=soft -mthumb -Wl,--start-group -lc -lm -Wl,--end-group
Finished building target: Posuv.elf
 
arm-none-eabi-size  Posuv.elf 
arm-none-eabi-objdump -h -S Posuv.elf  > "Posuv.list"
   text	   data	    bss	    dec	    hex	filename
   9592	     12	   1884	  11488	   2ce0	Posuv.elf
Finished building: default.size.stdout
 
Finished building: Posuv.list
 
15:55:32 **** Build of configuration Debug for project Posuv ****
make -j16 all 
arm-none-eabi-gcc "../Core/Src/main.c" -mcpu=cortex-m3 -std=gnu11 -g3 -DDEBUG -DUSE_HAL_DRIVER -DSTM32F103xB -c -I../Core/Inc -I../Drivers/STM32F1xx_HAL_Driver/Inc/Legacy -I../Drivers/STM32F1xx_HAL_Driver/Inc -I../Drivers/CMSIS/Device/ST/STM32F1xx/Include -I../Drivers/CMSIS/Include -O0 -ffunction-sections -fdata-sections -Wall -fstack-usage -fcyclomatic-complexity -MMD -MP -MF"Core/Src/main.d" -MT"Core/Src/main.o" --specs=nano.specs -mfloat-abi=soft -mthumb -o "Core/Src/main.o"
arm-none-eabi-gcc -o "Posuv.elf" @"objects.list"   -mcpu=cortex-m3 -T"/home/vakhaib/Desktop/aplikace/Strojni_posuv/Firmware/Posuv/STM32F103RBTX_FLASH.ld" --specs=nosys.specs -Wl,-Map="Posuv.map" -Wl,--gc-sections -static --specs=nano.specs -mfloat-abi=soft -mthumb -Wl,--start-group -lc -lm -Wl,--end-group
Finished building target: Posuv.elf
 
arm-none-eabi-size  Posuv.elf 
arm-none-eabi-objdump -h -S Posuv.elf  > "Posuv.list"
   text	   data	    bss	    dec	    hex	filename
   9612	     16	   1880	  11508	   2cf4	Posuv.elf
Finished building: default.size.stdout
 
Finished building: Posuv.list
 
22:42:48 **** Incremental Build of configuration Debug for project Posuv ****
make -j16 all 
arm-none-eabi-gcc "../Core/Src/main.c" -mcpu=cortex-m3 -std=gnu11 -g3 -DDEBUG -DUSE_HAL_DRIVER -DSTM32F103xB -c -I../Core/Inc -I../Drivers/STM32F1xx_HAL_Driver/Inc/Legacy -I../Drivers/STM32F1xx_HAL_Driver/Inc -I../Drivers/CMSIS/Device/ST/STM32F1xx/Include -I../Drivers/CMSIS/Include -O0 -ffunction-sections -fdata-sections -Wall -fstack-usage -fcyclomatic-complexity -MMD -MP -MF"Core/Src/main.d" -MT"Core/Src/main.o" --specs=nano.specs -mfloat-abi=soft -mthumb -o "Core/Src/main.o"
arm-none-eabi-gcc -o "Posuv.elf" @"objects.list"   -mcpu=cortex-m3 -T"/home/vakhaib/Desktop/aplikace/Strojni_posuv/Firmware/Posuv/STM32F103RBTX_FLASH.ld" --specs=nosys.specs -Wl,-Map="Posuv.map" -Wl,--gc-sections -static --specs=nano.specs -mfloat-abi=soft -mthumb -Wl,--start-group -lc -lm -Wl,--end-group
Finished building target: Posuv.elf
 
arm-none-eabi-size  Posuv.elf 
arm-none-eabi-objdump -h -S Posuv.elf  > "Posuv.list"
   text	   data	    bss	    dec	    hex	filename
   9612	     16	   1880	  11508	   2cf4	Posuv.elf
Finished building: default.size.stdout
 
Finished building: Posuv.list
 
